Archive member included because of file (symbol)

e:/programme/atmel/atmel toolchain/avr32 gcc/native/3.4.1067/avr32-gnu-toolchain/bin/../lib/gcc/avr32/4.4.7/ucr1\libstdc++.a(del_op.o)
                              Antrieb/Motor.o (operator delete(void*))
e:/programme/atmel/atmel toolchain/avr32 gcc/native/3.4.1067/avr32-gnu-toolchain/bin/../lib/gcc/avr32/4.4.7/ucr1\libstdc++.a(new_op.o)
                              Antrieb/Motor.o (operator new(unsigned long))
e:/programme/atmel/atmel toolchain/avr32 gcc/native/3.4.1067/avr32-gnu-toolchain/bin/../lib/gcc/avr32/4.4.7/ucr1\libstdc++.a(new_handler.o)
                              e:/programme/atmel/atmel toolchain/avr32 gcc/native/3.4.1067/avr32-gnu-toolchain/bin/../lib/gcc/avr32/4.4.7/ucr1\libstdc++.a(new_op.o) (std::bad_alloc::~bad_alloc())
e:/programme/atmel/atmel toolchain/avr32 gcc/native/3.4.1067/avr32-gnu-toolchain/bin/../lib/gcc/avr32/4.4.7/ucr1\libstdc++.a(eh_alloc.o)
                              e:/programme/atmel/atmel toolchain/avr32 gcc/native/3.4.1067/avr32-gnu-toolchain/bin/../lib/gcc/avr32/4.4.7/ucr1\libstdc++.a(new_op.o) (__cxa_allocate_exception)
e:/programme/atmel/atmel toolchain/avr32 gcc/native/3.4.1067/avr32-gnu-toolchain/bin/../lib/gcc/avr32/4.4.7/ucr1\libstdc++.a(si_class_type_info.o)
                              e:/programme/atmel/atmel toolchain/avr32 gcc/native/3.4.1067/avr32-gnu-toolchain/bin/../lib/gcc/avr32/4.4.7/ucr1\libstdc++.a(new_handler.o) (vtable for __cxxabiv1::__si_class_type_info)
e:/programme/atmel/atmel toolchain/avr32 gcc/native/3.4.1067/avr32-gnu-toolchain/bin/../lib/gcc/avr32/4.4.7/ucr1\libstdc++.a(eh_throw.o)
                              e:/programme/atmel/atmel toolchain/avr32 gcc/native/3.4.1067/avr32-gnu-toolchain/bin/../lib/gcc/avr32/4.4.7/ucr1\libstdc++.a(new_op.o) (__cxa_throw)
e:/programme/atmel/atmel toolchain/avr32 gcc/native/3.4.1067/avr32-gnu-toolchain/bin/../lib/gcc/avr32/4.4.7/ucr1\libstdc++.a(eh_personality.o)
                              DebugMode/DebugMode.o (__gxx_personality_sj0)
e:/programme/atmel/atmel toolchain/avr32 gcc/native/3.4.1067/avr32-gnu-toolchain/bin/../lib/gcc/avr32/4.4.7/ucr1\libstdc++.a(eh_unex_handler.o)
                              e:/programme/atmel/atmel toolchain/avr32 gcc/native/3.4.1067/avr32-gnu-toolchain/bin/../lib/gcc/avr32/4.4.7/ucr1\libstdc++.a(eh_throw.o) (__cxxabiv1::__unexpected_handler)
e:/programme/atmel/atmel toolchain/avr32 gcc/native/3.4.1067/avr32-gnu-toolchain/bin/../lib/gcc/avr32/4.4.7/ucr1\libstdc++.a(eh_exception.o)
                              e:/programme/atmel/atmel toolchain/avr32 gcc/native/3.4.1067/avr32-gnu-toolchain/bin/../lib/gcc/avr32/4.4.7/ucr1\libstdc++.a(new_handler.o) (std::exception::~exception())
e:/programme/atmel/atmel toolchain/avr32 gcc/native/3.4.1067/avr32-gnu-toolchain/bin/../lib/gcc/avr32/4.4.7/ucr1\libstdc++.a(eh_globals.o)
                              e:/programme/atmel/atmel toolchain/avr32 gcc/native/3.4.1067/avr32-gnu-toolchain/bin/../lib/gcc/avr32/4.4.7/ucr1\libstdc++.a(eh_personality.o) (__cxa_get_globals_fast)
e:/programme/atmel/atmel toolchain/avr32 gcc/native/3.4.1067/avr32-gnu-toolchain/bin/../lib/gcc/avr32/4.4.7/ucr1\libstdc++.a(eh_terminate.o)
                              e:/programme/atmel/atmel toolchain/avr32 gcc/native/3.4.1067/avr32-gnu-toolchain/bin/../lib/gcc/avr32/4.4.7/ucr1\libstdc++.a(eh_throw.o) (__cxxabiv1::__terminate(void (*)()))
e:/programme/atmel/atmel toolchain/avr32 gcc/native/3.4.1067/avr32-gnu-toolchain/bin/../lib/gcc/avr32/4.4.7/ucr1\libstdc++.a(eh_call.o)
                              e:/programme/atmel/atmel toolchain/avr32 gcc/native/3.4.1067/avr32-gnu-toolchain/bin/../lib/gcc/avr32/4.4.7/ucr1\libstdc++.a(eh_personality.o) (__cxa_call_terminate)
e:/programme/atmel/atmel toolchain/avr32 gcc/native/3.4.1067/avr32-gnu-toolchain/bin/../lib/gcc/avr32/4.4.7/ucr1\libstdc++.a(pure.o)
                              e:/programme/atmel/atmel toolchain/avr32 gcc/native/3.4.1067/avr32-gnu-toolchain/bin/../lib/gcc/avr32/4.4.7/ucr1\libstdc++.a(eh_exception.o) (__cxa_pure_virtual)
e:/programme/atmel/atmel toolchain/avr32 gcc/native/3.4.1067/avr32-gnu-toolchain/bin/../lib/gcc/avr32/4.4.7/ucr1\libstdc++.a(eh_term_handler.o)
                              e:/programme/atmel/atmel toolchain/avr32 gcc/native/3.4.1067/avr32-gnu-toolchain/bin/../lib/gcc/avr32/4.4.7/ucr1\libstdc++.a(eh_throw.o) (__cxxabiv1::__terminate_handler)
e:/programme/atmel/atmel toolchain/avr32 gcc/native/3.4.1067/avr32-gnu-toolchain/bin/../lib/gcc/avr32/4.4.7/ucr1\libstdc++.a(eh_catch.o)
                              e:/programme/atmel/atmel toolchain/avr32 gcc/native/3.4.1067/avr32-gnu-toolchain/bin/../lib/gcc/avr32/4.4.7/ucr1\libstdc++.a(eh_personality.o) (__cxa_end_catch)
e:/programme/atmel/atmel toolchain/avr32 gcc/native/3.4.1067/avr32-gnu-toolchain/bin/../lib/gcc/avr32/4.4.7/ucr1\libstdc++.a(tinfo.o)
[...]
Memory Configuration

Name             Origin             Length             Attributes
FLASH            0x80000000         0x00040000         axrl !w
CPUSRAM          0x00000004         0x00007ffc         axw !rl
USERPAGE         0x80800000         0x00000200
FACTORYPAGE      0x80800200         0x00000200
*default*        0x00000000         0xffffffff

Linker script and memory map

                0x00001000                _stack_size = 0x1000
LOAD DebugMode/DebugMode.o
LOAD Segway/Segway.o
LOAD Sensor/ADC.o
LOAD Antrieb/Motor.o
LOAD assembler/exception.o
LOAD Configuration/Configuration.o
LOAD main.o
LOAD assembler/startup_uc3.o
LOAD assembler/trampoline_uc3.o
LOAD Antrieb/PWM.o
LOAD Sensor/ADCSensor.o
LOAD Sensor/GPIOSensor.o
LOAD Timer/Timer.o
LOAD UART/UART.o
START GROUP
END GROUP
LOAD e:/programme/atmel/atmel toolchain/avr32 gcc/native/3.4.1067/avr32-gnu-toolchain/bin/../lib/gcc/avr32/4.4.7/ucr1\libstdc++.a
LOAD e:/programme/atmel/atmel toolchain/avr32 gcc/native/3.4.1067/avr32-gnu-toolchain/bin/../lib/gcc/avr32/4.4.7/../../../../avr32/lib/ucr1\libm.a
LOAD e:/programme/atmel/atmel toolchain/avr32 gcc/native/3.4.1067/avr32-gnu-toolchain/bin/../lib/gcc/avr32/4.4.7/ucr1\libgcc.a
LOAD e:/programme/atmel/atmel toolchain/avr32 gcc/native/3.4.1067/avr32-gnu-toolchain/bin/../lib/gcc/avr32/4.4.7/../../../../avr32/lib/ucr1\libc.a
LOAD e:/programme/atmel/atmel toolchain/avr32 gcc/native/3.4.1067/avr32-gnu-toolchain/bin/../lib/gcc/avr32/4.4.7/ucr1\libgcc.a
                0x80000000                PROVIDE (__executable_start, 0x80000000)
                0x80000000                . = 0x80000000

.interp
 *(.interp)

.reset          0x80000000     0x2008
 *(.reset)
 .reset         0x80000000     0x2008 assembler/trampoline_uc3.o
                0x80000000                _trampoline

.hash
 *(.hash)

.dynsym
 *(.dynsym)

.dynstr
 *(.dynstr)

.gnu.version
 *(.gnu.version)

.gnu.version_d
 *(.gnu.version_d)

.gnu.version_r
 *(.gnu.version_r)

.rel.init
 *(.rel.init)

.rela.init
 *(.rela.init)

.rel.text
 *(.rel.text .rel.text.* .rel.gnu.linkonce.t.*)

.rela.text
 *(.rela.text .rela.text.* .rela.gnu.linkonce.t.*)

.rel.fini
 *(.rel.fini)

.rela.fini
 *(.rela.fini)

.rel.rodata
 *(.rel.rodata .rel.rodata.* .rel.gnu.linkonce.r.*)

.rela.rodata
 *(.rela.rodata .rela.rodata.* .rela.gnu.linkonce.r.*)

.rel.data.rel.ro
 *(.rel.data.rel.ro*)

.rela.data.rel.ro
 *(.rel.data.rel.ro*)

.rel.data
 *(.rel.data .rel.data.* .rel.gnu.linkonce.d.*)

.rela.data
 *(.rela.data .rela.data.* .rela.gnu.linkonce.d.*)

.rel.tdata
 *(.rel.tdata .rel.tdata.* .rel.gnu.linkonce.td.*)

.rela.tdata
 *(.rela.tdata .rela.tdata.* .rela.gnu.linkonce.td.*)

.rel.tbss
 *(.rel.tbss .rel.tbss.* .rel.gnu.linkonce.tb.*)

.rela.tbss
 *(.rela.tbss .rela.tbss.* .rela.gnu.linkonce.tb.*)

.rel.ctors
 *(.rel.ctors)

.rela.ctors
 *(.rela.ctors)

.rel.dtors
 *(.rel.dtors)

.rela.dtors
 *(.rela.dtors)

.rel.got
 *(.rel.got)

.rela.got       0x80002008        0x0
 *(.rela.got)
 .rela.got      0x80002008        0x0 e:/programme/atmel/atmel toolchain/avr32 gcc/native/3.4.1067/avr32-gnu-toolchain/bin/../lib/gcc/avr32/4.4.7/ucr1\libstdc++.a(new_op.o)

.rel.bss
 *(.rel.bss .rel.bss.* .rel.gnu.linkonce.b.*)

.rela.bss
 *(.rela.bss .rela.bss.* .rela.gnu.linkonce.b.*)

.rel.plt
 *(.rel.plt)

.rela.plt
 *(.rela.plt)

.init
 *(.init)

.plt
 *(.plt)

.text           0x80002008     0xcf52
 *(.text .stub .text.* .gnu.linkonce.t.*)
 .text          0x80002008       0xc0 Segway/Segway.o
                0x80002008                Segway::MYAVR32_GPIO_SIZE_PORT
                0x8000200c                Segway::MYAVR32_GPIO_OFFSET_GPER
                0x80002010                Segway::MYAVR32_GPIO_OFFSET_ODER
                0x80002014                Segway::MYAVR32_GPIO_OFFSET_OVR
                0x80002024                Segway::TIMER_DELTA_T_SECONDS
                0x80002028                Segway::ALGCFG_COMPL_FILTER_ACCELANGLE_FACTOR
                0x8000202c                Segway::MULTIPLEXSENSOR_BATTERYVOLTAGE_FACTOR_MV
                0x80002030                Segway::PWM_TO_DRIVESUM_FACTOR
                0x80002034                Segway::SPEEDLIMIT_START_DRIVESUM
                0x80002038                Segway::SPEEDLIMIT_END_DRIVESUM
 .text._ZN6Segway13timerFunctionEv
                0x800020c8      0x6b4 Segway/Segway.o
                0x800020c8                Segway::timerFunction()
 .text._ZN6Segway16expMovingAverageEffh
                0x8000277c       0x84 Segway/Segway.o
                0x8000277c                Segway::expMovingAverage(float, float, unsigned char)
 .text._ZN6Segway16limitSteeringPWMEll
                0x80002800      0x1a4 Segway/Segway.o
                0x80002800                Segway::limitSteeringPWM(long, long)
 .text._ZN6Segway14limitSpeedSoftEl
                0x800029a4      0x278 Segway/Segway.o
                0x800029a4                Segway::limitSpeedSoft(long)
 .text._ZN6Segway13setMotorSpeedEP5Motorl
                0x80002c1c       0x68 Segway/Segway.o
                0x80002c1c                Segway::setMotorSpeed(Motor*, long)
 .text._ZN6Segway14doBatteryCheckEv
                0x80002c84       0x78 Segway/Segway.o
                0x80002c84                Segway::doBatteryCheck()
 .text._ZN6Segway32setCurrentSteeringPositionAsZeroEv
                0x80002cfc       0x88 Segway/Segway.o
                0x80002cfc                Segway::setCurrentSteeringPositionAsZero()
 .text._ZN6Segway27setCurrentOrientationAsZeroEv
                0x80002d84       0x7c Segway/Segway.o
                0x80002d84                Segway::setCurrentOrientationAsZero()
 .text._ZN6Segway12displayErrorEh
                0x80002e00      0x188 Segway/Segway.o
                0x80002e00                Segway::displayError(unsigned char)
 .text._ZN6Segway12setStatusLEDEPN13Configuration11s_StatusLEDEb
                0x80002f88       0xa0 Segway/Segway.o
                0x80002f88                Segway::setStatusLED(Configuration::s_StatusLED*, bool)
 .text._ZN3ADC4initEv
                0x80003028       0x86 Sensor/ADC.o
                0x80003028                ADC::init()
 .text._ZN3ADC14cleanUpChannelEh
                0x800030ae       0x68 Sensor/ADC.o
                0x800030ae                ADC::cleanUpChannel(unsigned char)
 *fill*         0x80003116        0x2 d703d703
 .text._ZN5Motor8setSpeedEh
                0x80003118       0x34 Antrieb/Motor.o
                0x80003118                Motor::setSpeed(unsigned char)
 .text._ZN5Motor12setDirectionEb
                0x8000314c       0x72 Antrieb/Motor.o
                0x8000314c                Motor::setDirection(bool)
 *fill*         0x800031be        0x2 d703d703
 .text._ZN5Motor10setEnabledEb
                0x800031c0       0x80 Antrieb/Motor.o
                0x800031c0                Motor::setEnabled(bool)
 .text._ZN13Configuration4initEv
                0x80003240       0x7c Configuration/Configuration.o
                0x80003240                Configuration::init()
 .text._ZN13Configuration10init_TimerEv
                0x800032bc       0x20 Configuration/Configuration.o
                0x800032bc                Configuration::init_Timer()
 .text._ZN13Configuration8init_PWMEv
                0x800032dc       0x6c Configuration/Configuration.o
                0x800032dc                Configuration::init_PWM()
 .text._ZN13Configuration10init_MotorEv
                0x80003348       0x6c Configuration/Configuration.o
                0x80003348                Configuration::init_Motor()
 .text._ZN13Configuration12init_SensorsEv
                0x800033b4       0x4c Configuration/Configuration.o
                0x800033b4                Configuration::init_Sensors()
 .text._ZN13Configuration22init_Sensor_FootSwitchEv
                0x80003400       0x24 Configuration/Configuration.o
                0x80003400                Configuration::init_Sensor_FootSwitch()
 .text._ZN13Configuration36init_Sensor_OrientationAccelerometerEv
                0x80003424       0x54 Configuration/Configuration.o
                0x80003424                Configuration::init_Sensor_OrientationAccelerometer()
 .text._ZN13Configuration32init_Sensor_OrientationGyrometerEv
                0x80003478       0x54 Configuration/Configuration.o
                0x80003478                Configuration::init_Sensor_OrientationGyrometer()
 .text._ZN13Configuration41init_Sensor_OrientationGyrometerReferenceEv
                0x800034cc       0x54 Configuration/Configuration.o
                0x800034cc                Configuration::init_Sensor_OrientationGyrometerReference()
 .text._ZN13Configuration33init_Sensor_SteeringPotentiometerEv
                0x80003520       0x54 Configuration/Configuration.o
                0x80003520                Configuration::init_Sensor_SteeringPotentiometer()
 .text._ZN13Configuration26init_Sensor_BatteryVoltageEv
                0x80003574       0x54 Configuration/Configuration.o
                0x80003574                Configuration::init_Sensor_BatteryVoltage()
 .text._ZN13Configuration9init_UARTEv
                0x800035c8       0xd4 Configuration/Configuration.o
                0x800035c8                Configuration::init_UART()
 .text._ZN13Configuration15init_StatusLEDsEv
                0x8000369c       0x2c Configuration/Configuration.o
                0x8000369c                Configuration::init_StatusLEDs()
 .text._get_interrupt_handler
                0x800036c8       0x40 main.o
                0x800036c8                _get_interrupt_handler
 .text._Z17init_system_clockv
                0x80003708       0x74 main.o
                0x80003708                init_system_clock()
 .text._Z21init_interrupt_systemv
                0x8000377c       0x78 main.o
                0x8000377c                init_interrupt_system()
 .text.main     0x800037f4      0x130 main.o
                0x800037f4                main
 .text._stext   0x80003924       0x48 assembler/startup_uc3.o
                0x80003924                _stext
 .text._ZN3PWMC1Ev
                0x8000396c       0x12 Antrieb/PWM.o
                0x8000396c                PWM::PWM()
 *fill*         0x8000397e        0x2 d703d703
 .text._ZN3PWM4initEPN13Configuration11s_PWMConfigE
                0x80003980      0x1f0 Antrieb/PWM.o
                0x80003980                PWM::init(Configuration::s_PWMConfig*)
 .text._ZN3PWM18setChannelPWMRatioEhb
                0x80003b70       0x9a Antrieb/PWM.o
                0x80003b70                PWM::setChannelPWMRatio(unsigned char, bool)
 .text._ZN3PWM17setChannelEnabledEb
                0x80003c0a       0x6e Antrieb/PWM.o
                0x80003c0a                PWM::setChannelEnabled(bool)
 .text._ZN9ADCSensor15getIntegerValueEbm
                0x80003c78      0x2dc Sensor/ADCSensor.o
                0x80003c78                ADCSensor::getIntegerValue(bool, unsigned long)
 .text._ZN9ADCSensor13setZeroOffsetEbl
                0x80003f54       0x36 Sensor/ADCSensor.o
                0x80003f54                ADCSensor::setZeroOffset(bool, long)
 .text._ZN9ADCSensor21getZeroOffsetIsActiveEv
                0x80003f8a       0x1e Sensor/ADCSensor.o
                0x80003f8a                ADCSensor::getZeroOffsetIsActive()
 .text._ZN9ADCSensor13getZeroOffsetEv
                0x80003fa8       0x1c Sensor/ADCSensor.o
                0x80003fa8                ADCSensor::getZeroOffset()
 .text._ZN10GPIOSensor8getValueEv
                0x80003fc4       0x2e Sensor/GPIOSensor.o
                0x80003fc4                GPIOSensor::getValue()
 *fill*         0x80003ff2        0x2 d703d703
 .text._ZN5Timer18resetInterruptFlagEv
                0x80003ff4       0x14 Timer/Timer.o
                0x80003ff4                Timer::resetInterruptFlag()
 .text._ZdlPv   0x80004008       0x10 e:/programme/atmel/atmel toolchain/avr32 gcc/native/3.4.1067/avr32-gnu-toolchain/bin/../lib/gcc/avr32/4.4.7/ucr1\libstdc++.a(del_op.o)
                0x80004008                operator delete(void*)
 .text._Znwm    0x80004018       0xcc e:/programme/atmel/atmel toolchain/avr32 gcc/native/3.4.1067/avr32-gnu-toolchain/bin/../lib/gcc/avr32/4.4.7/ucr1\libstdc++.a(new_op.o)
                0x80004018                operator new(unsigned long)
 .text._ZNKSt9bad_alloc4whatEv
                0x800040e4        0x8 e:/programme/atmel/atmel toolchain/avr32 gcc/native/3.4.1067/avr32-gnu-toolchain/bin/../lib/gcc/avr32/4.4.7/ucr1\libstdc++.a(new_handler.o)
                0x800040e4                std::bad_alloc::what() const
 .text._ZNSt9bad_allocD1Ev
                0x800040ec       0x18 e:/programme/atmel/atmel toolchain/avr32 gcc/native/3.4.1067/avr32-gnu-toolchain/bin/../lib/gcc/avr32/4.4.7/ucr1\libstdc++.a(new_handler.o)
                0x800040ec                std::bad_alloc::~bad_alloc()
 .text._ZNSt9bad_allocD0Ev
                0x80004104       0x28 e:/programme/atmel/atmel toolchain/avr32 gcc/native/3.4.1067/avr32-gnu-toolchain/bin/../lib/gcc/avr32/4.4.7/ucr1\libstdc++.a(new_handler.o)
                0x80004104                std::bad_alloc::~bad_alloc()
 .text._GLOBAL__I___cxa_allocate_exception
                0x8000412c        0x2 e:/programme/atmel/atmel toolchain/avr32 gcc/native/3.4.1067/avr32-gnu-toolchain/bin/../lib/gcc/avr32/4.4.7/ucr1\libstdc++.a(eh_alloc.o)
 *fill*         0x8000412e        0x2 d703d703
 .text.__cxa_free_exception
                0x80004130       0x40 e:/programme/atmel/atmel toolchain/avr32 gcc/native/3.4.1067/avr32-gnu-toolchain/bin/../lib/gcc/avr32/4.4.7/ucr1\libstdc++.a(eh_alloc.o)
                0x80004130                __cxa_free_exception
 .text.__cxa_allocate_exception
                0x80004170      0x108 e:/programme/atmel/atmel toolchain/avr32 gcc/native/3.4.1067/avr32-gnu-toolchain/bin/../lib/gcc/avr32/4.4.7/ucr1\libstdc++.a(eh_alloc.o)
                0x80004170                __cxa_allocate_exception
 .text._ZNK10__cxxabiv120__si_class_type_info20__do_find_public_srcElPKvPKNS_17__class_type_infoES2_
                0x80004278       0x24 e:/programme/atmel/atmel toolchain/avr32 gcc/native/3.4.1067/avr32-gnu-toolchain/bin/../lib/gcc/avr32/4.4.7/ucr1\libstdc++.a(si_class_type_info.o)
                0x80004278                __cxxabiv1::__si_class_type_info::__do_find_public_src(long, void const*, __cxxabiv1::__class_type_info const*, void const*) const
 .text._ZNK10__cxxabiv120__si_class_type_info12__do_dyncastElNS_17__class_type_info10__sub_kindEPKS1_PKvS4_S6_RNS1_16__dyncast_resultE
                0x8000429c       0x5e e:/programme/atmel/atmel toolchain/avr32 gcc/native/3.4.1067/avr32-gnu-toolchain/bin/../lib/gcc/avr32/4.4.7/ucr1\libstdc++.a(si_class_type_info.o)
                0x8000429c                __cxxabiv1::__si_class_type_info::__do_dyncast(long, __cxxabiv1::__class_type_info::__sub_kind, __cxxabiv1::__class_type_info const*, void const*, __cxxabiv1::__class_type_info const*, void const*, __cxxabiv1::__class_type_info::__dyncast_result&) const
 *fill*         0x800042fa        0x2 d703d703
 .text._ZNK10__cxxabiv120__si_class_type_info11__do_upcastEPKNS_17__class_type_infoEPKvRNS1_15__upcast_resultE
                0x800042fc       0x28 e:/programme/atmel/atmel toolchain/avr32 gcc/native/3.4.1067/avr32-gnu-toolchain/bin/../lib/gcc/avr32/4.4.7/ucr1\libstdc++.a(si_class_type_info.o)
                0x800042fc                __cxxabiv1::__si_class_type_info::__do_upcast(__cxxabiv1::__class_type_info const*, void const*, __cxxabiv1::__class_type_info::__upcast_result&) const
 .text._ZN10__cxxabiv120__si_class_type_infoD1Ev
                0x80004324       0x18 e:/programme/atmel/atmel toolchain/avr32 gcc/native/3.4.1067/avr32-gnu-toolchain/bin/../lib/gcc/avr32/4.4.7/ucr1\libstdc++.a(si_class_type_info.o)
                0x80004324                __cxxabiv1::__si_class_type_info::~__si_class_type_info()
 .text._ZN10__cxxabiv120__si_class_type_infoD0Ev
                0x8000433c       0x28 e:/programme/atmel/atmel toolchain/avr32 gcc/native/3.4.1067/avr32-gnu-toolchain/bin/../lib/gcc/avr32/4.4.7/ucr1\libstdc++.a(si_class_type_info.o)
                0x8000433c                __cxxabiv1::__si_class_type_info::~__si_class_type_info()
 .text.__cxa_rethrow
                0x80004364       0x68 e:/programme/atmel/atmel toolchain/avr32 gcc/native/3.4.1067/avr32-gnu-toolchain/bin/../lib/gcc/avr32/4.4.7/ucr1\libstdc++.a(eh_throw.o)
                0x80004364                __cxa_rethrow
 .text.__cxa_throw
                0x800043cc       0x60 e:/programme/atmel/atmel toolchain/avr32 gcc/native/3.4.1067/avr32-gnu-toolchain/bin/../lib/gcc/avr32/4.4.7/ucr1\libstdc++.a(eh_throw.o)
                0x800043cc                __cxa_throw
 .text._ZL23__gxx_exception_cleanup19_Unwind_Reason_CodeP17_Unwind_Exception
                0x8000442c       0x4c e:/programme/atmel/atmel toolchain/avr32 gcc/native/3.4.1067/avr32-gnu-toolchain/bin/../lib/gcc/avr32/4.4.7/ucr1\libstdc++.a(eh_throw.o)
 .text._ZL16get_adjusted_ptrPKSt9type_infoS1_PPv
                0x80004478       0x3e e:/programme/atmel/atmel toolchain/avr32 gcc/native/3.4.1067/avr32-gnu-toolchain/bin/../lib/gcc/avr32/4.4.7/ucr1\libstdc++.a(eh_personality.o)
 *fill*         0x800044b6        0x2 d703d703
 .text._ZL21base_of_encoded_valuehP15_Unwind_Context
                0x800044b8       0x64 e:/programme/atmel/atmel toolchain/avr32 gcc/native/3.4.1067/avr32-gnu-toolchain/bin/../lib/gcc/avr32/4.4.7/ucr1\libstdc++.a(eh_personality.o)
 .text._ZL28read_encoded_value_with_basehjPKhPj
                0x8000451c       0xf8 e:/programme/atmel/atmel toolchain/avr32 gcc/native/3.4.1067/avr32-gnu-toolchain/bin/../lib/gcc/avr32/4.4.7/ucr1\libstdc++.a(eh_personality.o)
 .text._ZL17parse_lsda_headerP15_Unwind_ContextPKhP16lsda_header_info
                0x80004614       0xb0 e:/programme/atmel/atmel toolchain/avr32 gcc/native/3.4.1067/avr32-gnu-toolchain/bin/../lib/gcc/avr32/4.4.7/ucr1\libstdc++.a(eh_personality.o)
 .text._ZL15get_ttype_entryP16lsda_header_infom
                0x800046c4       0x64 e:/programme/atmel/atmel toolchain/avr32 gcc/native/3.4.1067/avr32-gnu-toolchain/bin/../lib/gcc/avr32/4.4.7/ucr1\libstdc++.a(eh_personality.o)
 .text._ZL20check_exception_specP16lsda_header_infoPKSt9type_infoPvl
                0x80004728       0x64 e:/programme/atmel/atmel toolchain/avr32 gcc/native/3.4.1067/avr32-gnu-toolchain/bin/../lib/gcc/avr32/4.4.7/ucr1\libstdc++.a(eh_personality.o)
 .text.__cxa_call_unexpected
                0x8000478c      0x140 e:/programme/atmel/atmel toolchain/avr32 gcc/native/3.4.1067/avr32-gnu-toolchain/bin/../lib/gcc/avr32/4.4.7/ucr1\libstdc++.a(eh_personality.o)
                0x8000478c                __cxa_call_unexpected
 .text.__gxx_personality_sj0
                0x800048cc      0x408 e:/programme/atmel/atmel toolchain/avr32 gcc/native/3.4.1067/avr32-gnu-toolchain/bin/../lib/gcc/avr32/4.4.7/ucr1\libstdc++.a(eh_personality.o)
                0x800048cc                __gxx_personality_sj0
 .text._ZNSt9exceptionD2Ev
                0x80004cd4        0xc e:/programme/atmel/atmel toolchain/avr32 gcc/native/3.4.1067/avr32-gnu-toolchain/bin/../lib/gcc/avr32/4.4.7/ucr1\libstdc++.a(eh_exception.o)
                0x80004cd4                std::exception::~exception()
 .text._ZNSt9exceptionD1Ev
                0x80004ce0        0xc e:/programme/atmel/atmel toolchain/avr32 gcc/native/3.4.1067/avr32-gnu-toolchain/bin/../lib/gcc/avr32/4.4.7/ucr1\libstdc++.a(eh_exception.o)
                0x80004ce0                std::exception::~exception()
 .text._ZNSt13bad_exceptionD1Ev
                0x80004cec        0xc e:/programme/atmel/atmel toolchain/avr32 gcc/native/3.4.1067/avr32-gnu-toolchain/bin/../lib/gcc/avr32/4.4.7/ucr1\libstdc++.a(eh_exception.o)
                0x80004cec                std::bad_exception::~bad_exception()
 .text._ZNKSt9exception4whatEv
                0x80004cf8        0x8 e:/programme/atmel/atmel toolchain/avr32 gcc/native/3.4.1067/avr32-gnu-toolchain/bin/../lib/gcc/avr32/4.4.7/ucr1\libstdc++.a(eh_exception.o)
                0x80004cf8                std::exception::what() const
 .text._ZNKSt13bad_exception4whatEv
                0x80004d00        0x8 e:/programme/atmel/atmel toolchain/avr32 gcc/native/3.4.1067/avr32-gnu-toolchain/bin/../lib/gcc/avr32/4.4.7/ucr1\libstdc++.a(eh_exception.o)
                0x80004d00                std::bad_exception::what() const
 .text._ZNSt9exceptionD0Ev
                0x80004d08       0x18 e:/programme/atmel/atmel toolchain/avr32 gcc/native/3.4.1067/avr32-gnu-toolchain/bin/../lib/gcc/avr32/4.4.7/ucr1\libstdc++.a(eh_exception.o)
                0x80004d08                std::exception::~exception()
 .text._ZNSt13bad_exceptionD0Ev
                0x80004d20       0x18 e:/programme/atmel/atmel toolchain/avr32 gcc/native/3.4.1067/avr32-gnu-toolchain/bin/../lib/gcc/avr32/4.4.7/ucr1\libstdc++.a(eh_exception.o)
                0x80004d20                std::bad_exception::~bad_exception()
 .text.__cxa_get_globals_fast
                0x80004d38        0x8 e:/programme/atmel/atmel toolchain/avr32 gcc/native/3.4.1067/avr32-gnu-toolchain/bin/../lib/gcc/avr32/4.4.7/ucr1\libstdc++.a(eh_globals.o)
                0x80004d38                __cxa_get_globals_fast
 .text.__cxa_get_globals
                0x80004d40        0x8 e:/programme/atmel/atmel toolchain/avr32 gcc/native/3.4.1067/avr32-gnu-toolchain/bin/../lib/gcc/avr32/4.4.7/ucr1\libstdc++.a(eh_globals.o)
                0x80004d40                __cxa_get_globals
 .text._ZN10__cxxabiv111__terminateEPFvvE
                0x80004d48       0x80 e:/programme/atmel/atmel toolchain/avr32 gcc/native/3.4.1067/avr32-gnu-toolchain/bin/../lib/gcc/avr32/4.4.7/ucr1\libstdc++.a(eh_terminate.o)
                0x80004d48                __cxxabiv1::__terminate(void (*)())
 .text._ZSt9terminatev
                0x80004dc8       0x14 e:/programme/atmel/atmel toolchain/avr32 gcc/native/3.4.1067/avr32-gnu-toolchain/bin/../lib/gcc/avr32/4.4.7/ucr1\libstdc++.a(eh_terminate.o)
                0x80004dc8                std::terminate()
 .text._ZN10__cxxabiv112__unexpectedEPFvvE
                0x80004ddc        0xc e:/programme/atmel/atmel toolchain/avr32 gcc/native/3.4.1067/avr32-gnu-toolchain/bin/../lib/gcc/avr32/4.4.7/ucr1\libstdc++.a(eh_terminate.o)
                0x80004ddc                __cxxabiv1::__unexpected(void (*)())
 .text._ZSt10unexpectedv
                0x80004de8       0x14 e:/programme/atmel/atmel toolchain/avr32 gcc/native/3.4.1067/avr32-gnu-toolchain/bin/../lib/gcc/avr32/4.4.7/ucr1\libstdc++.a(eh_terminate.o)
                0x80004de8                std::unexpected()
 .text.__cxa_call_terminate
                0x80004dfc       0x4c e:/programme/atmel/atmel toolchain/avr32 gcc/native/3.4.1067/avr32-gnu-toolchain/bin/../lib/gcc/avr32/4.4.7/ucr1\libstdc++.a(eh_call.o)
                0x80004dfc                __cxa_call_terminate
 .text.__cxa_end_catch
                0x80004e48       0x84 e:/programme/atmel/atmel toolchain/avr32 gcc/native/3.4.1067/avr32-gnu-toolchain/bin/../lib/gcc/avr32/4.4.7/ucr1\libstdc++.a(eh_catch.o)
                0x80004e48                __cxa_end_catch
 .text.__cxa_begin_catch
                0x80004ecc       0xd4 e:/programme/atmel/atmel toolchain/avr32 gcc/native/3.4.1067/avr32-gnu-toolchain/bin/../lib/gcc/avr32/4.4.7/ucr1\libstdc++.a(eh_catch.o)
                0x80004ecc                __cxa_begin_catch
 .text._ZNSt9type_infoD2Ev
                0x80004fa0        0xc e:/programme/atmel/atmel toolchain/avr32 gcc/native/3.4.1067/avr32-gnu-toolchain/bin/../lib/gcc/avr32/4.4.7/ucr1\libstdc++.a(tinfo.o)
                0x80004fa0                std::type_info::~type_info()
 .text._ZNSt9type_infoD1Ev
                0x80004fac        0xc e:/programme/atmel/atmel toolchain/avr32 gcc/native/3.4.1067/avr32-gnu-toolchain/bin/../lib/gcc/avr32/4.4.7/ucr1\libstdc++.a(tinfo.o)
                0x80004fac                std::type_info::~type_info()
 .text._ZNKSt9type_info14__is_pointer_pEv
                0x80004fb8        0x2 e:/programme/atmel/atmel toolchain/avr32 gcc/native/3.4.1067/avr32-gnu-toolchain/bin/../lib/gcc/avr32/4.4.7/ucr1\libstdc++.a(tinfo.o)
                0x80004fb8                std::type_info::__is_pointer_p() const
 .text._ZNKSt9type_info15__is_function_pEv
                0x80004fba        0x2 e:/programme/atmel/atmel toolchain/avr32 gcc/native/3.4.1067/avr32-gnu-toolchain/bin/../lib/gcc/avr32/4.4.7/ucr1\libstdc++.a(tinfo.o)
                0x80004fba                std::type_info::__is_function_p() const
 .text._ZNKSt9type_info10__do_catchEPKS_PPvj
                0x80004fbc        0xa e:/programme/atmel/atmel toolchain/avr32 gcc/native/3.4.1067/avr32-gnu-toolchain/bin/../lib/gcc/avr32/4.4.7/ucr1\libstdc++.a(tinfo.o)
                0x80004fbc                std::type_info::__do_catch(std::type_info const*, void**, unsigned int) const
 .text._ZNKSt9type_info11__do_upcastEPKN10__cxxabiv117__class_type_infoEPPv
                0x80004fc6        0x2 e:/programme/atmel/atmel toolchain/avr32 gcc/native/3.4.1067/avr32-gnu-toolchain/bin/../lib/gcc/avr32/4.4.7/ucr1\libstdc++.a(tinfo.o)
                0x80004fc6                std::type_info::__do_upcast(__cxxabiv1::__class_type_info const*, void**) const
 .text._ZNSt9type_infoD0Ev
                0x80004fc8       0x18 e:/programme/atmel/atmel toolchain/avr32 gcc/native/3.4.1067/avr32-gnu-toolchain/bin/../lib/gcc/avr32/4.4.7/ucr1\libstdc++.a(tinfo.o)
                0x80004fc8                std::type_info::~type_info()
 .text._ZNK10__cxxabiv117__class_type_info10__do_catchEPKSt9type_infoPPvj
                0x80004fe0       0x22 e:/programme/atmel/atmel toolchain/avr32 gcc/native/3.4.1067/avr32-gnu-toolchain/bin/../lib/gcc/avr32/4.4.7/ucr1\libstdc++.a(class_type_info.o)
                0x80004fe0                __cxxabiv1::__class_type_info::__do_catch(std::type_info const*, void**, unsigned int) const
 .text._ZNK10__cxxabiv117__class_type_info11__do_upcastEPKS0_PPv
                0x80005002       0x3c e:/programme/atmel/atmel toolchain/avr32 gcc/native/3.4.1067/avr32-gnu-toolchain/bin/../lib/gcc/avr32/4.4.7/ucr1\libstdc++.a(class_type_info.o)
                0x80005002                __cxxabiv1::__class_type_info::__do_upcast(__cxxabiv1::__class_type_info const*, void**) const
 .text._ZNK10__cxxabiv117__class_type_info20__do_find_public_srcElPKvPKS0_S2_
                0x8000503e        0xc e:/programme/atmel/atmel toolchain/avr32 gcc/native/3.4.1067/avr32-gnu-toolchain/bin/../lib/gcc/avr32/4.4.7/ucr1\libstdc++.a(class_type_info.o)
                0x8000503e                __cxxabiv1::__class_type_info::__do_find_public_src(long, void const*, __cxxabiv1::__class_type_info const*, void const*) const
 .text._ZNK10__cxxabiv117__class_type_info12__do_dyncastElNS0_10__sub_kindEPKS0_PKvS3_S5_RNS0_16__dyncast_resultE
                0x8000504a       0x38 e:/programme/atmel/atmel toolchain/avr32 gcc/native/3.4.1067/avr32-gnu-toolchain/bin/../lib/gcc/avr32/4.4.7/ucr1\libstdc++.a(class_type_info.o)
                0x8000504a                __cxxabiv1::__class_type_info::__do_dyncast(long, __cxxabiv1::__class_type_info::__sub_kind, __cxxabiv1::__class_type_info const*, void const*, __cxxabiv1::__class_type_info const*, void const*, __cxxabiv1::__class_type_info::__dyncast_result&) const
 .text._ZNK10__cxxabiv117__class_type_info11__do_upcastEPKS0_PKvRNS0_15__upcast_resultE
                0x80005082       0x18 e:/programme/atmel/atmel toolchain/avr32 gcc/native/3.4.1067/avr32-gnu-toolchain/bin/../lib/gcc/avr32/4.4.7/ucr1\libstdc++.a(class_type_info.o)
                0x80005082                __cxxabiv1::__class_type_info::__do_upcast(__cxxabiv1::__class_type_info const*, void const*, __cxxabiv1::__class_type_info::__upcast_result&) const
 *fill*         0x8000509a        0x2 d703d703
 .text._ZN10__cxxabiv117__class_type_infoD1Ev
                0x8000509c       0x18 e:/programme/atmel/atmel toolchain/avr32 gcc/native/3.4.1067/avr32-gnu-toolchain/bin/../lib/gcc/avr32/4.4.7/ucr1\libstdc++.a(class_type_info.o)
                0x8000509c                __cxxabiv1::__class_type_info::~__class_type_info()
 .text._ZN10__cxxabiv117__class_type_infoD2Ev
                0x800050b4       0x18 e:/programme/atmel/atmel toolchain/avr32 gcc/native/3.4.1067/avr32-gnu-toolchain/bin/../lib/gcc/avr32/4.4.7/ucr1\libstdc++.a(class_type_info.o)
                0x800050b4                __cxxabiv1::__class_type_info::~__class_type_info()
 .text._ZN10__cxxabiv117__class_type_infoD0Ev
                0x800050cc       0x28 e:/programme/atmel/atmel toolchain/avr32 gcc/native/3.4.1067/avr32-gnu-toolchain/bin/../lib/gcc/avr32/4.4.7/ucr1\libstdc++.a(class_type_info.o)
                0x800050cc                __cxxabiv1::__class_type_info::~__class_type_info()
 .text._ZN9__gnu_cxx27__verbose_terminate_handlerEv
                0x800050f4      0x1b4 e:/programme/atmel/atmel toolchain/avr32 gcc/native/3.4.1067/avr32-gnu-toolchain/bin/../lib/gcc/avr32/4.4.7/ucr1\libstdc++.a(vterminate.o)
                0x800050f4                __gnu_cxx::__verbose_terminate_handler()
 .text.__cxa_current_exception_type
                0x800052a8       0x34 e:/programme/atmel/atmel toolchain/avr32 gcc/native/3.4.1067/avr32-gnu-toolchain/bin/../lib/gcc/avr32/4.4.7/ucr1\libstdc++.a(eh_type.o)
                0x800052a8                __cxa_current_exception_type
 .text          0x800052dc     0x32ac e:/programme/atmel/atmel toolchain/avr32 gcc/native/3.4.1067/avr32-gnu-toolchain/bin/../lib/gcc/avr32/4.4.7/ucr1\libstdc++.a(cp-demangle.o)
                0x80007950                __gcclibcxx_demangle_callback
                0x80007db0                __cxa_demangle
 .text          0x80008588      0x1d4 e:/programme/atmel/atmel toolchain/avr32 gcc/native/3.4.1067/avr32-gnu-toolchain/bin/../lib/gcc/avr32/4.4.7/ucr1\libgcc.a(_avr32_f64_mul.o)
                0x80008588                __avr32_f64_mul
 .text          0x8000875c      0x2b0 e:/programme/atmel/atmel toolchain/avr32 gcc/native/3.4.1067/avr32-gnu-toolchain/bin/../lib/gcc/avr32/4.4.7/ucr1\libgcc.a(_avr32_f64_addsub.o)
                0x80008760                __avr32_f64_sub
                0x800088fc                __avr32_f64_add
 .text          0x80008a0c       0x2a e:/programme/atmel/atmel toolchain/avr32 gcc/native/3.4.1067/avr32-gnu-toolchain/bin/../lib/gcc/avr32/4.4.7/ucr1\libgcc.a(_avr32_f64_to_s32.o)
                0x80008a0c                __avr32_f64_to_u32
                0x80008a10                __avr32_f64_to_s32
 .text          0x80008a36       0x36 e:/programme/atmel/atmel toolchain/avr32 gcc/native/3.4.1067/avr32-gnu-toolchain/bin/../lib/gcc/avr32/4.4.7/ucr1\libgcc.a(_avr32_f32_cmp_lt.o)
                0x80008a36                __avr32_f32_cmp_lt
 .text          0x80008a6c      0x31c e:/programme/atmel/atmel toolchain/avr32 gcc/native/3.4.1067/avr32-gnu-toolchain/bin/../lib/gcc/avr32/4.4.7/ucr1\libgcc.a(_avr32_f64_div.o)
                0x80008a6c                __avr32_f64_div
 .text          0x80008d88      0x16c e:/programme/atmel/atmel toolchain/avr32 gcc/native/3.4.1067/avr32-gnu-toolchain/bin/../lib/gcc/avr32/4.4.7/ucr1\libgcc.a(_avr32_f32_div.o)
                0x80008d88                __avr32_f32_div
 .text          0x80008ef4      0x184 e:/programme/atmel/atmel toolchain/avr32 gcc/native/3.4.1067/avr32-gnu-toolchain/bin/../lib/gcc/avr32/4.4.7/ucr1\libgcc.a(_avr32_f32_addsub.o)
                0x80008ef8                __avr32_f32_sub
                0x80008fcc                __avr32_f32_add
 .text          0x80009078       0xe4 e:/programme/atmel/atmel toolchain/avr32 gcc/native/3.4.1067/avr32-gnu-toolchain/bin/../lib/gcc/avr32/4.4.7/ucr1\libgcc.a(_avr32_f32_mul.o)
                0x80009078                __avr32_f32_mul
 .text          0x8000915c       0x74 e:/programme/atmel/atmel toolchain/avr32 gcc/native/3.4.1067/avr32-gnu-toolchain/bin/../lib/gcc/avr32/4.4.7/ucr1\libgcc.a(_avr32_s32_to_f32.o)
                0x8000915c                __avr32_s32_to_f32
 .text          0x800091d0       0x1e e:/programme/atmel/atmel toolchain/avr32 gcc/native/3.4.1067/avr32-gnu-toolchain/bin/../lib/gcc/avr32/4.4.7/ucr1\libgcc.a(_avr32_f32_to_s32.o)
                0x800091d0                __avr32_f32_to_s32
 .text          0x800091ee       0x62 e:/programme/atmel/atmel toolchain/avr32 gcc/native/3.4.1067/avr32-gnu-toolchain/bin/../lib/gcc/avr32/4.4.7/ucr1\libgcc.a(_avr32_f32_to_f64.o)
                0x800091ee                __avr32_f32_to_f64
 .text          0x80009250       0x8c e:/programme/atmel/atmel toolchain/avr32 gcc/native/3.4.1067/avr32-gnu-toolchain/bin/../lib/gcc/avr32/4.4.7/ucr1\libgcc.a(_avr32_f64_to_f32.o)
                0x80009250                __avr32_f64_to_f32
 .text          0x800092dc      0x2cc e:/programme/atmel/atmel toolchain/avr32 gcc/native/3.4.1067/avr32-gnu-toolchain/bin/../lib/gcc/avr32/4.4.7/ucr1\libgcc.a(unwind-sjlj.o)
                0x800092dc                _Unwind_SjLj_Register
                0x800092ec                _Unwind_SjLj_Unregister
                0x800092f8                _Unwind_GetGR
                0x80009302                _Unwind_GetCFA
                0x8000930c                _Unwind_SetGR
                0x80009316                _Unwind_GetIP
                0x8000931e                _Unwind_GetIPInfo
                0x8000932e                _Unwind_SetIP
                0x80009336                _Unwind_GetLanguageSpecificData
                0x8000933c                _Unwind_GetRegionStart
                0x8000933e                _Unwind_FindEnclosingFunction
                0x80009340                _Unwind_GetDataRelBase
                0x80009342                _Unwind_GetTextRelBase
                0x800093c8                _Unwind_DeleteException
                0x800093d8                _Unwind_Backtrace
                0x800094a4                _Unwind_SjLj_Resume
                0x800094d8                _Unwind_SjLj_ForcedUnwind
                0x80009504                _Unwind_SjLj_RaiseException
                0x8000956c                _Unwind_SjLj_Resume_or_Rethrow
 .text.abort    0x800095a8       0x18 e:/programme/atmel/atmel toolchain/avr32 gcc/native/3.4.1067/avr32-gnu-toolchain/bin/../lib/gcc/avr32/4.4.7/../../../../avr32/lib/ucr1\libc.a(lib_a-abort.o)
                0x800095a8                abort
 .text._fputc_r
                0x800095c0       0x58 e:/programme/atmel/atmel toolchain/avr32 gcc/native/3.4.1067/avr32-gnu-toolchain/bin/../lib/gcc/avr32/4.4.7/../../../../avr32/lib/ucr1\libc.a(lib_a-fputc.o)
                0x800095c0                _fputc_r
 .text.fputc    0x80009618       0x18 e:/programme/atmel/atmel toolchain/avr32 gcc/native/3.4.1067/avr32-gnu-toolchain/bin/../lib/gcc/avr32/4.4.7/../../../../avr32/lib/ucr1\libc.a(lib_a-fputc.o)
                0x80009618                fputc
 .text._fputs_r
                0x80009630       0x70 e:/programme/atmel/atmel toolchain/avr32 gcc/native/3.4.1067/avr32-gnu-toolchain/bin/../lib/gcc/avr32/4.4.7/../../../../avr32/lib/ucr1\libc.a(lib_a-fputs.o)
                0x80009630                _fputs_r
 .text.fputs    0x800096a0       0x18 e:/programme/atmel/atmel toolchain/avr32 gcc/native/3.4.1067/avr32-gnu-toolchain/bin/../lib/gcc/avr32/4.4.7/../../../../avr32/lib/ucr1\libc.a(lib_a-fputs.o)
                0x800096a0                fputs
 .text.__sfvwrite_r
                0x800096b8      0x2bc e:/programme/atmel/atmel toolchain/avr32 gcc/native/3.4.1067/avr32-gnu-toolchain/bin/../lib/gcc/avr32/4.4.7/../../../../avr32/lib/ucr1\libc.a(lib_a-fvwrite.o)
                0x800096b8                __sfvwrite_r
 .text._fwrite_r
                0x80009974       0x78 e:/programme/atmel/atmel toolchain/avr32 gcc/native/3.4.1067/avr32-gnu-toolchain/bin/../lib/gcc/avr32/4.4.7/../../../../avr32/lib/ucr1\libc.a(lib_a-fwrite.o)
                0x80009974                _fwrite_r
 .text.fwrite   0x800099ec       0x1c e:/programme/atmel/atmel toolchain/avr32 gcc/native/3.4.1067/avr32-gnu-toolchain/bin/../lib/gcc/avr32/4.4.7/../../../../avr32/lib/ucr1\libc.a(lib_a-fwrite.o)
                0x800099ec                fwrite
 .text.free     0x80009a08       0x18 e:/programme/atmel/atmel toolchain/avr32 gcc/native/3.4.1067/avr32-gnu-toolchain/bin/../lib/gcc/avr32/4.4.7/../../../../avr32/lib/ucr1\libc.a(lib_a-malloc.o)
                0x80009a08                free
 .text.malloc   0x80009a20       0x18 e:/programme/atmel/atmel toolchain/avr32 gcc/native/3.4.1067/avr32-gnu-toolchain/bin/../lib/gcc/avr32/4.4.7/../../../../avr32/lib/ucr1\libc.a(lib_a-malloc.o)
                0x80009a20                malloc
 .text._malloc_r
                0x80009a38      0x44c e:/programme/atmel/atmel toolchain/avr32 gcc/native/3.4.1067/avr32-gnu-toolchain/bin/../lib/gcc/avr32/4.4.7/../../../../avr32/lib/ucr1\libc.a(lib_a-mallocr.o)
                0x80009a38                _malloc_r
 .text.memchr   0x80009e84       0x16 e:/programme/atmel/atmel toolchain/avr32 gcc/native/3.4.1067/avr32-gnu-toolchain/bin/../lib/gcc/avr32/4.4.7/../../../../avr32/lib/ucr1\libc.a(lib_a-memchr.o)
                0x80009e84                memchr
 .text.memcmp   0x80009e9a       0x26 e:/programme/atmel/atmel toolchain/avr32 gcc/native/3.4.1067/avr32-gnu-toolchain/bin/../lib/gcc/avr32/4.4.7/../../../../avr32/lib/ucr1\libc.a(lib_a-memcmp.o)
                0x80009e9a                memcmp
 .text          0x80009ec0      0x148 e:/programme/atmel/atmel toolchain/avr32 gcc/native/3.4.1067/avr32-gnu-toolchain/bin/../lib/gcc/avr32/4.4.7/../../../../avr32/lib/ucr1\libc.a(lib_a-memcpy.o)
                0x80009ec0                memcpy
 .text.memmove  0x8000a008       0x3e e:/programme/atmel/atmel toolchain/avr32 gcc/native/3.4.1067/avr32-gnu-toolchain/bin/../lib/gcc/avr32/4.4.7/../../../../avr32/lib/ucr1\libc.a(lib_a-memmove.o)
                0x8000a008                memmove
 .text.memset   0x8000a046        0xe e:/programme/atmel/atmel toolchain/avr32 gcc/native/3.4.1067/avr32-gnu-toolchain/bin/../lib/gcc/avr32/4.4.7/../../../../avr32/lib/ucr1\libc.a(lib_a-memset.o)
                0x8000a046                memset
 .text.__malloc_lock
                0x8000a054        0x2 e:/programme/atmel/atmel toolchain/avr32 gcc/native/3.4.1067/avr32-gnu-toolchain/bin/../lib/gcc/avr32/4.4.7/../../../../avr32/lib/ucr1\libc.a(lib_a-mlock.o)
                0x8000a054                __malloc_lock
 .text.__malloc_unlock
                0x8000a056        0x2 e:/programme/atmel/atmel toolchain/avr32 gcc/native/3.4.1067/avr32-gnu-toolchain/bin/../lib/gcc/avr32/4.4.7/../../../../avr32/lib/ucr1\libc.a(lib_a-mlock.o)
                0x8000a056                __malloc_unlock
 .text._putc_r  0x8000a058       0x8c e:/programme/atmel/atmel toolchain/avr32 gcc/native/3.4.1067/avr32-gnu-toolchain/bin/../lib/gcc/avr32/4.4.7/../../../../avr32/lib/ucr1\libc.a(lib_a-putc.o)
                0x8000a058                _putc_r
 .text.realloc  0x8000a0e4       0x18 e:/programme/atmel/atmel toolchain/avr32 gcc/native/3.4.1067/avr32-gnu-toolchain/bin/../lib/gcc/avr32/4.4.7/../../../../avr32/lib/ucr1\libc.a(lib_a-realloc.o)
                0x8000a0e4                realloc
 .text._realloc_r
                0x8000a0fc      0x2e0 e:/programme/atmel/atmel toolchain/avr32 gcc/native/3.4.1067/avr32-gnu-toolchain/bin/../lib/gcc/avr32/4.4.7/../../../../avr32/lib/ucr1\libc.a(lib_a-reallocr.o)
                0x8000a0fc                _realloc_r
 .text._sbrk_r  0x8000a3dc       0x28 e:/programme/atmel/atmel toolchain/avr32 gcc/native/3.4.1067/avr32-gnu-toolchain/bin/../lib/gcc/avr32/4.4.7/../../../../avr32/lib/ucr1\libc.a(lib_a-sbrkr.o)
                0x8000a3dc                _sbrk_r
 .text._raise_r
                0x8000a404       0x58 e:/programme/atmel/atmel toolchain/avr32 gcc/native/3.4.1067/avr32-gnu-toolchain/bin/../lib/gcc/avr32/4.4.7/../../../../avr32/lib/ucr1\libc.a(lib_a-signal.o)
                0x8000a404                _raise_r
 .text.raise    0x8000a45c       0x18 e:/programme/atmel/atmel toolchain/avr32 gcc/native/3.4.1067/avr32-gnu-toolchain/bin/../lib/gcc/avr32/4.4.7/../../../../avr32/lib/ucr1\libc.a(lib_a-signal.o)
                0x8000a45c                raise
 .text._getpid_r
                0x8000a474        0xc e:/programme/atmel/atmel toolchain/avr32 gcc/native/3.4.1067/avr32-gnu-toolchain/bin/../lib/gcc/avr32/4.4.7/../../../../avr32/lib/ucr1\libc.a(lib_a-signalr.o)
                0x8000a474                _getpid_r
 .text._kill_r  0x8000a480       0x2c e:/programme/atmel/atmel toolchain/avr32 gcc/native/3.4.1067/avr32-gnu-toolchain/bin/../lib/gcc/avr32/4.4.7/../../../../avr32/lib/ucr1\libc.a(lib_a-signalr.o)
                0x8000a480                _kill_r
 .text.sprintf  0x8000a4ac       0x40 e:/programme/atmel/atmel toolchain/avr32 gcc/native/3.4.1067/avr32-gnu-toolchain/bin/../lib/gcc/avr32/4.4.7/../../../../avr32/lib/ucr1\libc.a(lib_a-sprintf.o)
                0x8000a4ac                sprintf
 .text          0x8000a4ec       0xa8 e:/programme/atmel/atmel toolchain/avr32 gcc/native/3.4.1067/avr32-gnu-toolchain/bin/../lib/gcc/avr32/4.4.7/../../../../avr32/lib/ucr1\libc.a(lib_a-strcmp.o)
                0x8000a4ec                strcmp
 .text.strcpy   0x8000a594       0x12 e:/programme/atmel/atmel toolchain/avr32 gcc/native/3.4.1067/avr32-gnu-toolchain/bin/../lib/gcc/avr32/4.4.7/../../../../avr32/lib/ucr1\libc.a(lib_a-strcpy.o)
                0x8000a594                strcpy
 .text.strlen   0x8000a5a6       0x16 e:/programme/atmel/atmel toolchain/avr32 gcc/native/3.4.1067/avr32-gnu-toolchain/bin/../lib/gcc/avr32/4.4.7/../../../../avr32/lib/ucr1\libc.a(lib_a-strlen.o)
                0x8000a5a6                strlen
 .text.strncmp  0x8000a5bc       0x26 e:/programme/atmel/atmel toolchain/avr32 gcc/native/3.4.1067/avr32-gnu-toolchain/bin/../lib/gcc/avr32/4.4.7/../../../../avr32/lib/ucr1\libc.a(lib_a-strncmp.o)
                0x8000a5bc                strncmp
 .text._exit    0x8000a5e2        0xa e:/programme/atmel/atmel toolchain/avr32 gcc/native/3.4.1067/avr32-gnu-toolchain/bin/../lib/gcc/avr32/4.4.7/../../../../avr32/lib/ucr1\libc.a(lib_a-syscalls.o)
                0x8000a5e2                _exit
 .text._close   0x8000a5ec       0x18 e:/programme/atmel/atmel toolchain/avr32 gcc/native/3.4.1067/avr32-gnu-toolchain/bin/../lib/gcc/avr32/4.4.7/../../../../avr32/lib/ucr1\libc.a(lib_a-syscalls.o)
                0x8000a5ec                _close
 .text._lseek   0x8000a604       0x18 e:/programme/atmel/atmel toolchain/avr32 gcc/native/3.4.1067/avr32-gnu-toolchain/bin/../lib/gcc/avr32/4.4.7/../../../../avr32/lib/ucr1\libc.a(lib_a-syscalls.o)
                0x8000a604                _lseek
 .text._read    0x8000a61c       0x18 e:/programme/atmel/atmel toolchain/avr32 gcc/native/3.4.1067/avr32-gnu-toolchain/bin/../lib/gcc/avr32/4.4.7/../../../../avr32/lib/ucr1\libc.a(lib_a-syscalls.o)
                0x8000a61c                _read
 .text._write   0x8000a634       0x18 e:/programme/atmel/atmel toolchain/avr32 gcc/native/3.4.1067/avr32-gnu-toolchain/bin/../lib/gcc/avr32/4.4.7/../../../../avr32/lib/ucr1\libc.a(lib_a-syscalls.o)
                0x8000a634                _write
 .text.isatty   0x8000a64c       0x18 e:/programme/atmel/atmel toolchain/avr32 gcc/native/3.4.1067/avr32-gnu-toolchain/bin/../lib/gcc/avr32/4.4.7/../../../../avr32/lib/ucr1\libc.a(lib_a-syscalls.o)
                0x8000a64c                isatty
 .text._fstat_host
                0x8000a664       0x18 e:/programme/atmel/atmel toolchain/avr32 gcc/native/3.4.1067/avr32-gnu-toolchain/bin/../lib/gcc/avr32/4.4.7/../../../../avr32/lib/ucr1\libc.a(lib_a-syscalls.o)
                0x8000a664                _fstat_host
 .text._fstat   0x8000a67c       0x50 e:/programme/atmel/atmel toolchain/avr32 gcc/native/3.4.1067/avr32-gnu-toolchain/bin/../lib/gcc/avr32/4.4.7/../../../../avr32/lib/ucr1\libc.a(lib_a-syscalls.o)
                0x8000a67c                _fstat
 .text._kill    0x8000a6cc        0x2 e:/programme/atmel/atmel toolchain/avr32 gcc/native/3.4.1067/avr32-gnu-toolchain/bin/../lib/gcc/avr32/4.4.7/../../../../avr32/lib/ucr1\libc.a(lib_a-syscalls.o)
                0x8000a6cc                _kill
 .text._getpid  0x8000a6ce        0x2 e:/programme/atmel/atmel toolchain/avr32 gcc/native/3.4.1067/avr32-gnu-toolchain/bin/../lib/gcc/avr32/4.4.7/../../../../avr32/lib/ucr1\libc.a(lib_a-syscalls.o)
                0x8000a6ce                _getpid
 .text._sbrk    0x8000a6d0       0x40 e:/programme/atmel/atmel toolchain/avr32 gcc/native/3.4.1067/avr32-gnu-toolchain/bin/../lib/gcc/avr32/4.4.7/../../../../avr32/lib/ucr1\libc.a(lib_a-syscalls.o)
                0x8000a6d0                _sbrk
 .text.get_arg  0x8000a710      0x324 e:/programme/atmel/atmel toolchain/avr32 gcc/native/3.4.1067/avr32-gnu-toolchain/bin/../lib/gcc/avr32/4.4.7/../../../../avr32/lib/ucr1\libc.a(lib_a-vfprintf.o)
 .text.__sprint_r
                0x8000aa34       0x20 e:/programme/atmel/atmel toolchain/avr32 gcc/native/3.4.1067/avr32-gnu-toolchain/bin/../lib/gcc/avr32/4.4.7/../../../../avr32/lib/ucr1\libc.a(lib_a-vfprintf.o)
 .text._vfprintf_r
                0x8000aa54     0x1fa4 e:/programme/atmel/atmel toolchain/avr32 gcc/native/3.4.1067/avr32-gnu-toolchain/bin/../lib/gcc/avr32/4.4.7/../../../../avr32/lib/ucr1\libc.a(lib_a-vfprintf.o)
                0x8000aa54                _vfprintf_r
 .text.__swbuf_r
                0x8000c9f8       0xbc e:/programme/atmel/atmel toolchain/avr32 gcc/native/3.4.1067/avr32-gnu-toolchain/bin/../lib/gcc/avr32/4.4.7/../../../../avr32/lib/ucr1\libc.a(lib_a-wbuf.o)
                0x8000c9f8                __swbuf_r
 .text.__swsetup_r
                0x8000cab4       0xe8 e:/programme/atmel/atmel toolchain/avr32 gcc/native/3.4.1067/avr32-gnu-toolchain/bin/../lib/gcc/avr32/4.4.7/../../../../avr32/lib/ucr1\libc.a(lib_a-wsetup.o)
                0x8000cab4                __swsetup_r
 .text.quorem   0x8000cb9c      0x124 e:/programme/atmel/atmel toolchain/avr32 gcc/native/3.4.1067/avr32-gnu-toolchain/bin/../lib/gcc/avr32/4.4.7/../../../../avr32/lib/ucr1\libc.a(lib_a-dtoa.o)
 .text._dtoa_r  0x8000ccc0      0xcac e:/programme/atmel/atmel toolchain/avr32 gcc/native/3.4.1067/avr32-gnu-toolchain/bin/../lib/gcc/avr32/4.4.7/../../../../avr32/lib/ucr1\libc.a(lib_a-dtoa.o)
                0x8000ccc0                _dtoa_r
 .text.__errno  0x8000d96c        0xc e:/programme/atmel/atmel toolchain/avr32 gcc/native/3.4.1067/avr32-gnu-toolchain/bin/../lib/gcc/avr32/4.4.7/../../../../avr32/lib/ucr1\libc.a(lib_a-errno.o)
                0x8000d96c                __errno
 .text._fflush_r
                0x8000d978      0x114 e:/programme/atmel/atmel toolchain/avr32 gcc/native/3.4.1067/avr32-gnu-toolchain/bin/../lib/gcc/avr32/4.4.7/../../../../avr32/lib/ucr1\libc.a(lib_a-fflush.o)
                0x8000d978                _fflush_r
 .text.__sfp_lock_acquire
                0x8000da8c        0x2 e:/programme/atmel/atmel toolchain/avr32 gcc/native/3.4.1067/avr32-gnu-toolchain/bin/../lib/gcc/avr32/4.4.7/../../../../avr32/lib/ucr1\libc.a(lib_a-findfp.o)
                0x8000da8c                __sfp_lock_acquire
 .text.__sfp_lock_release
                0x8000da8e        0x2 e:/programme/atmel/atmel toolchain/avr32 gcc/native/3.4.1067/avr32-gnu-toolchain/bin/../lib/gcc/avr32/4.4.7/../../../../avr32/lib/ucr1\libc.a(lib_a-findfp.o)
                0x8000da8e                __sfp_lock_release
 .text._cleanup_r
                0x8000da90       0x14 e:/programme/atmel/atmel toolchain/avr32 gcc/native/3.4.1067/avr32-gnu-toolchain/bin/../lib/gcc/avr32/4.4.7/../../../../avr32/lib/ucr1\libc.a(lib_a-findfp.o)
                0x8000da90                _cleanup_r
 .text.__sfmoreglue
                0x8000daa4       0x30 e:/programme/atmel/atmel toolchain/avr32 gcc/native/3.4.1067/avr32-gnu-toolchain/bin/../lib/gcc/avr32/4.4.7/../../../../avr32/lib/ucr1\libc.a(lib_a-findfp.o)
                0x8000daa4                __sfmoreglue
 .text.__sfp    0x8000dad4       0x7c e:/programme/atmel/atmel toolchain/avr32 gcc/native/3.4.1067/avr32-gnu-toolchain/bin/../lib/gcc/avr32/4.4.7/../../../../avr32/lib/ucr1\libc.a(lib_a-findfp.o)
                0x8000dad4                __sfp
 .text.__sinit  0x8000db50       0xb0 e:/programme/atmel/atmel toolchain/avr32 gcc/native/3.4.1067/avr32-gnu-toolchain/bin/../lib/gcc/avr32/4.4.7/../../../../avr32/lib/ucr1\libc.a(lib_a-findfp.o)
                0x8000db50                __sinit
 .text._malloc_trim_r
                0x8000dc00       0xa8 e:/programme/atmel/atmel toolchain/avr32 gcc/native/3.4.1067/avr32-gnu-toolchain/bin/../lib/gcc/avr32/4.4.7/../../../../avr32/lib/ucr1\libc.a(lib_a-freer.o)
                0x8000dc00                _malloc_trim_r
 .text._free_r  0x8000dca8      0x19c e:/programme/atmel/atmel toolchain/avr32 gcc/native/3.4.1067/avr32-gnu-toolchain/bin/../lib/gcc/avr32/4.4.7/../../../../avr32/lib/ucr1\libc.a(lib_a-freer.o)
                0x8000dca8                _free_r
 .text._fwalk   0x8000de44       0x54 e:/programme/atmel/atmel toolchain/avr32 gcc/native/3.4.1067/avr32-gnu-toolchain/bin/../lib/gcc/avr32/4.4.7/../../../../avr32/lib/ucr1\libc.a(lib_a-fwalk.o)
                0x8000de44                _fwalk
 .text._localeconv_r
                0x8000de98        0x8 e:/programme/atmel/atmel toolchain/avr32 gcc/native/3.4.1067/avr32-gnu-toolchain/bin/../lib/gcc/avr32/4.4.7/../../../../avr32/lib/ucr1\libc.a(lib_a-locale.o)
                0x8000de98                _localeconv_r
 .text.__smakebuf_r
                0x8000dea0       0xcc e:/programme/atmel/atmel toolchain/avr32 gcc/native/3.4.1067/avr32-gnu-toolchain/bin/../lib/gcc/avr32/4.4.7/../../../../avr32/lib/ucr1\libc.a(lib_a-makebuf.o)
                0x8000dea0                __smakebuf_r
 .text.__hi0bits
                0x8000df6c       0x76 e:/programme/atmel/atmel toolchain/avr32 gcc/native/3.4.1067/avr32-gnu-toolchain/bin/../lib/gcc/avr32/4.4.7/../../../../avr32/lib/ucr1\libc.a(lib_a-mprec.o)
                0x8000df6c                __hi0bits
 .text.__lo0bits
                0x8000dfe2       0x8e e:/programme/atmel/atmel toolchain/avr32 gcc/native/3.4.1067/avr32-gnu-toolchain/bin/../lib/gcc/avr32/4.4.7/../../../../avr32/lib/ucr1\libc.a(lib_a-mprec.o)
                0x8000dfe2                __lo0bits
 .text.__mcmp   0x8000e070       0x32 e:/programme/atmel/atmel toolchain/avr32 gcc/native/3.4.1067/avr32-gnu-toolchain/bin/../lib/gcc/avr32/4.4.7/../../../../avr32/lib/ucr1\libc.a(lib_a-mprec.o)
                0x8000e070                __mcmp
 *fill*         0x8000e0a2        0x2 d703d703
 .text._Bfree   0x8000e0a4       0x38 e:/programme/atmel/atmel toolchain/avr32 gcc/native/3.4.1067/avr32-gnu-toolchain/bin/../lib/gcc/avr32/4.4.7/../../../../avr32/lib/ucr1\libc.a(lib_a-mprec.o)
                0x8000e0a4                _Bfree
 .text._Balloc  0x8000e0dc       0x78 e:/programme/atmel/atmel toolchain/avr32 gcc/native/3.4.1067/avr32-gnu-toolchain/bin/../lib/gcc/avr32/4.4.7/../../../../avr32/lib/ucr1\libc.a(lib_a-mprec.o)
                0x8000e0dc                _Balloc
 .text.__d2b    0x8000e154       0xb4 e:/programme/atmel/atmel toolchain/avr32 gcc/native/3.4.1067/avr32-gnu-toolchain/bin/../lib/gcc/avr32/4.4.7/../../../../avr32/lib/ucr1\libc.a(lib_a-mprec.o)
                0x8000e154                __d2b
 .text.__mdiff  0x8000e208       0xd8 e:/programme/atmel/atmel toolchain/avr32 gcc/native/3.4.1067/avr32-gnu-toolchain/bin/../lib/gcc/avr32/4.4.7/../../../../avr32/lib/ucr1\libc.a(lib_a-mprec.o)
                0x8000e208                __mdiff
 .text.__lshift
                0x8000e2e0       0x94 e:/programme/atmel/atmel toolchain/avr32 gcc/native/3.4.1067/avr32-gnu-toolchain/bin/../lib/gcc/avr32/4.4.7/../../../../avr32/lib/ucr1\libc.a(lib_a-mprec.o)
                0x8000e2e0                __lshift
 .text.__multiply
                0x8000e374      0x104 e:/programme/atmel/atmel toolchain/avr32 gcc/native/3.4.1067/avr32-gnu-toolchain/bin/../lib/gcc/avr32/4.4.7/../../../../avr32/lib/ucr1\libc.a(lib_a-mprec.o)
                0x8000e374                __multiply
 .text.__i2b    0x8000e478       0x18 e:/programme/atmel/atmel toolchain/avr32 gcc/native/3.4.1067/avr32-gnu-toolchain/bin/../lib/gcc/avr32/4.4.7/../../../../avr32/lib/ucr1\libc.a(lib_a-mprec.o)
                0x8000e478                __i2b
 .text.__multadd
                0x8000e490       0x88 e:/programme/atmel/atmel toolchain/avr32 gcc/native/3.4.1067/avr32-gnu-toolchain/bin/../lib/gcc/avr32/4.4.7/../../../../avr32/lib/ucr1\libc.a(lib_a-mprec.o)
                0x8000e490                __multadd
 .text.__pow5mult
                0x8000e518       0xac e:/programme/atmel/atmel toolchain/avr32 gcc/native/3.4.1067/avr32-gnu-toolchain/bin/../lib/gcc/avr32/4.4.7/../../../../avr32/lib/ucr1\libc.a(lib_a-mprec.o)
                0x8000e518                __pow5mult
 .text.__isinfd
                0x8000e5c4       0x2c e:/programme/atmel/atmel toolchain/avr32 gcc/native/3.4.1067/avr32-gnu-toolchain/bin/../lib/gcc/avr32/4.4.7/../../../../avr32/lib/ucr1\libc.a(lib_a-s_isinfd.o)
                0x8000e5c4                __isinfd
 .text.__isnand
                0x8000e5f0       0x1e e:/programme/atmel/atmel toolchain/avr32 gcc/native/3.4.1067/avr32-gnu-toolchain/bin/../lib/gcc/avr32/4.4.7/../../../../avr32/lib/ucr1\libc.a(lib_a-s_isnand.o)
                0x8000e5f0                __isnand
 *fill*         0x8000e60e        0x2 d703d703
 .text.__sclose
                0x8000e610       0x10 e:/programme/atmel/atmel toolchain/avr32 gcc/native/3.4.1067/avr32-gnu-toolchain/bin/../lib/gcc/avr32/4.4.7/../../../../avr32/lib/ucr1\libc.a(lib_a-stdio.o)
                0x8000e610                __sclose
 .text.__sseek  0x8000e620       0x24 e:/programme/atmel/atmel toolchain/avr32 gcc/native/3.4.1067/avr32-gnu-toolchain/bin/../lib/gcc/avr32/4.4.7/../../../../avr32/lib/ucr1\libc.a(lib_a-stdio.o)
                0x8000e620                __sseek
 .text.__swrite
                0x8000e644       0x38 e:/programme/atmel/atmel toolchain/avr32 gcc/native/3.4.1067/avr32-gnu-toolchain/bin/../lib/gcc/avr32/4.4.7/../../../../avr32/lib/ucr1\libc.a(lib_a-stdio.o)
                0x8000e644                __swrite
 .text.__sread  0x8000e67c       0x24 e:/programme/atmel/atmel toolchain/avr32 gcc/native/3.4.1067/avr32-gnu-toolchain/bin/../lib/gcc/avr32/4.4.7/../../../../avr32/lib/ucr1\libc.a(lib_a-stdio.o)
                0x8000e67c                __sread
 .text._write_r
                0x8000e6a0       0x2c e:/programme/atmel/atmel toolchain/avr32 gcc/native/3.4.1067/avr32-gnu-toolchain/bin/../lib/gcc/avr32/4.4.7/../../../../avr32/lib/ucr1\libc.a(lib_a-writer.o)
                0x8000e6a0                _write_r
 .text._calloc_r
                0x8000e6cc       0x60 e:/programme/atmel/atmel toolchain/avr32 gcc/native/3.4.1067/avr32-gnu-toolchain/bin/../lib/gcc/avr32/4.4.7/../../../../avr32/lib/ucr1\libc.a(lib_a-callocr.o)
                0x8000e6cc                _calloc_r
 .text._close_r
                0x8000e72c       0x28 e:/programme/atmel/atmel toolchain/avr32 gcc/native/3.4.1067/avr32-gnu-toolchain/bin/../lib/gcc/avr32/4.4.7/../../../../avr32/lib/ucr1\libc.a(lib_a-closer.o)
                0x8000e72c                _close_r
 .text._fclose_r
                0x8000e754       0xd0 e:/programme/atmel/atmel toolchain/avr32 gcc/native/3.4.1067/avr32-gnu-toolchain/bin/../lib/gcc/avr32/4.4.7/../../../../avr32/lib/ucr1\libc.a(lib_a-fclose.o)
                0x8000e754                _fclose_r
 .text.fclose   0x8000e824       0x18 e:/programme/atmel/atmel toolchain/avr32 gcc/native/3.4.1067/avr32-gnu-toolchain/bin/../lib/gcc/avr32/4.4.7/../../../../avr32/lib/ucr1\libc.a(lib_a-fclose.o)
                0x8000e824                fclose
 .text._fstat_r
                0x8000e83c       0x2c e:/programme/atmel/atmel toolchain/avr32 gcc/native/3.4.1067/avr32-gnu-toolchain/bin/../lib/gcc/avr32/4.4.7/../../../../avr32/lib/ucr1\libc.a(lib_a-fstatr.o)
                0x8000e83c                _fstat_r
 .text._lseek_r
                0x8000e868       0x2c e:/programme/atmel/atmel toolchain/avr32 gcc/native/3.4.1067/avr32-gnu-toolchain/bin/../lib/gcc/avr32/4.4.7/../../../../avr32/lib/ucr1\libc.a(lib_a-lseekr.o)
                0x8000e868                _lseek_r
 .text._read_r  0x8000e894       0x2c e:/programme/atmel/atmel toolchain/avr32 gcc/native/3.4.1067/avr32-gnu-toolchain/bin/../lib/gcc/avr32/4.4.7/../../../../avr32/lib/ucr1\libc.a(lib_a-readr.o)
                0x8000e894                _read_r
 .text          0x8000e8c0       0xea e:/programme/atmel/atmel toolchain/avr32 gcc/native/3.4.1067/avr32-gnu-toolchain/bin/../lib/gcc/avr32/4.4.7/ucr1\libgcc.a(_avr32_s32_to_f64.o)
                0x8000e8c0                __avr32_u32_to_f64
                0x8000e8c8                __avr32_s32_to_f64
 .text          0x8000e9aa       0x28 e:/programme/atmel/atmel toolchain/avr32 gcc/native/3.4.1067/avr32-gnu-toolchain/bin/../lib/gcc/avr32/4.4.7/ucr1\libgcc.a(_avr32_f64_cmp_eq.o)
                0x8000e9aa                __avr32_f64_cmp_eq
 .text          0x8000e9d2       0x6a e:/programme/atmel/atmel toolchain/avr32 gcc/native/3.4.1067/avr32-gnu-toolchain/bin/../lib/gcc/avr32/4.4.7/ucr1\libgcc.a(_avr32_f64_cmp_ge.o)
                0x8000e9d2                __avr32_f64_cmp_ge
 .text          0x8000ea3c       0x6a e:/programme/atmel/atmel toolchain/avr32 gcc/native/3.4.1067/avr32-gnu-toolchain/bin/../lib/gcc/avr32/4.4.7/ucr1\libgcc.a(_avr32_f64_cmp_lt.o)
                0x8000ea3c                __avr32_f64_cmp_lt
 .text          0x8000eaa6      0x288 e:/programme/atmel/atmel toolchain/avr32 gcc/native/3.4.1067/avr32-gnu-toolchain/bin/../lib/gcc/avr32/4.4.7/ucr1\libgcc.a(_udivdi3.o)
                0x8000eaa6                __avr32_udiv64
                0x8000eaa6                __udivdi3
 .text          0x8000ed2e      0x22c e:/programme/atmel/atmel toolchain/avr32 gcc/native/3.4.1067/avr32-gnu-toolchain/bin/../lib/gcc/avr32/4.4.7/ucr1\libgcc.a(_umoddi3.o)
                0x8000ed2e                __avr32_umod64
                0x8000ed2e                __umoddi3
 *(.text.*personality*)
 *(.gnu.warning)

.exception      0x8000f000      0x200
 .exception     0x8000f000      0x200 assembler/exception.o
                0x8000f000                _evba
                0x8000f104                _int0
                0x8000f11c                _int1
                0x8000f134                _int2
                0x8000f14c                _int3

.fini
 *(.fini)
                0x8000f200                PROVIDE (__etext, .)
                0x8000f200                PROVIDE (_etext, .)
                0x8000f200                PROVIDE (etext, .)

.rodata         0x8000f200      0xefc
 *(.rodata .rodata.* .gnu.linkonce.r.*)
 .rodata._ZTVSt9bad_alloc
                0x8000f200       0x14 e:/programme/atmel/atmel toolchain/avr32 gcc/native/3.4.1067/avr32-gnu-toolchain/bin/../lib/gcc/avr32/4.4.7/ucr1\libstdc++.a(new_handler.o)
                0x8000f200                vtable for std::bad_alloc
 .rodata._ZTSSt9bad_alloc
                0x8000f214       0x10 e:/programme/atmel/atmel toolchain/avr32 gcc/native/3.4.1067/avr32-gnu-toolchain/bin/../lib/gcc/avr32/4.4.7/ucr1\libstdc++.a(new_handler.o)
                0x8000f214                typeinfo name for std::bad_alloc
 .rodata._ZTISt9bad_alloc
                0x8000f224        0xc e:/programme/atmel/atmel toolchain/avr32 gcc/native/3.4.1067/avr32-gnu-toolchain/bin/../lib/gcc/avr32/4.4.7/ucr1\libstdc++.a(new_handler.o)
                0x8000f224                typeinfo for std::bad_alloc
 .rodata.str1.4
                0x8000f230        0xf e:/programme/atmel/atmel toolchain/avr32 gcc/native/3.4.1067/avr32-gnu-toolchain/bin/../lib/gcc/avr32/4.4.7/ucr1\libstdc++.a(new_handler.o)
                                 0x10 (size before relaxing)
 *fill*         0x8000f23f        0x1 
 .rodata._ZTVN10__cxxabiv120__si_class_type_infoE
                0x8000f240       0x2c e:/programme/atmel/atmel toolchain/avr32 gcc/native/3.4.1067/avr32-gnu-toolchain/bin/../lib/gcc/avr32/4.4.7/ucr1\libstdc++.a(si_class_type_info.o)
                0x8000f240                vtable for __cxxabiv1::__si_class_type_info
 .rodata._ZTSN10__cxxabiv120__si_class_type_infoE
                0x8000f26c       0x28 e:/programme/atmel/atmel toolchain/avr32 gcc/native/3.4.1067/avr32-gnu-toolchain/bin/../lib/gcc/avr32/4.4.7/ucr1\libstdc++.a(si_class_type_info.o)
                0x8000f26c                typeinfo name for __cxxabiv1::__si_class_type_info
 .rodata._ZTIN10__cxxabiv120__si_class_type_infoE
                0x8000f294        0xc e:/programme/atmel/atmel toolchain/avr32 gcc/native/3.4.1067/avr32-gnu-toolchain/bin/../lib/gcc/avr32/4.4.7/ucr1\libstdc++.a(si_class_type_info.o)
                0x8000f294                typeinfo for __cxxabiv1::__si_class_type_info
 .rodata._ZL28read_encoded_value_with_basehjPKhPj
                0x8000f2a0       0x34 e:/programme/atmel/atmel toolchain/avr32 gcc/native/3.4.1067/avr32-gnu-toolchain/bin/../lib/gcc/avr32/4.4.7/ucr1\libstdc++.a(eh_personality.o)
 .rodata._ZTVSt13bad_exception
                0x8000f2d4       0x14 e:/programme/atmel/atmel toolchain/avr32 gcc/native/3.4.1067/avr32-gnu-toolchain/bin/../lib/gcc/avr32/4.4.7/ucr1\libstdc++.a(eh_exception.o)
                0x8000f2d4                vtable for std::bad_exception
 .rodata._ZTVSt9exception
                0x8000f2e8       0x14 e:/programme/atmel/atmel toolchain/avr32 gcc/native/3.4.1067/avr32-gnu-toolchain/bin/../lib/gcc/avr32/4.4.7/ucr1\libstdc++.a(eh_exception.o)
                0x8000f2e8                vtable for std::exception
 .rodata._ZTSN10__cxxabiv119__foreign_exceptionE
                0x8000f2fc       0x24 e:/programme/atmel/atmel toolchain/avr32 gcc/native/3.4.1067/avr32-gnu-toolchain/bin/../lib/gcc/avr32/4.4.7/ucr1\libstdc++.a(eh_exception.o)
                0x8000f2fc                typeinfo name for __cxxabiv1::__foreign_exception
 .rodata._ZTIN10__cxxabiv119__foreign_exceptionE
                0x8000f320        0x8 e:/programme/atmel/atmel toolchain/avr32 gcc/native/3.4.1067/avr32-gnu-toolchain/bin/../lib/gcc/avr32/4.4.7/ucr1\libstdc++.a(eh_exception.o)
                0x8000f320                typeinfo for __cxxabiv1::__foreign_exception
 .rodata._ZTSN10__cxxabiv115__forced_unwindE
                0x8000f328       0x20 e:/programme/atmel/atmel toolchain/avr32 gcc/native/3.4.1067/avr32-gnu-toolchain/bin/../lib/gcc/avr32/4.4.7/ucr1\libstdc++.a(eh_exception.o)
                0x8000f328                typeinfo name for __cxxabiv1::__forced_unwind
 .rodata._ZTIN10__cxxabiv115__forced_unwindE
                0x8000f348        0x8 e:/programme/atmel/atmel toolchain/avr32 gcc/native/3.4.1067/avr32-gnu-toolchain/bin/../lib/gcc/avr32/4.4.7/ucr1\libstdc++.a(eh_exception.o)
                0x8000f348                typeinfo for __cxxabiv1::__forced_unwind
 .rodata._ZTSSt13bad_exception
                0x8000f350       0x14 e:/programme/atmel/atmel toolchain/avr32 gcc/native/3.4.1067/avr32-gnu-toolchain/bin/../lib/gcc/avr32/4.4.7/ucr1\libstdc++.a(eh_exception.o)
                0x8000f350                typeinfo name for std::bad_exception
 .rodata._ZTISt13bad_exception
                0x8000f364        0xc e:/programme/atmel/atmel toolchain/avr32 gcc/native/3.4.1067/avr32-gnu-toolchain/bin/../lib/gcc/avr32/4.4.7/ucr1\libstdc++.a(eh_exception.o)
                0x8000f364                typeinfo for std::bad_exception
 .rodata._ZTSSt9exception
                0x8000f370       0x10 e:/programme/atmel/atmel toolchain/avr32 gcc/native/3.4.1067/avr32-gnu-toolchain/bin/../lib/gcc/avr32/4.4.7/ucr1\libstdc++.a(eh_exception.o)
                0x8000f370                typeinfo name for std::exception
 .rodata._ZTISt9exception
                0x8000f380        0x8 e:/programme/atmel/atmel toolchain/avr32 gcc/native/3.4.1067/avr32-gnu-toolchain/bin/../lib/gcc/avr32/4.4.7/ucr1\libstdc++.a(eh_exception.o)
                0x8000f380                typeinfo for std::exception
 .rodata.str1.4
                0x8000f388       0x23 e:/programme/atmel/atmel toolchain/avr32 gcc/native/3.4.1067/avr32-gnu-toolchain/bin/../lib/gcc/avr32/4.4.7/ucr1\libstdc++.a(eh_exception.o)
                                 0x24 (size before relaxing)
 *fill*         0x8000f3ab        0x1 
 .rodata._ZTVSt9type_info
                0x8000f3ac       0x20 e:/programme/atmel/atmel toolchain/avr32 gcc/native/3.4.1067/avr32-gnu-toolchain/bin/../lib/gcc/avr32/4.4.7/ucr1\libstdc++.a(tinfo.o)
                0x8000f3ac                vtable for std::type_info
 .rodata._ZTSSt9type_info
                0x8000f3cc       0x10 e:/programme/atmel/atmel toolchain/avr32 gcc/native/3.4.1067/avr32-gnu-toolchain/bin/../lib/gcc/avr32/4.4.7/ucr1\libstdc++.a(tinfo.o)
                0x8000f3cc                typeinfo name for std::type_info
 .rodata._ZTISt9type_info
                0x8000f3dc        0x8 e:/programme/atmel/atmel toolchain/avr32 gcc/native/3.4.1067/avr32-gnu-toolchain/bin/../lib/gcc/avr32/4.4.7/ucr1\libstdc++.a(tinfo.o)
                0x8000f3dc                typeinfo for std::type_info
 .rodata._ZTVN10__cxxabiv117__class_type_infoE
                0x8000f3e4       0x2c e:/programme/atmel/atmel toolchain/avr32 gcc/native/3.4.1067/avr32-gnu-toolchain/bin/../lib/gcc/avr32/4.4.7/ucr1\libstdc++.a(class_type_info.o)
                0x8000f3e4                vtable for __cxxabiv1::__class_type_info
 .rodata._ZTSN10__cxxabiv117__class_type_infoE
                0x8000f410       0x24 e:/programme/atmel/atmel toolchain/avr32 gcc/native/3.4.1067/avr32-gnu-toolchain/bin/../lib/gcc/avr32/4.4.7/ucr1\libstdc++.a(class_type_info.o)
                0x8000f410                typeinfo name for __cxxabiv1::__class_type_info
 .rodata._ZTIN10__cxxabiv117__class_type_infoE
                0x8000f434        0xc e:/programme/atmel/atmel toolchain/avr32 gcc/native/3.4.1067/avr32-gnu-toolchain/bin/../lib/gcc/avr32/4.4.7/ucr1\libstdc++.a(class_type_info.o)
                0x8000f434                typeinfo for __cxxabiv1::__class_type_info
 .rodata.str1.4
                0x8000f440       0x92 e:/programme/atmel/atmel toolchain/avr32 gcc/native/3.4.1067/avr32-gnu-toolchain/bin/../lib/gcc/avr32/4.4.7/ucr1\libstdc++.a(vterminate.o)
                                 0x94 (size before relaxing)
 *fill*         0x8000f4d2        0x2 
 .rodata.str1.4
                0x8000f4d4      0x6a3 e:/programme/atmel/atmel toolchain/avr32 gcc/native/3.4.1067/avr32-gnu-toolchain/bin/../lib/gcc/avr32/4.4.7/ucr1\libstdc++.a(cp-demangle.o)
                                0x6d0 (size before relaxing)
 *fill*         0x8000fb77        0x1 
 .rodata.str1.4
                0x8000fb78        0x2 e:/programme/atmel/atmel toolchain/avr32 gcc/native/3.4.1067/avr32-gnu-toolchain/bin/../lib/gcc/avr32/4.4.7/../../../../avr32/lib/ucr1\libc.a(lib_a-impure.o)
                                  0x4 (size before relaxing)
 *fill*         0x8000fb7a        0x2 
 .rodata._global_impure_ptr
                0x8000fb7c        0x4 e:/programme/atmel/atmel toolchain/avr32 gcc/native/3.4.1067/avr32-gnu-toolchain/bin/../lib/gcc/avr32/4.4.7/../../../../avr32/lib/ucr1\libc.a(lib_a-impure.o)
                0x8000fb7c                _global_impure_ptr
 .rodata.get_arg
                0x8000fb80       0x3c e:/programme/atmel/atmel toolchain/avr32 gcc/native/3.4.1067/avr32-gnu-toolchain/bin/../lib/gcc/avr32/4.4.7/../../../../avr32/lib/ucr1\libc.a(lib_a-vfprintf.o)
 .rodata._vfprintf_r
                0x8000fbbc      0x164 e:/programme/atmel/atmel toolchain/avr32 gcc/native/3.4.1067/avr32-gnu-toolchain/bin/../lib/gcc/avr32/4.4.7/../../../../avr32/lib/ucr1\libc.a(lib_a-vfprintf.o)
 .rodata.state_table
                0x8000fd20       0x6c e:/programme/atmel/atmel toolchain/avr32 gcc/native/3.4.1067/avr32-gnu-toolchain/bin/../lib/gcc/avr32/4.4.7/../../../../avr32/lib/ucr1\libc.a(lib_a-vfprintf.o)
 .rodata.action_table
                0x8000fd8c       0x6c e:/programme/atmel/atmel toolchain/avr32 gcc/native/3.4.1067/avr32-gnu-toolchain/bin/../lib/gcc/avr32/4.4.7/../../../../avr32/lib/ucr1\libc.a(lib_a-vfprintf.o)
 .rodata.str1.4
                0x8000fdf8       0x3a e:/programme/atmel/atmel toolchain/avr32 gcc/native/3.4.1067/avr32-gnu-toolchain/bin/../lib/gcc/avr32/4.4.7/../../../../avr32/lib/ucr1\libc.a(lib_a-vfprintf.o)
                                 0x3c (size before relaxing)
 *fill*         0x8000fe32        0x2 
 .rodata.blanks.3430
                0x8000fe34       0x10 e:/programme/atmel/atmel toolchain/avr32 gcc/native/3.4.1067/avr32-gnu-toolchain/bin/../lib/gcc/avr32/4.4.7/../../../../avr32/lib/ucr1\libc.a(lib_a-vfprintf.o)
 .rodata.zeroes.3431
                0x8000fe44       0x10 e:/programme/atmel/atmel toolchain/avr32 gcc/native/3.4.1067/avr32-gnu-toolchain/bin/../lib/gcc/avr32/4.4.7/../../../../avr32/lib/ucr1\libc.a(lib_a-vfprintf.o)
 .rodata.chclass
                0x8000fe54      0x100 e:/programme/atmel/atmel toolchain/avr32 gcc/native/3.4.1067/avr32-gnu-toolchain/bin/../lib/gcc/avr32/4.4.7/../../../../avr32/lib/ucr1\libc.a(lib_a-vfprintf.o)
 .rodata.str1.4
                0x8000ff54       0x10 e:/programme/atmel/atmel toolchain/avr32 gcc/native/3.4.1067/avr32-gnu-toolchain/bin/../lib/gcc/avr32/4.4.7/../../../../avr32/lib/ucr1\libc.a(lib_a-dtoa.o)
                                 0x14 (size before relaxing)
 .rodata.__sf_fake_stdin
                0x8000ff64       0x20 e:/programme/atmel/atmel toolchain/avr32 gcc/native/3.4.1067/avr32-gnu-toolchain/bin/../lib/gcc/avr32/4.4.7/../../../../avr32/lib/ucr1\libc.a(lib_a-findfp.o)
                0x8000ff64                __sf_fake_stdin
 .rodata.__sf_fake_stdout
                0x8000ff84       0x20 e:/programme/atmel/atmel toolchain/avr32 gcc/native/3.4.1067/avr32-gnu-toolchain/bin/../lib/gcc/avr32/4.4.7/../../../../avr32/lib/ucr1\libc.a(lib_a-findfp.o)
                0x8000ff84                __sf_fake_stdout
 .rodata.__sf_fake_stderr
                0x8000ffa4       0x20 e:/programme/atmel/atmel toolchain/avr32 gcc/native/3.4.1067/avr32-gnu-toolchain/bin/../lib/gcc/avr32/4.4.7/../../../../avr32/lib/ucr1\libc.a(lib_a-findfp.o)
                0x8000ffa4                __sf_fake_stderr
 .rodata.lconv  0x8000ffc4       0x30 e:/programme/atmel/atmel toolchain/avr32 gcc/native/3.4.1067/avr32-gnu-toolchain/bin/../lib/gcc/avr32/4.4.7/../../../../avr32/lib/ucr1\libc.a(lib_a-locale.o)
 .rodata.str1.4
                0x8000fff4        0xc e:/programme/atmel/atmel toolchain/avr32 gcc/native/3.4.1067/avr32-gnu-toolchain/bin/../lib/gcc/avr32/4.4.7/../../../../avr32/lib/ucr1\libc.a(lib_a-locale.o)
                                 0x18 (size before relaxing)
 .rodata.p05.2471
                0x80010000        0xc e:/programme/atmel/atmel toolchain/avr32 gcc/native/3.4.1067/avr32-gnu-toolchain/bin/../lib/gcc/avr32/4.4.7/../../../../avr32/lib/ucr1\libc.a(lib_a-mprec.o)
 .rodata.__mprec_tens
                0x8001000c       0xc8 e:/programme/atmel/atmel toolchain/avr32 gcc/native/3.4.1067/avr32-gnu-toolchain/bin/../lib/gcc/avr32/4.4.7/../../../../avr32/lib/ucr1\libc.a(lib_a-mprec.o)
                0x8001000c                __mprec_tens
 .rodata.__mprec_bigtens
                0x800100d4       0x28 e:/programme/atmel/atmel toolchain/avr32 gcc/native/3.4.1067/avr32-gnu-toolchain/bin/../lib/gcc/avr32/4.4.7/../../../../avr32/lib/ucr1\libc.a(lib_a-mprec.o)
                0x800100d4                __mprec_bigtens

.rodata1
 *(.rodata1)

.eh_frame_hdr
 *(.eh_frame_hdr)

.eh_frame
 *(.eh_frame)

.gcc_except_table
 *(.gcc_except_table)
 *(.gcc_except_table.*)

.dalign         0x800100fc        0x4
                0x80010100                . = ALIGN (0x8)
 *fill*         0x800100fc        0x4 
                0x80010100                PROVIDE (_data_lma, .)
                0x00000004                PROVIDE (_data, ORIGIN (CPUSRAM))
                0x00000004                . = ORIGIN (CPUSRAM)

.eh_frame
 *(.eh_frame)

.gcc_except_table
                0x00000004       0x88 load address 0x80010100
 *(.gcc_except_table)
 *(.gcc_except_table.*)
 .gcc_except_table.main
                0x00000004        0x6 main.o
 .gcc_except_table._ZN9ADCSensor15getIntegerValueEbm
                0x0000000a        0x6 Sensor/ADCSensor.o
 .gcc_except_table._Znwm
                0x00000010       0x14 e:/programme/atmel/atmel toolchain/avr32 gcc/native/3.4.1067/avr32-gnu-toolchain/bin/../lib/gcc/avr32/4.4.7/ucr1\libstdc++.a(new_op.o)
 .gcc_except_table.__cxa_allocate_exception
                0x00000024       0x10 e:/programme/atmel/atmel toolchain/avr32 gcc/native/3.4.1067/avr32-gnu-toolchain/bin/../lib/gcc/avr32/4.4.7/ucr1\libstdc++.a(eh_alloc.o)
 .gcc_except_table.__cxa_call_unexpected
                0x00000034       0x10 e:/programme/atmel/atmel toolchain/avr32 gcc/native/3.4.1067/avr32-gnu-toolchain/bin/../lib/gcc/avr32/4.4.7/ucr1\libstdc++.a(eh_personality.o)
 .gcc_except_table.__gxx_personality_sj0
                0x00000044       0x10 e:/programme/atmel/atmel toolchain/avr32 gcc/native/3.4.1067/avr32-gnu-toolchain/bin/../lib/gcc/avr32/4.4.7/ucr1\libstdc++.a(eh_personality.o)
 .gcc_except_table._ZN10__cxxabiv111__terminateEPFvvE
                0x00000054       0x10 e:/programme/atmel/atmel toolchain/avr32 gcc/native/3.4.1067/avr32-gnu-toolchain/bin/../lib/gcc/avr32/4.4.7/ucr1\libstdc++.a(eh_terminate.o)
 .gcc_except_table.__cxa_begin_catch
                0x00000064       0x10 e:/programme/atmel/atmel toolchain/avr32 gcc/native/3.4.1067/avr32-gnu-toolchain/bin/../lib/gcc/avr32/4.4.7/ucr1\libstdc++.a(eh_catch.o)
 .gcc_except_table._ZN9__gnu_cxx27__verbose_terminate_handlerEv
                0x00000074       0x18 e:/programme/atmel/atmel toolchain/avr32 gcc/native/3.4.1067/avr32-gnu-toolchain/bin/../lib/gcc/avr32/4.4.7/ucr1\libstdc++.a(vterminate.o)

.tdata
 *(.tdata .tdata.* .gnu.linkonce.td.*)

.tbss
 *(.tbss .tbss.* .gnu.linkonce.tb.*)
 *(.tcommon)
                0x0000008c                PROVIDE (__preinit_array_start, ALIGN (0x4))

.preinit_array
 *(.preinit_array)
                0x0000008c                PROVIDE (__preinit_array_end, .)
                0x0000008c                PROVIDE (__init_array_start, .)

.init_array
 *(.init_array)
                0x0000008c                PROVIDE (__init_array_end, .)
                0x0000008c                PROVIDE (__fini_array_start, .)

.fini_array
 *(.fini_array)
                0x0000008c                PROVIDE (__fini_array_end, .)

.ctors          0x0000008c        0x4 load address 0x80010188
 *crtbegin*.o(.ctors)
 *(EXCLUDE_FILE(*crtend*.o) .ctors)
 .ctors         0x0000008c        0x4 e:/programme/atmel/atmel toolchain/avr32 gcc/native/3.4.1067/avr32-gnu-toolchain/bin/../lib/gcc/avr32/4.4.7/ucr1\libstdc++.a(eh_alloc.o)
 *(SORT(.ctors.*))
 *(.ctors)

.dtors
 *crtbegin*.o(.dtors)
 *(EXCLUDE_FILE(*crtend*.o) .dtors)
 *(SORT(.dtors.*))
 *(.dtors)

.jcr
 *(.jcr)

.data.rel.ro
 *(.data.rel.ro.local)
 *(.data.rel.ro*)

.dynamic
 *(.dynamic)

.got
 *(.got.plt)
 *(.got)

.data           0x00000090      0x548 load address 0x8001018c
 *(.data .data.* .gnu.linkonce.d.*)
 .data          0x00000090        0x8 Segway/Segway.o
                0x00000090                Segway::MYAVR32_GPIO_ADDRESS
                0x00000094                Segway::BLUETOOTH_NAME
 .data          0x00000098        0x8 main.o
                0x00000098                MYAVR32_PM_ADDRESS
                0x0000009c                MYAVR32_INTC_ADDRESS
 .data          0x000000a0       0x2c Timer/Timer.o
                0x000000a0                TC
                0x000000a4                CCR0
                0x000000a8                CMR0
                0x000000ac                CV0
                0x000000b0                RA0
                0x000000b4                RB0
                0x000000b8                RC0
                0x000000bc                SR0
                0x000000c0                IER0
                0x000000c4                IDR0
                0x000000c8                IMR0
 .data._ZN10__cxxabiv120__unexpected_handlerE
                0x000000cc        0x4 e:/programme/atmel/atmel toolchain/avr32 gcc/native/3.4.1067/avr32-gnu-toolchain/bin/../lib/gcc/avr32/4.4.7/ucr1\libstdc++.a(eh_unex_handler.o)
                0x000000cc                __cxxabiv1::__unexpected_handler
 .data._ZN10__cxxabiv119__terminate_handlerE
                0x000000d0        0x4 e:/programme/atmel/atmel toolchain/avr32 gcc/native/3.4.1067/avr32-gnu-toolchain/bin/../lib/gcc/avr32/4.4.7/ucr1\libstdc++.a(eh_term_handler.o)
                0x000000d0                __cxxabiv1::__terminate_handler
 .data.impure_data
                0x000000d4       0xf0 e:/programme/atmel/atmel toolchain/avr32 gcc/native/3.4.1067/avr32-gnu-toolchain/bin/../lib/gcc/avr32/4.4.7/../../../../avr32/lib/ucr1\libc.a(lib_a-impure.o)
 .data._impure_ptr
                0x000001c4        0x4 e:/programme/atmel/atmel toolchain/avr32 gcc/native/3.4.1067/avr32-gnu-toolchain/bin/../lib/gcc/avr32/4.4.7/../../../../avr32/lib/ucr1\libc.a(lib_a-impure.o)
                0x000001c4                _impure_ptr
 .data.__malloc_av_
                0x000001c8      0x408 e:/programme/atmel/atmel toolchain/avr32 gcc/native/3.4.1067/avr32-gnu-toolchain/bin/../lib/gcc/avr32/4.4.7/../../../../avr32/lib/ucr1\libc.a(lib_a-mallocr.o)
                0x000001c8                __malloc_av_
 .data.__malloc_trim_threshold
                0x000005d0        0x4 e:/programme/atmel/atmel toolchain/avr32 gcc/native/3.4.1067/avr32-gnu-toolchain/bin/../lib/gcc/avr32/4.4.7/../../../../avr32/lib/ucr1\libc.a(lib_a-mallocr.o)
                0x000005d0                __malloc_trim_threshold
 .data.__malloc_sbrk_base
                0x000005d4        0x4 e:/programme/atmel/atmel toolchain/avr32 gcc/native/3.4.1067/avr32-gnu-toolchain/bin/../lib/gcc/avr32/4.4.7/../../../../avr32/lib/ucr1\libc.a(lib_a-mallocr.o)
                0x000005d4                __malloc_sbrk_base
 *(.gnu.linkonce.d.*personality*)

.data1
 *(.data1)

.balign         0x000005d8        0x0 load address 0x800106d4
                0x000005d8                . = ALIGN (0x8)
                0x000005d8                _edata = .
                0x000005d8                _edata = .
                0x000005d8                PROVIDE (edata, .)
                0x000005d8                __bss_start = .

.bss            0x000005d8      0x9b0 load address 0x800106d4
 *(.dynbss)
 *(.bss .bss.* .gnu.linkonce.b.*)
 .bss           0x000005d8        0x4 Segway/Segway.o
 .bss           0x000005dc      0x154 Configuration/Configuration.o
                0x000005dc                Configuration::Oscillator_Freq
                0x000005e0                Configuration::CPUCLK
                0x000005e4                Configuration::PBACLK
                0x000005e8                Configuration::PWMCLK
                0x000005ec                Configuration::ADCCLK
                0x000005f0                Configuration::Timer_Channel
                0x000005f1                Configuration::Timer_Clock_Connection
                0x000005f4                Configuration::leftPWMConfig
                0x00000600                Configuration::rightPWMConfig
                0x0000060c                Configuration::leftMotorConfig
                0x0000061c                Configuration::rightMotorConfig
                0x0000062c                Configuration::Motor_enabledPinPort
                0x00000630                Configuration::Motor_enabledPinPin
                0x00000634                Configuration::Motor_enabledPinEnabledValue
                0x00000638                Configuration::footSwitchConfig
                0x00000644                Configuration::ADC_Internal_Clock
                0x00000648                Configuration::ADC_gpioMultiplexData
                0x000006a8                Configuration::orientationAccelerometerConfig
                0x000006b8                Configuration::orientationGyrometerConfig
                0x000006c8                Configuration::orientationGyrometerReferenceConfig
                0x000006d8                Configuration::steeringPotentiometerConfig
                0x000006e8                Configuration::batteryVoltageSensorConfig
                0x000006f8                Configuration::rs232UARTConfig
                0x0000070c                Configuration::bluetoothUARTConfig
                0x00000720                Configuration::redStatusLEDConfig
                0x00000728                Configuration::greenStatusLEDConfig
 .bss           0x00000730        0x4 main.o
                0x00000730                mySegway
 .bss.__new_handler
                0x00000734        0x4 e:/programme/atmel/atmel toolchain/avr32 gcc/native/3.4.1067/avr32-gnu-toolchain/bin/../lib/gcc/avr32/4.4.7/ucr1\libstdc++.a(new_handler.o)
                0x00000734                __new_handler
 .bss._ZL14emergency_used
                0x00000738        0x4 e:/programme/atmel/atmel toolchain/avr32 gcc/native/3.4.1067/avr32-gnu-toolchain/bin/../lib/gcc/avr32/4.4.7/ucr1\libstdc++.a(eh_alloc.o)
 .bss._ZL16emergency_buffer
                0x0000073c      0x800 e:/programme/atmel/atmel toolchain/avr32 gcc/native/3.4.1067/avr32-gnu-toolchain/bin/../lib/gcc/avr32/4.4.7/ucr1\libstdc++.a(eh_alloc.o)
 .bss._ZL10eh_globals
                0x00000f3c        0x8 e:/programme/atmel/atmel toolchain/avr32 gcc/native/3.4.1067/avr32-gnu-toolchain/bin/../lib/gcc/avr32/4.4.7/ucr1\libstdc++.a(eh_globals.o)
 .bss._ZZN9__gnu_cxx27__verbose_terminate_handlerEvE11terminating
                0x00000f44        0x1 e:/programme/atmel/atmel toolchain/avr32 gcc/native/3.4.1067/avr32-gnu-toolchain/bin/../lib/gcc/avr32/4.4.7/ucr1\libstdc++.a(vterminate.o)
 *fill*         0x00000f45        0x3 
 .bss           0x00000f48        0x4 e:/programme/atmel/atmel toolchain/avr32 gcc/native/3.4.1067/avr32-gnu-toolchain/bin/../lib/gcc/avr32/4.4.7/ucr1\libgcc.a(unwind-sjlj.o)
 .bss.__malloc_max_total_mem
                0x00000f4c        0x4 e:/programme/atmel/atmel toolchain/avr32 gcc/native/3.4.1067/avr32-gnu-toolchain/bin/../lib/gcc/avr32/4.4.7/../../../../avr32/lib/ucr1\libc.a(lib_a-mallocr.o)
                0x00000f4c                __malloc_max_total_mem
 .bss.__malloc_max_sbrked_mem
                0x00000f50        0x4 e:/programme/atmel/atmel toolchain/avr32 gcc/native/3.4.1067/avr32-gnu-toolchain/bin/../lib/gcc/avr32/4.4.7/../../../../avr32/lib/ucr1\libc.a(lib_a-mallocr.o)
                0x00000f50                __malloc_max_sbrked_mem
 .bss.__malloc_top_pad
                0x00000f54        0x4 e:/programme/atmel/atmel toolchain/avr32 gcc/native/3.4.1067/avr32-gnu-toolchain/bin/../lib/gcc/avr32/4.4.7/../../../../avr32/lib/ucr1\libc.a(lib_a-mallocr.o)
                0x00000f54                __malloc_top_pad
 .bss.__malloc_current_mallinfo
                0x00000f58       0x28 e:/programme/atmel/atmel toolchain/avr32 gcc/native/3.4.1067/avr32-gnu-toolchain/bin/../lib/gcc/avr32/4.4.7/../../../../avr32/lib/ucr1\libc.a(lib_a-mallocr.o)
                0x00000f58                __malloc_current_mallinfo
 .bss.cur_heap_pos.1869
                0x00000f80        0x4 e:/programme/atmel/atmel toolchain/avr32 gcc/native/3.4.1067/avr32-gnu-toolchain/bin/../lib/gcc/avr32/4.4.7/../../../../avr32/lib/ucr1\libc.a(lib_a-syscalls.o)
 *(COMMON)
 COMMON         0x00000f84        0x4 e:/programme/atmel/atmel toolchain/avr32 gcc/native/3.4.1067/avr32-gnu-toolchain/bin/../lib/gcc/avr32/4.4.7/../../../../avr32/lib/ucr1\libc.a(lib_a-reent.o)
                0x00000f84                errno
                0x00000f88                . = ALIGN (0x8)
                0x00000f88                . = ALIGN (0x8)
                0x00000f88                _end = .
                0x00000f88                PROVIDE (end, .)
                0x00000f88                __heap_start__ = ALIGN (0x8)
                0x00007000                . = ((ORIGIN (CPUSRAM) + 0x7ffc) - _stack_size)
                0x00007000                __heap_end__ = .

.stab
 *(.stab)

.stabstr
 *(.stabstr)

.stab.excl
 *(.stab.excl)

.stab.exclstr
 *(.stab.exclstr)

.stab.index
 *(.stab.index)

.stab.indexstr
 *(.stab.indexstr)

.comment        0x00000000       0x30
 *(.comment)
 .comment       0x00000000       0x30 Segway/Segway.o
                                 0x31 (size before relaxing)
 .comment       0x00000000       0x31 Sensor/ADC.o
 .comment       0x00000000       0x31 Antrieb/Motor.o
 .comment       0x00000000       0x31 Configuration/Configuration.o
 .comment       0x00000000       0x31 main.o
 .comment       0x00000000       0x31 Antrieb/PWM.o
 .comment       0x00000000       0x31 Sensor/ADCSensor.o
 .comment       0x00000000       0x31 Sensor/GPIOSensor.o
 .comment       0x00000000       0x31 Timer/Timer.o
 .comment       0x00000000       0x31 e:/programme/atmel/atmel toolchain/avr32 gcc/native/3.4.1067/avr32-gnu-toolchain/bin/../lib/gcc/avr32/4.4.7/ucr1\libstdc++.a(del_op.o)
 .comment       0x00000000       0x31 e:/programme/atmel/atmel toolchain/avr32 gcc/native/3.4.1067/avr32-gnu-toolchain/bin/../lib/gcc/avr32/4.4.7/ucr1\libstdc++.a(new_op.o)
 .comment       0x00000000       0x31 e:/programme/atmel/atmel toolchain/avr32 gcc/native/3.4.1067/avr32-gnu-toolchain/bin/../lib/gcc/avr32/4.4.7/ucr1\libstdc++.a(new_handler.o)
 .comment       0x00000000       0x31 e:/programme/atmel/atmel toolchain/avr32 gcc/native/3.4.1067/avr32-gnu-toolchain/bin/../lib/gcc/avr32/4.4.7/ucr1\libstdc++.a(eh_alloc.o)
 .comment       0x00000000       0x31 e:/programme/atmel/atmel toolchain/avr32 gcc/native/3.4.1067/avr32-gnu-toolchain/bin/../lib/gcc/avr32/4.4.7/ucr1\libstdc++.a(si_class_type_info.o)
 .comment       0x00000000       0x31 e:/programme/atmel/atmel toolchain/avr32 gcc/native/3.4.1067/avr32-gnu-toolchain/bin/../lib/gcc/avr32/4.4.7/ucr1\libstdc++.a(eh_throw.o)
 .comment       0x00000000       0x31 e:/programme/atmel/atmel toolchain/avr32 gcc/native/3.4.1067/avr32-gnu-toolchain/bin/../lib/gcc/avr32/4.4.7/ucr1\libstdc++.a(eh_personality.o)
 .comment       0x00000000       0x31 e:/programme/atmel/atmel toolchain/avr32 gcc/native/3.4.1067/avr32-gnu-toolchain/bin/../lib/gcc/avr32/4.4.7/ucr1\libstdc++.a(eh_unex_handler.o)
 .comment       0x00000000       0x31 e:/programme/atmel/atmel toolchain/avr32 gcc/native/3.4.1067/avr32-gnu-toolchain/bin/../lib/gcc/avr32/4.4.7/ucr1\libstdc++.a(eh_exception.o)
 .comment       0x00000000       0x31 e:/programme/atmel/atmel toolchain/avr32 gcc/native/3.4.1067/avr32-gnu-toolchain/bin/../lib/gcc/avr32/4.4.7/ucr1\libstdc++.a(eh_globals.o)
 .comment       0x00000000       0x31 e:/programme/atmel/atmel toolchain/avr32 gcc/native/3.4.1067/avr32-gnu-toolchain/bin/../lib/gcc/avr32/4.4.7/ucr1\libstdc++.a(eh_terminate.o)
 .comment       0x00000000       0x31 e:/programme/atmel/atmel toolchain/avr32 gcc/native/3.4.1067/avr32-gnu-toolchain/bin/../lib/gcc/avr32/4.4.7/ucr1\libstdc++.a(eh_call.o)
 .comment       0x00000000       0x31 e:/programme/atmel/atmel toolchain/avr32 gcc/native/3.4.1067/avr32-gnu-toolchain/bin/../lib/gcc/avr32/4.4.7/ucr1\libstdc++.a(eh_term_handler.o)
 .comment       0x00000000       0x31 e:/programme/atmel/atmel toolchain/avr32 gcc/native/3.4.1067/avr32-gnu-toolchain/bin/../lib/gcc/avr32/4.4.7/ucr1\libstdc++.a(eh_catch.o)
 .comment       0x00000000       0x31 e:/programme/atmel/atmel toolchain/avr32 gcc/native/3.4.1067/avr32-gnu-toolchain/bin/../lib/gcc/avr32/4.4.7/ucr1\libstdc++.a(tinfo.o)
 .comment       0x00000000       0x31 e:/programme/atmel/atmel toolchain/avr32 gcc/native/3.4.1067/avr32-gnu-toolchain/bin/../lib/gcc/avr32/4.4.7/ucr1\libstdc++.a(class_type_info.o)
 .comment       0x00000000       0x31 e:/programme/atmel/atmel toolchain/avr32 gcc/native/3.4.1067/avr32-gnu-toolchain/bin/../lib/gcc/avr32/4.4.7/ucr1\libstdc++.a(vterminate.o)
 .comment       0x00000000       0x31 e:/programme/atmel/atmel toolchain/avr32 gcc/native/3.4.1067/avr32-gnu-toolchain/bin/../lib/gcc/avr32/4.4.7/ucr1\libstdc++.a(eh_type.o)
 .comment       0x00000000       0x31 e:/programme/atmel/atmel toolchain/avr32 gcc/native/3.4.1067/avr32-gnu-toolchain/bin/../lib/gcc/avr32/4.4.7/ucr1\libstdc++.a(cp-demangle.o)
 .comment       0x00000000       0x31 e:/programme/atmel/atmel toolchain/avr32 gcc/native/3.4.1067/avr32-gnu-toolchain/bin/../lib/gcc/avr32/4.4.7/ucr1\libgcc.a(unwind-sjlj.o)
 .comment       0x00000000       0x31 e:/programme/atmel/atmel toolchain/avr32 gcc/native/3.4.1067/avr32-gnu-toolchain/bin/../lib/gcc/avr32/4.4.7/../../../../avr32/lib/ucr1\libc.a(lib_a-abort.o)
 .comment       0x00000000       0x31 e:/programme/atmel/atmel toolchain/avr32 gcc/native/3.4.1067/avr32-gnu-toolchain/bin/../lib/gcc/avr32/4.4.7/../../../../avr32/lib/ucr1\libc.a(lib_a-fputc.o)
 .comment       0x00000000       0x31 e:/programme/atmel/atmel toolchain/avr32 gcc/native/3.4.1067/avr32-gnu-toolchain/bin/../lib/gcc/avr32/4.4.7/../../../../avr32/lib/ucr1\libc.a(lib_a-fputs.o)
 .comment       0x00000000       0x31 e:/programme/atmel/atmel toolchain/avr32 gcc/native/3.4.1067/avr32-gnu-toolchain/bin/../lib/gcc/avr32/4.4.7/../../../../avr32/lib/ucr1\libc.a(lib_a-fvwrite.o)
 .comment       0x00000000       0x31 e:/programme/atmel/atmel toolchain/avr32 gcc/native/3.4.1067/avr32-gnu-toolchain/bin/../lib/gcc/avr32/4.4.7/../../../../avr32/lib/ucr1\libc.a(lib_a-fwrite.o)
 .comment       0x00000000       0x31 e:/programme/atmel/atmel toolchain/avr32 gcc/native/3.4.1067/avr32-gnu-toolchain/bin/../lib/gcc/avr32/4.4.7/../../../../avr32/lib/ucr1\libc.a(lib_a-impure.o)
 .comment       0x00000000       0x31 e:/programme/atmel/atmel toolchain/avr32 gcc/native/3.4.1067/avr32-gnu-toolchain/bin/../lib/gcc/avr32/4.4.7/../../../../avr32/lib/ucr1\libc.a(lib_a-malloc.o)
 .comment       0x00000000       0x31 e:/programme/atmel/atmel toolchain/avr32 gcc/native/3.4.1067/avr32-gnu-toolchain/bin/../lib/gcc/avr32/4.4.7/../../../../avr32/lib/ucr1\libc.a(lib_a-mallocr.o)
 .comment       0x00000000       0x31 e:/programme/atmel/atmel toolchain/avr32 gcc/native/3.4.1067/avr32-gnu-toolchain/bin/../lib/gcc/avr32/4.4.7/../../../../avr32/lib/ucr1\libc.a(lib_a-memchr.o)
 .comment       0x00000000       0x31 e:/programme/atmel/atmel toolchain/avr32 gcc/native/3.4.1067/avr32-gnu-toolchain/bin/../lib/gcc/avr32/4.4.7/../../../../avr32/lib/ucr1\libc.a(lib_a-memcmp.o)
 .comment       0x00000000       0x31 e:/programme/atmel/atmel toolchain/avr32 gcc/native/3.4.1067/avr32-gnu-toolchain/bin/../lib/gcc/avr32/4.4.7/../../../../avr32/lib/ucr1\libc.a(lib_a-memmove.o)
 .comment       0x00000000       0x31 e:/programme/atmel/atmel toolchain/avr32 gcc/native/3.4.1067/avr32-gnu-toolchain/bin/../lib/gcc/avr32/4.4.7/../../../../avr32/lib/ucr1\libc.a(lib_a-memset.o)
 .comment       0x00000000       0x31 e:/programme/atmel/atmel toolchain/avr32 gcc/native/3.4.1067/avr32-gnu-toolchain/bin/../lib/gcc/avr32/4.4.7/../../../../avr32/lib/ucr1\libc.a(lib_a-mlock.o)
 .comment       0x00000000       0x31 e:/programme/atmel/atmel toolchain/avr32 gcc/native/3.4.1067/avr32-gnu-toolchain/bin/../lib/gcc/avr32/4.4.7/../../../../avr32/lib/ucr1\libc.a(lib_a-putc.o)
 .comment       0x00000000       0x31 e:/programme/atmel/atmel toolchain/avr32 gcc/native/3.4.1067/avr32-gnu-toolchain/bin/../lib/gcc/avr32/4.4.7/../../../../avr32/lib/ucr1\libc.a(lib_a-realloc.o)
 .comment       0x00000000       0x31 e:/programme/atmel/atmel toolchain/avr32 gcc/native/3.4.1067/avr32-gnu-toolchain/bin/../lib/gcc/avr32/4.4.7/../../../../avr32/lib/ucr1\libc.a(lib_a-reallocr.o)
 .comment       0x00000000       0x31 e:/programme/atmel/atmel toolchain/avr32 gcc/native/3.4.1067/avr32-gnu-toolchain/bin/../lib/gcc/avr32/4.4.7/../../../../avr32/lib/ucr1\libc.a(lib_a-sbrkr.o)
 .comment       0x00000000       0x31 e:/programme/atmel/atmel toolchain/avr32 gcc/native/3.4.1067/avr32-gnu-toolchain/bin/../lib/gcc/avr32/4.4.7/../../../../avr32/lib/ucr1\libc.a(lib_a-signal.o)
 .comment       0x00000000       0x31 e:/programme/atmel/atmel toolchain/avr32 gcc/native/3.4.1067/avr32-gnu-toolchain/bin/../lib/gcc/avr32/4.4.7/../../../../avr32/lib/ucr1\libc.a(lib_a-signalr.o)
 .comment       0x00000000       0x31 e:/programme/atmel/atmel toolchain/avr32 gcc/native/3.4.1067/avr32-gnu-toolchain/bin/../lib/gcc/avr32/4.4.7/../../../../avr32/lib/ucr1\libc.a(lib_a-sprintf.o)
 .comment       0x00000000       0x31 e:/programme/atmel/atmel toolchain/avr32 gcc/native/3.4.1067/avr32-gnu-toolchain/bin/../lib/gcc/avr32/4.4.7/../../../../avr32/lib/ucr1\libc.a(lib_a-strcpy.o)
 .comment       0x00000000       0x31 e:/programme/atmel/atmel toolchain/avr32 gcc/native/3.4.1067/avr32-gnu-toolchain/bin/../lib/gcc/avr32/4.4.7/../../../../avr32/lib/ucr1\libc.a(lib_a-strlen.o)
 .comment       0x00000000       0x31 e:/programme/atmel/atmel toolchain/avr32 gcc/native/3.4.1067/avr32-gnu-toolchain/bin/../lib/gcc/avr32/4.4.7/../../../../avr32/lib/ucr1\libc.a(lib_a-strncmp.o)
 .comment       0x00000000       0x31 e:/programme/atmel/atmel toolchain/avr32 gcc/native/3.4.1067/avr32-gnu-toolchain/bin/../lib/gcc/avr32/4.4.7/../../../../avr32/lib/ucr1\libc.a(lib_a-syscalls.o)
 .comment       0x00000000       0x31 e:/programme/atmel/atmel toolchain/avr32 gcc/native/3.4.1067/avr32-gnu-toolchain/bin/../lib/gcc/avr32/4.4.7/../../../../avr32/lib/ucr1\libc.a(lib_a-vfprintf.o)
 .comment       0x00000000       0x31 e:/programme/atmel/atmel toolchain/avr32 gcc/native/3.4.1067/avr32-gnu-toolchain/bin/../lib/gcc/avr32/4.4.7/../../../../avr32/lib/ucr1\libc.a(lib_a-wbuf.o)
 .comment       0x00000000       0x31 e:/programme/atmel/atmel toolchain/avr32 gcc/native/3.4.1067/avr32-gnu-toolchain/bin/../lib/gcc/avr32/4.4.7/../../../../avr32/lib/ucr1\libc.a(lib_a-wsetup.o)
 .comment       0x00000000       0x31 e:/programme/atmel/atmel toolchain/avr32 gcc/native/3.4.1067/avr32-gnu-toolchain/bin/../lib/gcc/avr32/4.4.7/../../../../avr32/lib/ucr1\libc.a(lib_a-dtoa.o)
 .comment       0x00000000       0x31 e:/programme/atmel/atmel toolchain/avr32 gcc/native/3.4.1067/avr32-gnu-toolchain/bin/../lib/gcc/avr32/4.4.7/../../../../avr32/lib/ucr1\libc.a(lib_a-errno.o)
 .comment       0x00000000       0x31 e:/programme/atmel/atmel toolchain/avr32 gcc/native/3.4.1067/avr32-gnu-toolchain/bin/../lib/gcc/avr32/4.4.7/../../../../avr32/lib/ucr1\libc.a(lib_a-fflush.o)
 .comment       0x00000000       0x31 e:/programme/atmel/atmel toolchain/avr32 gcc/native/3.4.1067/avr32-gnu-toolchain/bin/../lib/gcc/avr32/4.4.7/../../../../avr32/lib/ucr1\libc.a(lib_a-findfp.o)
 .comment       0x00000000       0x31 e:/programme/atmel/atmel toolchain/avr32 gcc/native/3.4.1067/avr32-gnu-toolchain/bin/../lib/gcc/avr32/4.4.7/../../../../avr32/lib/ucr1\libc.a(lib_a-freer.o)
 .comment       0x00000000       0x31 e:/programme/atmel/atmel toolchain/avr32 gcc/native/3.4.1067/avr32-gnu-toolchain/bin/../lib/gcc/avr32/4.4.7/../../../../avr32/lib/ucr1\libc.a(lib_a-fwalk.o)