Archive member included because of file (symbol)

c:/program files (x86)/atmel/atmel toolchain/avr32 gcc/native/3.4.1067/avr32-gnu-toolchain/bin/../lib/gcc/avr32/4.4.7/ucr1\libstdc++.a(del_op.o)
                              main.o (operator delete(void*))
c:/program files (x86)/atmel/atmel toolchain/avr32 gcc/native/3.4.1067/avr32-gnu-toolchain/bin/../lib/gcc/avr32/4.4.7/ucr1\libstdc++.a(new_op.o)
                              main.o (operator new(unsigned long))
c:/program files (x86)/atmel/atmel toolchain/avr32 gcc/native/3.4.1067/avr32-gnu-toolchain/bin/../lib/gcc/avr32/4.4.7/ucr1\libstdc++.a(new_handler.o)
                              c:/program files (x86)/atmel/atmel toolchain/avr32 gcc/native/3.4.1067/avr32-gnu-toolchain/bin/../lib/gcc/avr32/4.4.7/ucr1\libstdc++.a(new_op.o) (std::bad_alloc::~bad_alloc())
c:/program files (x86)/atmel/atmel toolchain/avr32 gcc/native/3.4.1067/avr32-gnu-toolchain/bin/../lib/gcc/avr32/4.4.7/ucr1\libstdc++.a(eh_alloc.o)
                              c:/program files (x86)/atmel/atmel toolchain/avr32 gcc/native/3.4.1067/avr32-gnu-toolchain/bin/../lib/gcc/avr32/4.4.7/ucr1\libstdc++.a(new_op.o) (__cxa_allocate_exception)
c:/program files (x86)/atmel/atmel toolchain/avr32 gcc/native/3.4.1067/avr32-gnu-toolchain/bin/../lib/gcc/avr32/4.4.7/ucr1\libstdc++.a(si_class_type_info.o)
                              c:/program files (x86)/atmel/atmel toolchain/avr32 gcc/native/3.4.1067/avr32-gnu-toolchain/bin/../lib/gcc/avr32/4.4.7/ucr1\libstdc++.a(new_handler.o) (vtable for __cxxabiv1::__si_class_type_info)
c:/program files (x86)/atmel/atmel toolchain/avr32 gcc/native/3.4.1067/avr32-gnu-toolchain/bin/../lib/gcc/avr32/4.4.7/ucr1\libstdc++.a(eh_throw.o)
                              c:/program files (x86)/atmel/atmel toolchain/avr32 gcc/native/3.4.1067/avr32-gnu-toolchain/bin/../lib/gcc/avr32/4.4.7/ucr1\libstdc++.a(new_op.o) (__cxa_throw)
c:/program files (x86)/atmel/atmel toolchain/avr32 gcc/native/3.4.1067/avr32-gnu-toolchain/bin/../lib/gcc/avr32/4.4.7/ucr1\libstdc++.a(eh_personality.o)
                              DebugMode/DebugMode.o (__gxx_personality_sj0)
c:/program files (x86)/atmel/atmel toolchain/avr32 gcc/native/3.4.1067/avr32-gnu-toolchain/bin/../lib/gcc/avr32/4.4.7/ucr1\libstdc++.a(eh_unex_handler.o)
                              c:/program files (x86)/atmel/atmel toolchain/avr32 gcc/native/3.4.1067/avr32-gnu-toolchain/bin/../lib/gcc/avr32/4.4.7/ucr1\libstdc++.a(eh_throw.o) (__cxxabiv1::__unexpected_handler)
c:/program files (x86)/atmel/atmel toolchain/avr32 gcc/native/3.4.1067/avr32-gnu-toolchain/bin/../lib/gcc/avr32/4.4.7/ucr1\libstdc++.a(eh_exception.o)
                              c:/program files (x86)/atmel/atmel toolchain/avr32 gcc/native/3.4.1067/avr32-gnu-toolchain/bin/../lib/gcc/avr32/4.4.7/ucr1\libstdc++.a(new_handler.o) (std::exception::~exception())
c:/program files (x86)/atmel/atmel toolchain/avr32 gcc/native/3.4.1067/avr32-gnu-toolchain/bin/../lib/gcc/avr32/4.4.7/ucr1\libstdc++.a(eh_globals.o)
                              c:/program files (x86)/atmel/atmel toolchain/avr32 gcc/native/3.4.1067/avr32-gnu-toolchain/bin/../lib/gcc/avr32/4.4.7/ucr1\libstdc++.a(eh_personality.o) (__cxa_get_globals_fast)
c:/program files (x86)/atmel/atmel toolchain/avr32 gcc/native/3.4.1067/avr32-gnu-toolchain/bin/../lib/gcc/avr32/4.4.7/ucr1\libstdc++.a(eh_terminate.o)
                              c:/program files (x86)/atmel/atmel toolchain/avr32 gcc/native/3.4.1067/avr32-gnu-toolchain/bin/../lib/gcc/avr32/4.4.7/ucr1\libstdc++.a(eh_throw.o) (__cxxabiv1::__terminate(void (*)()))
c:/program files (x86)/atmel/atmel toolchain/avr32 gcc/native/3.4.1067/avr32-gnu-toolchain/bin/../lib/gcc/avr32/4.4.7/ucr1\libstdc++.a(eh_call.o)
                              c:/program files (x86)/atmel/atmel toolchain/avr32 gcc/native/3.4.1067/avr32-gnu-toolchain/bin/../lib/gcc/avr32/4.4.7/ucr1\libstdc++.a(eh_personality.o) (__cxa_call_terminate)
c:/program files (x86)/atmel/atmel toolchain/avr32 gcc/native/3.4.1067/avr32-gnu-toolchain/bin/../lib/gcc/avr32/4.4.7/ucr1\libstdc++.a(pure.o)
                              c:/program files (x86)/atmel/atmel toolchain/avr32 gcc/native/3.4.1067/avr32-gnu-toolchain/bin/../lib/gcc/avr32/4.4.7/ucr1\libstdc++.a(eh_exception.o) (__cxa_pure_virtual)
c:/program files (x86)/atmel/atmel toolchain/avr32 gcc/native/3.4.1067/avr32-gnu-toolchain/bin/../lib/gcc/avr32/4.4.7/ucr1\libstdc++.a(eh_term_handler.o)
                              c:/program files (x86)/atmel/atmel toolchain/avr32 gcc/native/3.4.1067/avr32-gnu-toolchain/bin/../lib/gcc/avr32/4.4.7/ucr1\libstdc++.a(eh_throw.o) (__cxxabiv1::__terminate_handler)
c:/program files (x86)/atmel/atmel toolchain/avr32 gcc/native/3.4.1067/avr32-gnu-toolchain/bin/../lib/gcc/avr32/4.4.7/ucr1\libstdc++.a(eh_catch.o)
                              c:/program files (x86)/atmel/atmel toolchain/avr32 gcc/native/3.4.1067/avr32-gnu-toolchain/bin/../lib/gcc/avr32/4.4.7/ucr1\libstdc++.a(eh_personality.o) (__cxa_end_catch)
[...]
Memory Configuration

Name             Origin             Length             Attributes
FLASH            0x80000000         0x00040000         axrl !w
CPUSRAM          0x00000004         0x00007ffc         axw !rl
USERPAGE         0x80800000         0x00000200
FACTORYPAGE      0x80800200         0x00000200
*default*        0x00000000         0xffffffff

Linker script and memory map

                0x00001000                _stack_size = 0x1000
LOAD DebugMode/DebugMode.o
LOAD Segway/Segway.o
LOAD Sensor/ADC.o
LOAD Antrieb/Motor.o
LOAD assembler/exception.o
LOAD Configuration/Configuration.o
LOAD main.o
LOAD assembler/startup_uc3.o
LOAD assembler/trampoline_uc3.o
LOAD Antrieb/PWM.o
LOAD Sensor/ADCSensor.o
LOAD Sensor/GPIOSensor.o
LOAD Timer/Timer.o
LOAD UART/UART.o
START GROUP
END GROUP
LOAD c:/program files (x86)/atmel/atmel toolchain/avr32 gcc/native/3.4.1067/avr32-gnu-toolchain/bin/../lib/gcc/avr32/4.4.7/ucr1\libstdc++.a
LOAD c:/program files (x86)/atmel/atmel toolchain/avr32 gcc/native/3.4.1067/avr32-gnu-toolchain/bin/../lib/gcc/avr32/4.4.7/../../../../avr32/lib/ucr1\libm.a
LOAD c:/program files (x86)/atmel/atmel toolchain/avr32 gcc/native/3.4.1067/avr32-gnu-toolchain/bin/../lib/gcc/avr32/4.4.7/ucr1\libgcc.a
LOAD c:/program files (x86)/atmel/atmel toolchain/avr32 gcc/native/3.4.1067/avr32-gnu-toolchain/bin/../lib/gcc/avr32/4.4.7/../../../../avr32/lib/ucr1\libc.a
LOAD c:/program files (x86)/atmel/atmel toolchain/avr32 gcc/native/3.4.1067/avr32-gnu-toolchain/bin/../lib/gcc/avr32/4.4.7/ucr1\libgcc.a
                0x80000000                PROVIDE (__executable_start, 0x80000000)
                0x80000000                . = 0x80000000

.interp
 *(.interp)

.reset          0x80000000        0x8
 *(.reset)
 .reset         0x80000000        0x8 assembler/startup_uc3.o
                0x80000000                _start

.hash
 *(.hash)

.dynsym
 *(.dynsym)

.dynstr
 *(.dynstr)

.gnu.version
 *(.gnu.version)

.gnu.version_d
 *(.gnu.version_d)

.gnu.version_r
 *(.gnu.version_r)

.rel.init
 *(.rel.init)

.rela.init
 *(.rela.init)

.rel.text
 *(.rel.text .rel.text.* .rel.gnu.linkonce.t.*)

.rela.text
 *(.rela.text .rela.text.* .rela.gnu.linkonce.t.*)

.rel.fini
 *(.rel.fini)

.rela.fini
 *(.rela.fini)

.rel.rodata
 *(.rel.rodata .rel.rodata.* .rel.gnu.linkonce.r.*)

.rela.rodata
 *(.rela.rodata .rela.rodata.* .rela.gnu.linkonce.r.*)

.rel.data.rel.ro
 *(.rel.data.rel.ro*)

.rela.data.rel.ro
 *(.rel.data.rel.ro*)

.rel.data
 *(.rel.data .rel.data.* .rel.gnu.linkonce.d.*)

.rela.data
 *(.rela.data .rela.data.* .rela.gnu.linkonce.d.*)

.rel.tdata
 *(.rel.tdata .rel.tdata.* .rel.gnu.linkonce.td.*)

.rela.tdata
 *(.rela.tdata .rela.tdata.* .rela.gnu.linkonce.td.*)

.rel.tbss
 *(.rel.tbss .rel.tbss.* .rel.gnu.linkonce.tb.*)

.rela.tbss
 *(.rela.tbss .rela.tbss.* .rela.gnu.linkonce.tb.*)

.rel.ctors
 *(.rel.ctors)

.rela.ctors
 *(.rela.ctors)

.rel.dtors
 *(.rel.dtors)

.rela.dtors
 *(.rela.dtors)

.rel.got
 *(.rel.got)

.rela.got       0x80000008        0x0
 *(.rela.got)
 .rela.got      0x80000008        0x0 c:/program files (x86)/atmel/atmel toolchain/avr32 gcc/native/3.4.1067/avr32-gnu-toolchain/bin/../lib/gcc/avr32/4.4.7/ucr1\libstdc++.a(new_op.o)

.rel.bss
 *(.rel.bss .rel.bss.* .rel.gnu.linkonce.b.*)

.rela.bss
 *(.rela.bss .rela.bss.* .rela.gnu.linkonce.b.*)

.rel.plt
 *(.rel.plt)

.rela.plt
 *(.rela.plt)

.init
 *(.init)

.plt
 *(.plt)

.text           0x80000008     0xe57e
 *(.text .stub .text.* .gnu.linkonce.t.*)
 .text          0x80000008       0xc0 Segway/Segway.o
                0x80000008                Segway::MYAVR32_GPIO_SIZE_PORT
                0x8000000c                Segway::MYAVR32_GPIO_OFFSET_GPER
                0x80000010                Segway::MYAVR32_GPIO_OFFSET_ODER
                0x80000014                Segway::MYAVR32_GPIO_OFFSET_OVR
                0x80000024                Segway::TIMER_DELTA_T_SECONDS
                0x80000028                Segway::ALGCFG_COMPL_FILTER_ACCELANGLE_FACTOR
                0x8000002c                Segway::MULTIPLEXSENSOR_BATTERYVOLTAGE_FACTOR_MV
                0x80000030                Segway::PWM_TO_DRIVESUM_FACTOR
                0x80000034                Segway::SPEEDLIMIT_START_DRIVESUM
                0x80000038                Segway::SPEEDLIMIT_END_DRIVESUM
 .text._ZN6Segway13timerFunctionEv
                0x800000c8      0x694 Segway/Segway.o
                0x800000c8                Segway::timerFunction()
 .text._ZN6SegwayC1Ev
                0x8000075c      0x3a4 Segway/Segway.o
                0x8000075c                Segway::Segway()
 .text._ZN6Segway16expMovingAverageEffh
                0x80000b00       0x84 Segway/Segway.o
                0x80000b00                Segway::expMovingAverage(float, float, unsigned char)
 .text._ZN6Segway16limitSteeringPWMEll
                0x80000b84      0x1a4 Segway/Segway.o
                0x80000b84                Segway::limitSteeringPWM(long, long)
 .text._ZN6Segway14limitSpeedSoftEl
                0x80000d28      0x278 Segway/Segway.o
                0x80000d28                Segway::limitSpeedSoft(long)
 .text._ZN6Segway13setMotorSpeedEP5Motorl
                0x80000fa0       0x68 Segway/Segway.o
                0x80000fa0                Segway::setMotorSpeed(Motor*, long)
 .text._ZN6Segway14doBatteryCheckEv
                0x80001008       0x78 Segway/Segway.o
                0x80001008                Segway::doBatteryCheck()
 .text._ZN6Segway4mainEv
                0x80001080      0x1f4 Segway/Segway.o
                0x80001080                Segway::main()
 .text._ZN6Segway11initHelpersEv
                0x80001274      0x4b8 Segway/Segway.o
                0x80001274                Segway::initHelpers()
 .text._ZN6Segway32setCurrentSteeringPositionAsZeroEv
                0x8000172c       0x7c Segway/Segway.o
                0x8000172c                Segway::setCurrentSteeringPositionAsZero()
 .text._ZN6Segway27setCurrentOrientationAsZeroEv
                0x800017a8       0x7c Segway/Segway.o
                0x800017a8                Segway::setCurrentOrientationAsZero()
 .text._ZN6Segway12displayErrorEh
                0x80001824      0x188 Segway/Segway.o
                0x80001824                Segway::displayError(unsigned char)
 .text._ZN6Segway13initStatusLEDEPN13Configuration11s_StatusLEDE
                0x800019ac       0x90 Segway/Segway.o
                0x800019ac                Segway::initStatusLED(Configuration::s_StatusLED*)
 .text._ZN6Segway12setStatusLEDEPN13Configuration11s_StatusLEDEb
                0x80001a3c       0xa0 Segway/Segway.o
                0x80001a3c                Segway::setStatusLED(Configuration::s_StatusLED*, bool)
 .text._ZN6Segway25waitForFootSwitchReleasedEv
                0x80001adc       0x9c Segway/Segway.o
                0x80001adc                Segway::waitForFootSwitchReleased()
 .text._ZN3ADCC1Ev
                0x80001b78       0x12 Sensor/ADC.o
                0x80001b78                ADC::ADC()
 .text._ZN3ADCD1Ev
                0x80001b8a       0x12 Sensor/ADC.o
                0x80001b8a                ADC::~ADC()
 .text._ZN3ADC4initEv
                0x80001b9c       0x16 Sensor/ADC.o
                0x80001b9c                ADC::init()
 .text._ZN5MotorC1Ev
                0x80001bb2       0x12 Antrieb/Motor.o
                0x80001bb2                Motor::Motor()
 .text._ZN5MotorD1Ev
                0x80001bc4       0x12 Antrieb/Motor.o
                0x80001bc4                Motor::~Motor()
 .text._ZN5Motor13initEnablePinEv
                0x80001bd6        0xa Antrieb/Motor.o
                0x80001bd6                Motor::initEnablePin()
 .text._ZN5Motor4initEPN13Configuration13s_MotorConfigE
                0x80001be0       0x1a Antrieb/Motor.o
                0x80001be0                Motor::init(Configuration::s_MotorConfig*)
 .text._ZN5Motor8setSpeedEh
                0x80001bfa       0x1c Antrieb/Motor.o
                0x80001bfa                Motor::setSpeed(unsigned char)
 .text._ZN5Motor12setDirectionEb
                0x80001c16       0x18 Antrieb/Motor.o
                0x80001c16                Motor::setDirection(bool)
 .text._ZN5Motor10setEnabledEb
                0x80001c2e       0x14 Antrieb/Motor.o
                0x80001c2e                Motor::setEnabled(bool)
 *fill*         0x80001c42        0x2 d703d703
 .text._ZN13Configuration4initEv
                0x80001c44       0x7c Configuration/Configuration.o
                0x80001c44                Configuration::init()
 .text._ZN13Configuration10init_TimerEv
                0x80001cc0       0x20 Configuration/Configuration.o
                0x80001cc0                Configuration::init_Timer()
 .text._ZN13Configuration8init_PWMEv
                0x80001ce0       0x6c Configuration/Configuration.o
                0x80001ce0                Configuration::init_PWM()
 .text._ZN13Configuration10init_MotorEv
                0x80001d4c       0x6c Configuration/Configuration.o
                0x80001d4c                Configuration::init_Motor()
 .text._ZN13Configuration12init_SensorsEv
                0x80001db8       0x4c Configuration/Configuration.o
                0x80001db8                Configuration::init_Sensors()
 .text._ZN13Configuration22init_Sensor_FootSwitchEv
                0x80001e04       0x24 Configuration/Configuration.o
                0x80001e04                Configuration::init_Sensor_FootSwitch()
 .text._ZN13Configuration36init_Sensor_OrientationAccelerometerEv
                0x80001e28       0x54 Configuration/Configuration.o
                0x80001e28                Configuration::init_Sensor_OrientationAccelerometer()
 .text._ZN13Configuration32init_Sensor_OrientationGyrometerEv
                0x80001e7c       0x54 Configuration/Configuration.o
                0x80001e7c                Configuration::init_Sensor_OrientationGyrometer()
 .text._ZN13Configuration41init_Sensor_OrientationGyrometerReferenceEv
                0x80001ed0       0x54 Configuration/Configuration.o
                0x80001ed0                Configuration::init_Sensor_OrientationGyrometerReference()
 .text._ZN13Configuration33init_Sensor_SteeringPotentiometerEv
                0x80001f24       0x54 Configuration/Configuration.o
                0x80001f24                Configuration::init_Sensor_SteeringPotentiometer()
 .text._ZN13Configuration26init_Sensor_BatteryVoltageEv
                0x80001f78       0x54 Configuration/Configuration.o
                0x80001f78                Configuration::init_Sensor_BatteryVoltage()
 .text._ZN13Configuration9init_UARTEv
                0x80001fcc       0xd4 Configuration/Configuration.o
                0x80001fcc                Configuration::init_UART()
 .text._ZN13Configuration15init_StatusLEDsEv
                0x800020a0       0x2c Configuration/Configuration.o
                0x800020a0                Configuration::init_StatusLEDs()
 .text._get_interrupt_handler
                0x800020cc       0x40 main.o
                0x800020cc                _get_interrupt_handler
 .text._Z17init_system_clockv
                0x8000210c       0x74 main.o
                0x8000210c                init_system_clock()
 .text._Z21init_interrupt_systemv
                0x80002180       0x78 main.o
                0x80002180                init_interrupt_system()
 .text._ZN6SegwayD1Ev
                0x800021f8      0x330 main.o
                0x800021f8                Segway::~Segway()
 .text.main     0x80002528      0x104 main.o
                0x80002528                main
 .text._stext   0x8000262c       0x48 assembler/startup_uc3.o
                0x8000262c                _stext
 .text._ZN9ADCSensorC1Ev
                0x80002674       0x12 Sensor/ADCSensor.o
                0x80002674                ADCSensor::ADCSensor()
 .text._ZN9ADCSensorD1Ev
                0x80002686       0x12 Sensor/ADCSensor.o
                0x80002686                ADCSensor::~ADCSensor()
 .text._ZN9ADCSensor4initEPN13Configuration17s_ADCSensorConfigEP3ADC
                0x80002698       0x1e Sensor/ADCSensor.o
                0x80002698                ADCSensor::init(Configuration::s_ADCSensorConfig*, ADC*)
 .text._ZN9ADCSensor15getIntegerValueEbm
                0x800026b6       0x20 Sensor/ADCSensor.o
                0x800026b6                ADCSensor::getIntegerValue(bool, unsigned long)
 .text._ZN9ADCSensor13setZeroOffsetEbl
                0x800026d6       0x1c Sensor/ADCSensor.o
                0x800026d6                ADCSensor::setZeroOffset(bool, long)
 .text._ZN9ADCSensor21getZeroOffsetIsActiveEv
                0x800026f2       0x16 Sensor/ADCSensor.o
                0x800026f2                ADCSensor::getZeroOffsetIsActive()
 .text._ZN9ADCSensor13getZeroOffsetEv
                0x80002708       0x16 Sensor/ADCSensor.o
                0x80002708                ADCSensor::getZeroOffset()
 .text._ZN10GPIOSensorC1Ev
                0x8000271e       0x12 Sensor/GPIOSensor.o
                0x8000271e                GPIOSensor::GPIOSensor()
 .text._ZN10GPIOSensorD1Ev
                0x80002730       0x12 Sensor/GPIOSensor.o
                0x80002730                GPIOSensor::~GPIOSensor()
 .text._ZN10GPIOSensor4initEPN13Configuration18s_GPIOSensorConfigE
                0x80002742       0x16 Sensor/GPIOSensor.o
                0x80002742                GPIOSensor::init(Configuration::s_GPIOSensorConfig*)
 .text._ZN10GPIOSensor8getValueEv
                0x80002758       0x16 Sensor/GPIOSensor.o
                0x80002758                GPIOSensor::getValue()
 .text._ZN5TimerC1Ev
                0x8000276e       0x12 Timer/Timer.o
                0x8000276e                Timer::Timer()
 .text._ZN5TimerD1Ev
                0x80002780       0x12 Timer/Timer.o
                0x80002780                Timer::~Timer()
 *fill*         0x80002792        0x2 d703d703
 .text._ZN5Timer12prepareTimerEm
                0x80002794       0xa8 Timer/Timer.o
                0x80002794                Timer::prepareTimer(unsigned long)
 .text._ZN5Timer9initTimerEm
                0x8000283c       0x6c Timer/Timer.o
                0x8000283c                Timer::initTimer(unsigned long)
 .text._ZN5Timer17setIsTimerEnabledEb
                0x800028a8       0x54 Timer/Timer.o
                0x800028a8                Timer::setIsTimerEnabled(bool)
 .text._ZN5Timer26setIsTimerInterruptEnabledEb
                0x800028fc       0x4c Timer/Timer.o
                0x800028fc                Timer::setIsTimerInterruptEnabled(bool)
 .text._ZN5Timer18resetInterruptFlagEv
                0x80002948       0x14 Timer/Timer.o
                0x80002948                Timer::resetInterruptFlag()
 .text._ZN4UARTC1Ev
                0x8000295c       0x1a UART/UART.o
                0x8000295c                UART::UART()
 *fill*         0x80002976        0x2 d703d703
 .text._ZN4UARTD1Ev
                0x80002978       0x20 UART/UART.o
                0x80002978                UART::~UART()
 .text._ZN4UART4initEPN13Configuration12s_UARTConfigE
                0x80002998      0x37c UART/UART.o
                0x80002998                UART::init(Configuration::s_UARTConfig*)
 .text._ZN4UART19enableInPinSelectorEb
                0x80002d14      0x66c UART/UART.o
                0x80002d14                UART::enableInPinSelector(bool)
 .text._ZN4UART17isSendBufferReadyEv
                0x80003380       0x28 UART/UART.o
                0x80003380                UART::isSendBufferReady()
 .text._ZN4UART8sendCharEm
                0x800033a8       0x6c UART/UART.o
                0x800033a8                UART::sendChar(unsigned long)
 .text._ZN4UART10sendStringEPKc
                0x80003414       0x48 UART/UART.o
                0x80003414                UART::sendString(char const*)
 .text._ZN4UART10sendNumberEl
                0x8000345c       0x50 UART/UART.o
                0x8000345c                UART::sendNumber(long)
 .text._ZN4UART10sendNumberEm
                0x800034ac       0xcc UART/UART.o
                0x800034ac                UART::sendNumber(unsigned long)
 .text._ZN4UART7cleanUpEv
                0x80003578       0x98 UART/UART.o
                0x80003578                UART::cleanUp()
 .text._ZdlPv   0x80003610       0x10 c:/program files (x86)/atmel/atmel toolchain/avr32 gcc/native/3.4.1067/avr32-gnu-toolchain/bin/../lib/gcc/avr32/4.4.7/ucr1\libstdc++.a(del_op.o)
                0x80003610                operator delete(void*)
 .text._Znwm    0x80003620       0xcc c:/program files (x86)/atmel/atmel toolchain/avr32 gcc/native/3.4.1067/avr32-gnu-toolchain/bin/../lib/gcc/avr32/4.4.7/ucr1\libstdc++.a(new_op.o)
                0x80003620                operator new(unsigned long)
 .text._ZNKSt9bad_alloc4whatEv
                0x800036ec        0x8 c:/program files (x86)/atmel/atmel toolchain/avr32 gcc/native/3.4.1067/avr32-gnu-toolchain/bin/../lib/gcc/avr32/4.4.7/ucr1\libstdc++.a(new_handler.o)
                0x800036ec                std::bad_alloc::what() const
 .text._ZNSt9bad_allocD1Ev
                0x800036f4       0x18 c:/program files (x86)/atmel/atmel toolchain/avr32 gcc/native/3.4.1067/avr32-gnu-toolchain/bin/../lib/gcc/avr32/4.4.7/ucr1\libstdc++.a(new_handler.o)
                0x800036f4                std::bad_alloc::~bad_alloc()
 .text._ZNSt9bad_allocD0Ev
                0x8000370c       0x28 c:/program files (x86)/atmel/atmel toolchain/avr32 gcc/native/3.4.1067/avr32-gnu-toolchain/bin/../lib/gcc/avr32/4.4.7/ucr1\libstdc++.a(new_handler.o)
                0x8000370c                std::bad_alloc::~bad_alloc()
 .text._GLOBAL__I___cxa_allocate_exception
                0x80003734        0x2 c:/program files (x86)/atmel/atmel toolchain/avr32 gcc/native/3.4.1067/avr32-gnu-toolchain/bin/../lib/gcc/avr32/4.4.7/ucr1\libstdc++.a(eh_alloc.o)
 *fill*         0x80003736        0x2 d703d703
 .text.__cxa_free_exception
                0x80003738       0x40 c:/program files (x86)/atmel/atmel toolchain/avr32 gcc/native/3.4.1067/avr32-gnu-toolchain/bin/../lib/gcc/avr32/4.4.7/ucr1\libstdc++.a(eh_alloc.o)
                0x80003738                __cxa_free_exception
 .text.__cxa_allocate_exception
                0x80003778      0x108 c:/program files (x86)/atmel/atmel toolchain/avr32 gcc/native/3.4.1067/avr32-gnu-toolchain/bin/../lib/gcc/avr32/4.4.7/ucr1\libstdc++.a(eh_alloc.o)
                0x80003778                __cxa_allocate_exception
 .text._ZNK10__cxxabiv120__si_class_type_info20__do_find_public_srcElPKvPKNS_17__class_type_infoES2_
                0x80003880       0x24 c:/program files (x86)/atmel/atmel toolchain/avr32 gcc/native/3.4.1067/avr32-gnu-toolchain/bin/../lib/gcc/avr32/4.4.7/ucr1\libstdc++.a(si_class_type_info.o)
                0x80003880                __cxxabiv1::__si_class_type_info::__do_find_public_src(long, void const*, __cxxabiv1::__class_type_info const*, void const*) const
 .text._ZNK10__cxxabiv120__si_class_type_info12__do_dyncastElNS_17__class_type_info10__sub_kindEPKS1_PKvS4_S6_RNS1_16__dyncast_resultE
                0x800038a4       0x5e c:/program files (x86)/atmel/atmel toolchain/avr32 gcc/native/3.4.1067/avr32-gnu-toolchain/bin/../lib/gcc/avr32/4.4.7/ucr1\libstdc++.a(si_class_type_info.o)
                0x800038a4                __cxxabiv1::__si_class_type_info::__do_dyncast(long, __cxxabiv1::__class_type_info::__sub_kind, __cxxabiv1::__class_type_info const*, void const*, __cxxabiv1::__class_type_info const*, void const*, __cxxabiv1::__class_type_info::__dyncast_result&) const
 *fill*         0x80003902        0x2 d703d703
 .text._ZNK10__cxxabiv120__si_class_type_info11__do_upcastEPKNS_17__class_type_infoEPKvRNS1_15__upcast_resultE
                0x80003904       0x28 c:/program files (x86)/atmel/atmel toolchain/avr32 gcc/native/3.4.1067/avr32-gnu-toolchain/bin/../lib/gcc/avr32/4.4.7/ucr1\libstdc++.a(si_class_type_info.o)
                0x80003904                __cxxabiv1::__si_class_type_info::__do_upcast(__cxxabiv1::__class_type_info const*, void const*, __cxxabiv1::__class_type_info::__upcast_result&) const
 .text._ZN10__cxxabiv120__si_class_type_infoD1Ev
                0x8000392c       0x18 c:/program files (x86)/atmel/atmel toolchain/avr32 gcc/native/3.4.1067/avr32-gnu-toolchain/bin/../lib/gcc/avr32/4.4.7/ucr1\libstdc++.a(si_class_type_info.o)
                0x8000392c                __cxxabiv1::__si_class_type_info::~__si_class_type_info()
 .text._ZN10__cxxabiv120__si_class_type_infoD0Ev
                0x80003944       0x28 c:/program files (x86)/atmel/atmel toolchain/avr32 gcc/native/3.4.1067/avr32-gnu-toolchain/bin/../lib/gcc/avr32/4.4.7/ucr1\libstdc++.a(si_class_type_info.o)
                0x80003944                __cxxabiv1::__si_class_type_info::~__si_class_type_info()
 .text.__cxa_rethrow
                0x8000396c       0x68 c:/program files (x86)/atmel/atmel toolchain/avr32 gcc/native/3.4.1067/avr32-gnu-toolchain/bin/../lib/gcc/avr32/4.4.7/ucr1\libstdc++.a(eh_throw.o)
                0x8000396c                __cxa_rethrow
 .text.__cxa_throw
                0x800039d4       0x60 c:/program files (x86)/atmel/atmel toolchain/avr32 gcc/native/3.4.1067/avr32-gnu-toolchain/bin/../lib/gcc/avr32/4.4.7/ucr1\libstdc++.a(eh_throw.o)
                0x800039d4                __cxa_throw
 .text._ZL23__gxx_exception_cleanup19_Unwind_Reason_CodeP17_Unwind_Exception
                0x80003a34       0x4c c:/program files (x86)/atmel/atmel toolchain/avr32 gcc/native/3.4.1067/avr32-gnu-toolchain/bin/../lib/gcc/avr32/4.4.7/ucr1\libstdc++.a(eh_throw.o)
 .text._ZL16get_adjusted_ptrPKSt9type_infoS1_PPv
                0x80003a80       0x3e c:/program files (x86)/atmel/atmel toolchain/avr32 gcc/native/3.4.1067/avr32-gnu-toolchain/bin/../lib/gcc/avr32/4.4.7/ucr1\libstdc++.a(eh_personality.o)
 *fill*         0x80003abe        0x2 d703d703
 .text._ZL21base_of_encoded_valuehP15_Unwind_Context
                0x80003ac0       0x64 c:/program files (x86)/atmel/atmel toolchain/avr32 gcc/native/3.4.1067/avr32-gnu-toolchain/bin/../lib/gcc/avr32/4.4.7/ucr1\libstdc++.a(eh_personality.o)
 .text._ZL28read_encoded_value_with_basehjPKhPj
                0x80003b24       0xf8 c:/program files (x86)/atmel/atmel toolchain/avr32 gcc/native/3.4.1067/avr32-gnu-toolchain/bin/../lib/gcc/avr32/4.4.7/ucr1\libstdc++.a(eh_personality.o)
 .text._ZL17parse_lsda_headerP15_Unwind_ContextPKhP16lsda_header_info
                0x80003c1c       0xb0 c:/program files (x86)/atmel/atmel toolchain/avr32 gcc/native/3.4.1067/avr32-gnu-toolchain/bin/../lib/gcc/avr32/4.4.7/ucr1\libstdc++.a(eh_personality.o)
 .text._ZL15get_ttype_entryP16lsda_header_infom
                0x80003ccc       0x64 c:/program files (x86)/atmel/atmel toolchain/avr32 gcc/native/3.4.1067/avr32-gnu-toolchain/bin/../lib/gcc/avr32/4.4.7/ucr1\libstdc++.a(eh_personality.o)
 .text._ZL20check_exception_specP16lsda_header_infoPKSt9type_infoPvl
                0x80003d30       0x64 c:/program files (x86)/atmel/atmel toolchain/avr32 gcc/native/3.4.1067/avr32-gnu-toolchain/bin/../lib/gcc/avr32/4.4.7/ucr1\libstdc++.a(eh_personality.o)
 .text.__cxa_call_unexpected
                0x80003d94      0x140 c:/program files (x86)/atmel/atmel toolchain/avr32 gcc/native/3.4.1067/avr32-gnu-toolchain/bin/../lib/gcc/avr32/4.4.7/ucr1\libstdc++.a(eh_personality.o)
                0x80003d94                __cxa_call_unexpected
 .text.__gxx_personality_sj0
                0x80003ed4      0x408 c:/program files (x86)/atmel/atmel toolchain/avr32 gcc/native/3.4.1067/avr32-gnu-toolchain/bin/../lib/gcc/avr32/4.4.7/ucr1\libstdc++.a(eh_personality.o)
                0x80003ed4                __gxx_personality_sj0
 .text._ZNSt9exceptionD2Ev
                0x800042dc        0xc c:/program files (x86)/atmel/atmel toolchain/avr32 gcc/native/3.4.1067/avr32-gnu-toolchain/bin/../lib/gcc/avr32/4.4.7/ucr1\libstdc++.a(eh_exception.o)
                0x800042dc                std::exception::~exception()
 .text._ZNSt9exceptionD1Ev
                0x800042e8        0xc c:/program files (x86)/atmel/atmel toolchain/avr32 gcc/native/3.4.1067/avr32-gnu-toolchain/bin/../lib/gcc/avr32/4.4.7/ucr1\libstdc++.a(eh_exception.o)
                0x800042e8                std::exception::~exception()
 .text._ZNSt13bad_exceptionD1Ev
                0x800042f4        0xc c:/program files (x86)/atmel/atmel toolchain/avr32 gcc/native/3.4.1067/avr32-gnu-toolchain/bin/../lib/gcc/avr32/4.4.7/ucr1\libstdc++.a(eh_exception.o)
                0x800042f4                std::bad_exception::~bad_exception()
 .text._ZNKSt9exception4whatEv
                0x80004300        0x8 c:/program files (x86)/atmel/atmel toolchain/avr32 gcc/native/3.4.1067/avr32-gnu-toolchain/bin/../lib/gcc/avr32/4.4.7/ucr1\libstdc++.a(eh_exception.o)
                0x80004300                std::exception::what() const
 .text._ZNKSt13bad_exception4whatEv
                0x80004308        0x8 c:/program files (x86)/atmel/atmel toolchain/avr32 gcc/native/3.4.1067/avr32-gnu-toolchain/bin/../lib/gcc/avr32/4.4.7/ucr1\libstdc++.a(eh_exception.o)
                0x80004308                std::bad_exception::what() const
 .text._ZNSt9exceptionD0Ev
                0x80004310       0x18 c:/program files (x86)/atmel/atmel toolchain/avr32 gcc/native/3.4.1067/avr32-gnu-toolchain/bin/../lib/gcc/avr32/4.4.7/ucr1\libstdc++.a(eh_exception.o)
                0x80004310                std::exception::~exception()
 .text._ZNSt13bad_exceptionD0Ev
                0x80004328       0x18 c:/program files (x86)/atmel/atmel toolchain/avr32 gcc/native/3.4.1067/avr32-gnu-toolchain/bin/../lib/gcc/avr32/4.4.7/ucr1\libstdc++.a(eh_exception.o)
                0x80004328                std::bad_exception::~bad_exception()
 .text.__cxa_get_globals_fast
                0x80004340        0x8 c:/program files (x86)/atmel/atmel toolchain/avr32 gcc/native/3.4.1067/avr32-gnu-toolchain/bin/../lib/gcc/avr32/4.4.7/ucr1\libstdc++.a(eh_globals.o)
                0x80004340                __cxa_get_globals_fast
 .text.__cxa_get_globals
                0x80004348        0x8 c:/program files (x86)/atmel/atmel toolchain/avr32 gcc/native/3.4.1067/avr32-gnu-toolchain/bin/../lib/gcc/avr32/4.4.7/ucr1\libstdc++.a(eh_globals.o)
                0x80004348                __cxa_get_globals
 .text._ZN10__cxxabiv111__terminateEPFvvE
                0x80004350       0x80 c:/program files (x86)/atmel/atmel toolchain/avr32 gcc/native/3.4.1067/avr32-gnu-toolchain/bin/../lib/gcc/avr32/4.4.7/ucr1\libstdc++.a(eh_terminate.o)
                0x80004350                __cxxabiv1::__terminate(void (*)())
 .text._ZSt9terminatev
                0x800043d0       0x14 c:/program files (x86)/atmel/atmel toolchain/avr32 gcc/native/3.4.1067/avr32-gnu-toolchain/bin/../lib/gcc/avr32/4.4.7/ucr1\libstdc++.a(eh_terminate.o)
                0x800043d0                std::terminate()
 .text._ZN10__cxxabiv112__unexpectedEPFvvE
                0x800043e4        0xc c:/program files (x86)/atmel/atmel toolchain/avr32 gcc/native/3.4.1067/avr32-gnu-toolchain/bin/../lib/gcc/avr32/4.4.7/ucr1\libstdc++.a(eh_terminate.o)
                0x800043e4                __cxxabiv1::__unexpected(void (*)())
 .text._ZSt10unexpectedv
                0x800043f0       0x14 c:/program files (x86)/atmel/atmel toolchain/avr32 gcc/native/3.4.1067/avr32-gnu-toolchain/bin/../lib/gcc/avr32/4.4.7/ucr1\libstdc++.a(eh_terminate.o)
                0x800043f0                std::unexpected()
 .text.__cxa_call_terminate
                0x80004404       0x4c c:/program files (x86)/atmel/atmel toolchain/avr32 gcc/native/3.4.1067/avr32-gnu-toolchain/bin/../lib/gcc/avr32/4.4.7/ucr1\libstdc++.a(eh_call.o)
                0x80004404                __cxa_call_terminate
 .text.__cxa_end_catch
                0x80004450       0x84 c:/program files (x86)/atmel/atmel toolchain/avr32 gcc/native/3.4.1067/avr32-gnu-toolchain/bin/../lib/gcc/avr32/4.4.7/ucr1\libstdc++.a(eh_catch.o)
                0x80004450                __cxa_end_catch
 .text.__cxa_begin_catch
                0x800044d4       0xd4 c:/program files (x86)/atmel/atmel toolchain/avr32 gcc/native/3.4.1067/avr32-gnu-toolchain/bin/../lib/gcc/avr32/4.4.7/ucr1\libstdc++.a(eh_catch.o)
                0x800044d4                __cxa_begin_catch
 .text._ZNSt9type_infoD2Ev
                0x800045a8        0xc c:/program files (x86)/atmel/atmel toolchain/avr32 gcc/native/3.4.1067/avr32-gnu-toolchain/bin/../lib/gcc/avr32/4.4.7/ucr1\libstdc++.a(tinfo.o)
                0x800045a8                std::type_info::~type_info()
 .text._ZNSt9type_infoD1Ev
                0x800045b4        0xc c:/program files (x86)/atmel/atmel toolchain/avr32 gcc/native/3.4.1067/avr32-gnu-toolchain/bin/../lib/gcc/avr32/4.4.7/ucr1\libstdc++.a(tinfo.o)
                0x800045b4                std::type_info::~type_info()
 .text._ZNKSt9type_info14__is_pointer_pEv
                0x800045c0        0x2 c:/program files (x86)/atmel/atmel toolchain/avr32 gcc/native/3.4.1067/avr32-gnu-toolchain/bin/../lib/gcc/avr32/4.4.7/ucr1\libstdc++.a(tinfo.o)
                0x800045c0                std::type_info::__is_pointer_p() const
 .text._ZNKSt9type_info15__is_function_pEv
                0x800045c2        0x2 c:/program files (x86)/atmel/atmel toolchain/avr32 gcc/native/3.4.1067/avr32-gnu-toolchain/bin/../lib/gcc/avr32/4.4.7/ucr1\libstdc++.a(tinfo.o)
                0x800045c2                std::type_info::__is_function_p() const
 .text._ZNKSt9type_info10__do_catchEPKS_PPvj
                0x800045c4        0xa c:/program files (x86)/atmel/atmel toolchain/avr32 gcc/native/3.4.1067/avr32-gnu-toolchain/bin/../lib/gcc/avr32/4.4.7/ucr1\libstdc++.a(tinfo.o)
                0x800045c4                std::type_info::__do_catch(std::type_info const*, void**, unsigned int) const
 .text._ZNKSt9type_info11__do_upcastEPKN10__cxxabiv117__class_type_infoEPPv
                0x800045ce        0x2 c:/program files (x86)/atmel/atmel toolchain/avr32 gcc/native/3.4.1067/avr32-gnu-toolchain/bin/../lib/gcc/avr32/4.4.7/ucr1\libstdc++.a(tinfo.o)
                0x800045ce                std::type_info::__do_upcast(__cxxabiv1::__class_type_info const*, void**) const
 .text._ZNSt9type_infoD0Ev
                0x800045d0       0x18 c:/program files (x86)/atmel/atmel toolchain/avr32 gcc/native/3.4.1067/avr32-gnu-toolchain/bin/../lib/gcc/avr32/4.4.7/ucr1\libstdc++.a(tinfo.o)
                0x800045d0                std::type_info::~type_info()
 .text._ZNK10__cxxabiv117__class_type_info10__do_catchEPKSt9type_infoPPvj
                0x800045e8       0x22 c:/program files (x86)/atmel/atmel toolchain/avr32 gcc/native/3.4.1067/avr32-gnu-toolchain/bin/../lib/gcc/avr32/4.4.7/ucr1\libstdc++.a(class_type_info.o)
                0x800045e8                __cxxabiv1::__class_type_info::__do_catch(std::type_info const*, void**, unsigned int) const
 .text._ZNK10__cxxabiv117__class_type_info11__do_upcastEPKS0_PPv
                0x8000460a       0x3c c:/program files (x86)/atmel/atmel toolchain/avr32 gcc/native/3.4.1067/avr32-gnu-toolchain/bin/../lib/gcc/avr32/4.4.7/ucr1\libstdc++.a(class_type_info.o)
                0x8000460a                __cxxabiv1::__class_type_info::__do_upcast(__cxxabiv1::__class_type_info const*, void**) const
 .text._ZNK10__cxxabiv117__class_type_info20__do_find_public_srcElPKvPKS0_S2_
                0x80004646        0xc c:/program files (x86)/atmel/atmel toolchain/avr32 gcc/native/3.4.1067/avr32-gnu-toolchain/bin/../lib/gcc/avr32/4.4.7/ucr1\libstdc++.a(class_type_info.o)
                0x80004646                __cxxabiv1::__class_type_info::__do_find_public_src(long, void const*, __cxxabiv1::__class_type_info const*, void const*) const
 .text._ZNK10__cxxabiv117__class_type_info12__do_dyncastElNS0_10__sub_kindEPKS0_PKvS3_S5_RNS0_16__dyncast_resultE
                0x80004652       0x38 c:/program files (x86)/atmel/atmel toolchain/avr32 gcc/native/3.4.1067/avr32-gnu-toolchain/bin/../lib/gcc/avr32/4.4.7/ucr1\libstdc++.a(class_type_info.o)
                0x80004652                __cxxabiv1::__class_type_info::__do_dyncast(long, __cxxabiv1::__class_type_info::__sub_kind, __cxxabiv1::__class_type_info const*, void const*, __cxxabiv1::__class_type_info const*, void const*, __cxxabiv1::__class_type_info::__dyncast_result&) const
 .text._ZNK10__cxxabiv117__class_type_info11__do_upcastEPKS0_PKvRNS0_15__upcast_resultE
                0x8000468a       0x18 c:/program files (x86)/atmel/atmel toolchain/avr32 gcc/native/3.4.1067/avr32-gnu-toolchain/bin/../lib/gcc/avr32/4.4.7/ucr1\libstdc++.a(class_type_info.o)
                0x8000468a                __cxxabiv1::__class_type_info::__do_upcast(__cxxabiv1::__class_type_info const*, void const*, __cxxabiv1::__class_type_info::__upcast_result&) const
 *fill*         0x800046a2        0x2 d703d703
 .text._ZN10__cxxabiv117__class_type_infoD1Ev
                0x800046a4       0x18 c:/program files (x86)/atmel/atmel toolchain/avr32 gcc/native/3.4.1067/avr32-gnu-toolchain/bin/../lib/gcc/avr32/4.4.7/ucr1\libstdc++.a(class_type_info.o)
                0x800046a4                __cxxabiv1::__class_type_info::~__class_type_info()
 .text._ZN10__cxxabiv117__class_type_infoD2Ev
                0x800046bc       0x18 c:/program files (x86)/atmel/atmel toolchain/avr32 gcc/native/3.4.1067/avr32-gnu-toolchain/bin/../lib/gcc/avr32/4.4.7/ucr1\libstdc++.a(class_type_info.o)
                0x800046bc                __cxxabiv1::__class_type_info::~__class_type_info()
 .text._ZN10__cxxabiv117__class_type_infoD0Ev
                0x800046d4       0x28 c:/program files (x86)/atmel/atmel toolchain/avr32 gcc/native/3.4.1067/avr32-gnu-toolchain/bin/../lib/gcc/avr32/4.4.7/ucr1\libstdc++.a(class_type_info.o)
                0x800046d4                __cxxabiv1::__class_type_info::~__class_type_info()
 .text._ZN9__gnu_cxx27__verbose_terminate_handlerEv
                0x800046fc      0x1b4 c:/program files (x86)/atmel/atmel toolchain/avr32 gcc/native/3.4.1067/avr32-gnu-toolchain/bin/../lib/gcc/avr32/4.4.7/ucr1\libstdc++.a(vterminate.o)
                0x800046fc                __gnu_cxx::__verbose_terminate_handler()
 .text.__cxa_current_exception_type
                0x800048b0       0x34 c:/program files (x86)/atmel/atmel toolchain/avr32 gcc/native/3.4.1067/avr32-gnu-toolchain/bin/../lib/gcc/avr32/4.4.7/ucr1\libstdc++.a(eh_type.o)
                0x800048b0                __cxa_current_exception_type
 .text          0x800048e4     0x32ac c:/program files (x86)/atmel/atmel toolchain/avr32 gcc/native/3.4.1067/avr32-gnu-toolchain/bin/../lib/gcc/avr32/4.4.7/ucr1\libstdc++.a(cp-demangle.o)
                0x80006f58                __gcclibcxx_demangle_callback
                0x800073b8                __cxa_demangle
 .text          0x80007b90      0x1d4 c:/program files (x86)/atmel/atmel toolchain/avr32 gcc/native/3.4.1067/avr32-gnu-toolchain/bin/../lib/gcc/avr32/4.4.7/ucr1\libgcc.a(_avr32_f64_mul.o)
                0x80007b90                __avr32_f64_mul
 .text          0x80007d64      0x2b0 c:/program files (x86)/atmel/atmel toolchain/avr32 gcc/native/3.4.1067/avr32-gnu-toolchain/bin/../lib/gcc/avr32/4.4.7/ucr1\libgcc.a(_avr32_f64_addsub.o)
                0x80007d68                __avr32_f64_sub
                0x80007f04                __avr32_f64_add
 .text          0x80008014       0x2a c:/program files (x86)/atmel/atmel toolchain/avr32 gcc/native/3.4.1067/avr32-gnu-toolchain/bin/../lib/gcc/avr32/4.4.7/ucr1\libgcc.a(_avr32_f64_to_s32.o)
                0x80008014                __avr32_f64_to_u32
                0x80008018                __avr32_f64_to_s32
 .text          0x8000803e       0x36 c:/program files (x86)/atmel/atmel toolchain/avr32 gcc/native/3.4.1067/avr32-gnu-toolchain/bin/../lib/gcc/avr32/4.4.7/ucr1\libgcc.a(_avr32_f32_cmp_lt.o)
                0x8000803e                __avr32_f32_cmp_lt
 .text          0x80008074      0x31c c:/program files (x86)/atmel/atmel toolchain/avr32 gcc/native/3.4.1067/avr32-gnu-toolchain/bin/../lib/gcc/avr32/4.4.7/ucr1\libgcc.a(_avr32_f64_div.o)
                0x80008074                __avr32_f64_div
 .text          0x80008390      0x16c c:/program files (x86)/atmel/atmel toolchain/avr32 gcc/native/3.4.1067/avr32-gnu-toolchain/bin/../lib/gcc/avr32/4.4.7/ucr1\libgcc.a(_avr32_f32_div.o)
                0x80008390                __avr32_f32_div
 .text          0x800084fc      0x184 c:/program files (x86)/atmel/atmel toolchain/avr32 gcc/native/3.4.1067/avr32-gnu-toolchain/bin/../lib/gcc/avr32/4.4.7/ucr1\libgcc.a(_avr32_f32_addsub.o)
                0x80008500                __avr32_f32_sub
                0x800085d4                __avr32_f32_add
 .text          0x80008680       0xe4 c:/program files (x86)/atmel/atmel toolchain/avr32 gcc/native/3.4.1067/avr32-gnu-toolchain/bin/../lib/gcc/avr32/4.4.7/ucr1\libgcc.a(_avr32_f32_mul.o)
                0x80008680                __avr32_f32_mul
 .text          0x80008764       0x74 c:/program files (x86)/atmel/atmel toolchain/avr32 gcc/native/3.4.1067/avr32-gnu-toolchain/bin/../lib/gcc/avr32/4.4.7/ucr1\libgcc.a(_avr32_s32_to_f32.o)
                0x80008764                __avr32_s32_to_f32
 .text          0x800087d8       0x1e c:/program files (x86)/atmel/atmel toolchain/avr32 gcc/native/3.4.1067/avr32-gnu-toolchain/bin/../lib/gcc/avr32/4.4.7/ucr1\libgcc.a(_avr32_f32_to_s32.o)
                0x800087d8                __avr32_f32_to_s32
 .text          0x800087f6       0x62 c:/program files (x86)/atmel/atmel toolchain/avr32 gcc/native/3.4.1067/avr32-gnu-toolchain/bin/../lib/gcc/avr32/4.4.7/ucr1\libgcc.a(_avr32_f32_to_f64.o)
                0x800087f6                __avr32_f32_to_f64
 .text          0x80008858       0x8c c:/program files (x86)/atmel/atmel toolchain/avr32 gcc/native/3.4.1067/avr32-gnu-toolchain/bin/../lib/gcc/avr32/4.4.7/ucr1\libgcc.a(_avr32_f64_to_f32.o)
                0x80008858                __avr32_f64_to_f32
 .text          0x800088e4      0x2cc c:/program files (x86)/atmel/atmel toolchain/avr32 gcc/native/3.4.1067/avr32-gnu-toolchain/bin/../lib/gcc/avr32/4.4.7/ucr1\libgcc.a(unwind-sjlj.o)
                0x800088e4                _Unwind_SjLj_Register
                0x800088f4                _Unwind_SjLj_Unregister
                0x80008900                _Unwind_GetGR
                0x8000890a                _Unwind_GetCFA
                0x80008914                _Unwind_SetGR
                0x8000891e                _Unwind_GetIP
                0x80008926                _Unwind_GetIPInfo
                0x80008936                _Unwind_SetIP
                0x8000893e                _Unwind_GetLanguageSpecificData
                0x80008944                _Unwind_GetRegionStart
                0x80008946                _Unwind_FindEnclosingFunction
                0x80008948                _Unwind_GetDataRelBase
                0x8000894a                _Unwind_GetTextRelBase
                0x800089d0                _Unwind_DeleteException
                0x800089e0                _Unwind_Backtrace
                0x80008aac                _Unwind_SjLj_Resume
                0x80008ae0                _Unwind_SjLj_ForcedUnwind
                0x80008b0c                _Unwind_SjLj_RaiseException
                0x80008b74                _Unwind_SjLj_Resume_or_Rethrow
 .text.abort    0x80008bb0       0x18 c:/program files (x86)/atmel/atmel toolchain/avr32 gcc/native/3.4.1067/avr32-gnu-toolchain/bin/../lib/gcc/avr32/4.4.7/../../../../avr32/lib/ucr1\libc.a(lib_a-abort.o)
                0x80008bb0                abort
 .text._fputc_r
                0x80008bc8       0x58 c:/program files (x86)/atmel/atmel toolchain/avr32 gcc/native/3.4.1067/avr32-gnu-toolchain/bin/../lib/gcc/avr32/4.4.7/../../../../avr32/lib/ucr1\libc.a(lib_a-fputc.o)
                0x80008bc8                _fputc_r
 .text.fputc    0x80008c20       0x18 c:/program files (x86)/atmel/atmel toolchain/avr32 gcc/native/3.4.1067/avr32-gnu-toolchain/bin/../lib/gcc/avr32/4.4.7/../../../../avr32/lib/ucr1\libc.a(lib_a-fputc.o)
                0x80008c20                fputc
 .text._fputs_r
                0x80008c38       0x70 c:/program files (x86)/atmel/atmel toolchain/avr32 gcc/native/3.4.1067/avr32-gnu-toolchain/bin/../lib/gcc/avr32/4.4.7/../../../../avr32/lib/ucr1\libc.a(lib_a-fputs.o)
                0x80008c38                _fputs_r
 .text.fputs    0x80008ca8       0x18 c:/program files (x86)/atmel/atmel toolchain/avr32 gcc/native/3.4.1067/avr32-gnu-toolchain/bin/../lib/gcc/avr32/4.4.7/../../../../avr32/lib/ucr1\libc.a(lib_a-fputs.o)
                0x80008ca8                fputs
 .text.__sfvwrite_r
                0x80008cc0      0x2bc c:/program files (x86)/atmel/atmel toolchain/avr32 gcc/native/3.4.1067/avr32-gnu-toolchain/bin/../lib/gcc/avr32/4.4.7/../../../../avr32/lib/ucr1\libc.a(lib_a-fvwrite.o)
                0x80008cc0                __sfvwrite_r
 .text._fwrite_r
                0x80008f7c       0x78 c:/program files (x86)/atmel/atmel toolchain/avr32 gcc/native/3.4.1067/avr32-gnu-toolchain/bin/../lib/gcc/avr32/4.4.7/../../../../avr32/lib/ucr1\libc.a(lib_a-fwrite.o)
                0x80008f7c                _fwrite_r
 .text.fwrite   0x80008ff4       0x1c c:/program files (x86)/atmel/atmel toolchain/avr32 gcc/native/3.4.1067/avr32-gnu-toolchain/bin/../lib/gcc/avr32/4.4.7/../../../../avr32/lib/ucr1\libc.a(lib_a-fwrite.o)
                0x80008ff4                fwrite
 .text.free     0x80009010       0x18 c:/program files (x86)/atmel/atmel toolchain/avr32 gcc/native/3.4.1067/avr32-gnu-toolchain/bin/../lib/gcc/avr32/4.4.7/../../../../avr32/lib/ucr1\libc.a(lib_a-malloc.o)
                0x80009010                free
 .text.malloc   0x80009028       0x18 c:/program files (x86)/atmel/atmel toolchain/avr32 gcc/native/3.4.1067/avr32-gnu-toolchain/bin/../lib/gcc/avr32/4.4.7/../../../../avr32/lib/ucr1\libc.a(lib_a-malloc.o)
                0x80009028                malloc
 .text._malloc_r
                0x80009040      0x44c c:/program files (x86)/atmel/atmel toolchain/avr32 gcc/native/3.4.1067/avr32-gnu-toolchain/bin/../lib/gcc/avr32/4.4.7/../../../../avr32/lib/ucr1\libc.a(lib_a-mallocr.o)
                0x80009040                _malloc_r
 .text.memchr   0x8000948c       0x16 c:/program files (x86)/atmel/atmel toolchain/avr32 gcc/native/3.4.1067/avr32-gnu-toolchain/bin/../lib/gcc/avr32/4.4.7/../../../../avr32/lib/ucr1\libc.a(lib_a-memchr.o)
                0x8000948c                memchr
 .text.memcmp   0x800094a2       0x26 c:/program files (x86)/atmel/atmel toolchain/avr32 gcc/native/3.4.1067/avr32-gnu-toolchain/bin/../lib/gcc/avr32/4.4.7/../../../../avr32/lib/ucr1\libc.a(lib_a-memcmp.o)
                0x800094a2                memcmp
 .text          0x800094c8      0x148 c:/program files (x86)/atmel/atmel toolchain/avr32 gcc/native/3.4.1067/avr32-gnu-toolchain/bin/../lib/gcc/avr32/4.4.7/../../../../avr32/lib/ucr1\libc.a(lib_a-memcpy.o)
                0x800094c8                memcpy
 .text.memmove  0x80009610       0x3e c:/program files (x86)/atmel/atmel toolchain/avr32 gcc/native/3.4.1067/avr32-gnu-toolchain/bin/../lib/gcc/avr32/4.4.7/../../../../avr32/lib/ucr1\libc.a(lib_a-memmove.o)
                0x80009610                memmove
 .text.memset   0x8000964e        0xe c:/program files (x86)/atmel/atmel toolchain/avr32 gcc/native/3.4.1067/avr32-gnu-toolchain/bin/../lib/gcc/avr32/4.4.7/../../../../avr32/lib/ucr1\libc.a(lib_a-memset.o)
                0x8000964e                memset
 .text.__malloc_lock
                0x8000965c        0x2 c:/program files (x86)/atmel/atmel toolchain/avr32 gcc/native/3.4.1067/avr32-gnu-toolchain/bin/../lib/gcc/avr32/4.4.7/../../../../avr32/lib/ucr1\libc.a(lib_a-mlock.o)
                0x8000965c                __malloc_lock
 .text.__malloc_unlock
                0x8000965e        0x2 c:/program files (x86)/atmel/atmel toolchain/avr32 gcc/native/3.4.1067/avr32-gnu-toolchain/bin/../lib/gcc/avr32/4.4.7/../../../../avr32/lib/ucr1\libc.a(lib_a-mlock.o)
                0x8000965e                __malloc_unlock
 .text._putc_r  0x80009660       0x8c c:/program files (x86)/atmel/atmel toolchain/avr32 gcc/native/3.4.1067/avr32-gnu-toolchain/bin/../lib/gcc/avr32/4.4.7/../../../../avr32/lib/ucr1\libc.a(lib_a-putc.o)
                0x80009660                _putc_r
 .text.realloc  0x800096ec       0x18 c:/program files (x86)/atmel/atmel toolchain/avr32 gcc/native/3.4.1067/avr32-gnu-toolchain/bin/../lib/gcc/avr32/4.4.7/../../../../avr32/lib/ucr1\libc.a(lib_a-realloc.o)
                0x800096ec                realloc
 .text._realloc_r
                0x80009704      0x2e0 c:/program files (x86)/atmel/atmel toolchain/avr32 gcc/native/3.4.1067/avr32-gnu-toolchain/bin/../lib/gcc/avr32/4.4.7/../../../../avr32/lib/ucr1\libc.a(lib_a-reallocr.o)
                0x80009704                _realloc_r
 .text._sbrk_r  0x800099e4       0x28 c:/program files (x86)/atmel/atmel toolchain/avr32 gcc/native/3.4.1067/avr32-gnu-toolchain/bin/../lib/gcc/avr32/4.4.7/../../../../avr32/lib/ucr1\libc.a(lib_a-sbrkr.o)
                0x800099e4                _sbrk_r
 .text._raise_r
                0x80009a0c       0x58 c:/program files (x86)/atmel/atmel toolchain/avr32 gcc/native/3.4.1067/avr32-gnu-toolchain/bin/../lib/gcc/avr32/4.4.7/../../../../avr32/lib/ucr1\libc.a(lib_a-signal.o)
                0x80009a0c                _raise_r
 .text.raise    0x80009a64       0x18 c:/program files (x86)/atmel/atmel toolchain/avr32 gcc/native/3.4.1067/avr32-gnu-toolchain/bin/../lib/gcc/avr32/4.4.7/../../../../avr32/lib/ucr1\libc.a(lib_a-signal.o)
                0x80009a64                raise
 .text._getpid_r
                0x80009a7c        0xc c:/program files (x86)/atmel/atmel toolchain/avr32 gcc/native/3.4.1067/avr32-gnu-toolchain/bin/../lib/gcc/avr32/4.4.7/../../../../avr32/lib/ucr1\libc.a(lib_a-signalr.o)
                0x80009a7c                _getpid_r
 .text._kill_r  0x80009a88       0x2c c:/program files (x86)/atmel/atmel toolchain/avr32 gcc/native/3.4.1067/avr32-gnu-toolchain/bin/../lib/gcc/avr32/4.4.7/../../../../avr32/lib/ucr1\libc.a(lib_a-signalr.o)
                0x80009a88                _kill_r
 .text.sprintf  0x80009ab4       0x40 c:/program files (x86)/atmel/atmel toolchain/avr32 gcc/native/3.4.1067/avr32-gnu-toolchain/bin/../lib/gcc/avr32/4.4.7/../../../../avr32/lib/ucr1\libc.a(lib_a-sprintf.o)
                0x80009ab4                sprintf
 .text.strcat   0x80009af4       0x22 c:/program files (x86)/atmel/atmel toolchain/avr32 gcc/native/3.4.1067/avr32-gnu-toolchain/bin/../lib/gcc/avr32/4.4.7/../../../../avr32/lib/ucr1\libc.a(lib_a-strcat.o)
                0x80009af4                strcat
 *fill*         0x80009b16        0x2 d703d703
 .text          0x80009b18       0xa8 c:/program files (x86)/atmel/atmel toolchain/avr32 gcc/native/3.4.1067/avr32-gnu-toolchain/bin/../lib/gcc/avr32/4.4.7/../../../../avr32/lib/ucr1\libc.a(lib_a-strcmp.o)
                0x80009b18                strcmp
 .text.strcpy   0x80009bc0       0x12 c:/program files (x86)/atmel/atmel toolchain/avr32 gcc/native/3.4.1067/avr32-gnu-toolchain/bin/../lib/gcc/avr32/4.4.7/../../../../avr32/lib/ucr1\libc.a(lib_a-strcpy.o)
                0x80009bc0                strcpy
 .text.strlen   0x80009bd2       0x16 c:/program files (x86)/atmel/atmel toolchain/avr32 gcc/native/3.4.1067/avr32-gnu-toolchain/bin/../lib/gcc/avr32/4.4.7/../../../../avr32/lib/ucr1\libc.a(lib_a-strlen.o)
                0x80009bd2                strlen
 .text.strncmp  0x80009be8       0x26 c:/program files (x86)/atmel/atmel toolchain/avr32 gcc/native/3.4.1067/avr32-gnu-toolchain/bin/../lib/gcc/avr32/4.4.7/../../../../avr32/lib/ucr1\libc.a(lib_a-strncmp.o)
                0x80009be8                strncmp
 .text._exit    0x80009c0e        0xa c:/program files (x86)/atmel/atmel toolchain/avr32 gcc/native/3.4.1067/avr32-gnu-toolchain/bin/../lib/gcc/avr32/4.4.7/../../../../avr32/lib/ucr1\libc.a(lib_a-syscalls.o)
                0x80009c0e                _exit
 .text._close   0x80009c18       0x18 c:/program files (x86)/atmel/atmel toolchain/avr32 gcc/native/3.4.1067/avr32-gnu-toolchain/bin/../lib/gcc/avr32/4.4.7/../../../../avr32/lib/ucr1\libc.a(lib_a-syscalls.o)
                0x80009c18                _close
 .text._lseek   0x80009c30       0x18 c:/program files (x86)/atmel/atmel toolchain/avr32 gcc/native/3.4.1067/avr32-gnu-toolchain/bin/../lib/gcc/avr32/4.4.7/../../../../avr32/lib/ucr1\libc.a(lib_a-syscalls.o)
                0x80009c30                _lseek
 .text._read    0x80009c48       0x18 c:/program files (x86)/atmel/atmel toolchain/avr32 gcc/native/3.4.1067/avr32-gnu-toolchain/bin/../lib/gcc/avr32/4.4.7/../../../../avr32/lib/ucr1\libc.a(lib_a-syscalls.o)
                0x80009c48                _read
 .text._write   0x80009c60       0x18 c:/program files (x86)/atmel/atmel toolchain/avr32 gcc/native/3.4.1067/avr32-gnu-toolchain/bin/../lib/gcc/avr32/4.4.7/../../../../avr32/lib/ucr1\libc.a(lib_a-syscalls.o)
                0x80009c60                _write
 .text.isatty   0x80009c78       0x18 c:/program files (x86)/atmel/atmel toolchain/avr32 gcc/native/3.4.1067/avr32-gnu-toolchain/bin/../lib/gcc/avr32/4.4.7/../../../../avr32/lib/ucr1\libc.a(lib_a-syscalls.o)
                0x80009c78                isatty
 .text._fstat_host
                0x80009c90       0x18 c:/program files (x86)/atmel/atmel toolchain/avr32 gcc/native/3.4.1067/avr32-gnu-toolchain/bin/../lib/gcc/avr32/4.4.7/../../../../avr32/lib/ucr1\libc.a(lib_a-syscalls.o)
                0x80009c90                _fstat_host
 .text._fstat   0x80009ca8       0x50 c:/program files (x86)/atmel/atmel toolchain/avr32 gcc/native/3.4.1067/avr32-gnu-toolchain/bin/../lib/gcc/avr32/4.4.7/../../../../avr32/lib/ucr1\libc.a(lib_a-syscalls.o)
                0x80009ca8                _fstat
 .text._kill    0x80009cf8        0x2 c:/program files (x86)/atmel/atmel toolchain/avr32 gcc/native/3.4.1067/avr32-gnu-toolchain/bin/../lib/gcc/avr32/4.4.7/../../../../avr32/lib/ucr1\libc.a(lib_a-syscalls.o)
                0x80009cf8                _kill
 .text._getpid  0x80009cfa        0x2 c:/program files (x86)/atmel/atmel toolchain/avr32 gcc/native/3.4.1067/avr32-gnu-toolchain/bin/../lib/gcc/avr32/4.4.7/../../../../avr32/lib/ucr1\libc.a(lib_a-syscalls.o)
                0x80009cfa                _getpid
 .text._sbrk    0x80009cfc       0x40 c:/program files (x86)/atmel/atmel toolchain/avr32 gcc/native/3.4.1067/avr32-gnu-toolchain/bin/../lib/gcc/avr32/4.4.7/../../../../avr32/lib/ucr1\libc.a(lib_a-syscalls.o)
                0x80009cfc                _sbrk
 .text.get_arg  0x80009d3c      0x324 c:/program files (x86)/atmel/atmel toolchain/avr32 gcc/native/3.4.1067/avr32-gnu-toolchain/bin/../lib/gcc/avr32/4.4.7/../../../../avr32/lib/ucr1\libc.a(lib_a-vfprintf.o)
 .text.__sprint_r
                0x8000a060       0x20 c:/program files (x86)/atmel/atmel toolchain/avr32 gcc/native/3.4.1067/avr32-gnu-toolchain/bin/../lib/gcc/avr32/4.4.7/../../../../avr32/lib/ucr1\libc.a(lib_a-vfprintf.o)
 .text._vfprintf_r
                0x8000a080     0x1fa4 c:/program files (x86)/atmel/atmel toolchain/avr32 gcc/native/3.4.1067/avr32-gnu-toolchain/bin/../lib/gcc/avr32/4.4.7/../../../../avr32/lib/ucr1\libc.a(lib_a-vfprintf.o)
                0x8000a080                _vfprintf_r
 .text.__swbuf_r
                0x8000c024       0xbc c:/program files (x86)/atmel/atmel toolchain/avr32 gcc/native/3.4.1067/avr32-gnu-toolchain/bin/../lib/gcc/avr32/4.4.7/../../../../avr32/lib/ucr1\libc.a(lib_a-wbuf.o)
                0x8000c024                __swbuf_r
 .text.__swsetup_r
                0x8000c0e0       0xe8 c:/program files (x86)/atmel/atmel toolchain/avr32 gcc/native/3.4.1067/avr32-gnu-toolchain/bin/../lib/gcc/avr32/4.4.7/../../../../avr32/lib/ucr1\libc.a(lib_a-wsetup.o)
                0x8000c0e0                __swsetup_r
 .text.quorem   0x8000c1c8      0x124 c:/program files (x86)/atmel/atmel toolchain/avr32 gcc/native/3.4.1067/avr32-gnu-toolchain/bin/../lib/gcc/avr32/4.4.7/../../../../avr32/lib/ucr1\libc.a(lib_a-dtoa.o)
 .text._dtoa_r  0x8000c2ec      0xcac c:/program files (x86)/atmel/atmel toolchain/avr32 gcc/native/3.4.1067/avr32-gnu-toolchain/bin/../lib/gcc/avr32/4.4.7/../../../../avr32/lib/ucr1\libc.a(lib_a-dtoa.o)
                0x8000c2ec                _dtoa_r
 .text.__errno  0x8000cf98        0xc c:/program files (x86)/atmel/atmel toolchain/avr32 gcc/native/3.4.1067/avr32-gnu-toolchain/bin/../lib/gcc/avr32/4.4.7/../../../../avr32/lib/ucr1\libc.a(lib_a-errno.o)
                0x8000cf98                __errno
 .text._fflush_r
                0x8000cfa4      0x114 c:/program files (x86)/atmel/atmel toolchain/avr32 gcc/native/3.4.1067/avr32-gnu-toolchain/bin/../lib/gcc/avr32/4.4.7/../../../../avr32/lib/ucr1\libc.a(lib_a-fflush.o)
                0x8000cfa4                _fflush_r
 .text.__sfp_lock_acquire
                0x8000d0b8        0x2 c:/program files (x86)/atmel/atmel toolchain/avr32 gcc/native/3.4.1067/avr32-gnu-toolchain/bin/../lib/gcc/avr32/4.4.7/../../../../avr32/lib/ucr1\libc.a(lib_a-findfp.o)
                0x8000d0b8                __sfp_lock_acquire
 .text.__sfp_lock_release
                0x8000d0ba        0x2 c:/program files (x86)/atmel/atmel toolchain/avr32 gcc/native/3.4.1067/avr32-gnu-toolchain/bin/../lib/gcc/avr32/4.4.7/../../../../avr32/lib/ucr1\libc.a(lib_a-findfp.o)
                0x8000d0ba                __sfp_lock_release
 .text._cleanup_r
                0x8000d0bc       0x14 c:/program files (x86)/atmel/atmel toolchain/avr32 gcc/native/3.4.1067/avr32-gnu-toolchain/bin/../lib/gcc/avr32/4.4.7/../../../../avr32/lib/ucr1\libc.a(lib_a-findfp.o)
                0x8000d0bc                _cleanup_r
 .text.__sfmoreglue
                0x8000d0d0       0x30 c:/program files (x86)/atmel/atmel toolchain/avr32 gcc/native/3.4.1067/avr32-gnu-toolchain/bin/../lib/gcc/avr32/4.4.7/../../../../avr32/lib/ucr1\libc.a(lib_a-findfp.o)
                0x8000d0d0                __sfmoreglue
 .text.__sfp    0x8000d100       0x7c c:/program files (x86)/atmel/atmel toolchain/avr32 gcc/native/3.4.1067/avr32-gnu-toolchain/bin/../lib/gcc/avr32/4.4.7/../../../../avr32/lib/ucr1\libc.a(lib_a-findfp.o)
                0x8000d100                __sfp
 .text.__sinit  0x8000d17c       0xb0 c:/program files (x86)/atmel/atmel toolchain/avr32 gcc/native/3.4.1067/avr32-gnu-toolchain/bin/../lib/gcc/avr32/4.4.7/../../../../avr32/lib/ucr1\libc.a(lib_a-findfp.o)
                0x8000d17c                __sinit
 .text._malloc_trim_r
                0x8000d22c       0xa8 c:/program files (x86)/atmel/atmel toolchain/avr32 gcc/native/3.4.1067/avr32-gnu-toolchain/bin/../lib/gcc/avr32/4.4.7/../../../../avr32/lib/ucr1\libc.a(lib_a-freer.o)
                0x8000d22c                _malloc_trim_r
 .text._free_r  0x8000d2d4      0x19c c:/program files (x86)/atmel/atmel toolchain/avr32 gcc/native/3.4.1067/avr32-gnu-toolchain/bin/../lib/gcc/avr32/4.4.7/../../../../avr32/lib/ucr1\libc.a(lib_a-freer.o)
                0x8000d2d4                _free_r
 .text._fwalk   0x8000d470       0x54 c:/program files (x86)/atmel/atmel toolchain/avr32 gcc/native/3.4.1067/avr32-gnu-toolchain/bin/../lib/gcc/avr32/4.4.7/../../../../avr32/lib/ucr1\libc.a(lib_a-fwalk.o)
                0x8000d470                _fwalk
 .text._localeconv_r
                0x8000d4c4        0x8 c:/program files (x86)/atmel/atmel toolchain/avr32 gcc/native/3.4.1067/avr32-gnu-toolchain/bin/../lib/gcc/avr32/4.4.7/../../../../avr32/lib/ucr1\libc.a(lib_a-locale.o)
                0x8000d4c4                _localeconv_r
 .text.__smakebuf_r
                0x8000d4cc       0xcc c:/program files (x86)/atmel/atmel toolchain/avr32 gcc/native/3.4.1067/avr32-gnu-toolchain/bin/../lib/gcc/avr32/4.4.7/../../../../avr32/lib/ucr1\libc.a(lib_a-makebuf.o)
                0x8000d4cc                __smakebuf_r
 .text.__hi0bits
                0x8000d598       0x76 c:/program files (x86)/atmel/atmel toolchain/avr32 gcc/native/3.4.1067/avr32-gnu-toolchain/bin/../lib/gcc/avr32/4.4.7/../../../../avr32/lib/ucr1\libc.a(lib_a-mprec.o)
                0x8000d598                __hi0bits
 .text.__lo0bits
                0x8000d60e       0x8e c:/program files (x86)/atmel/atmel toolchain/avr32 gcc/native/3.4.1067/avr32-gnu-toolchain/bin/../lib/gcc/avr32/4.4.7/../../../../avr32/lib/ucr1\libc.a(lib_a-mprec.o)
                0x8000d60e                __lo0bits
 .text.__mcmp   0x8000d69c       0x32 c:/program files (x86)/atmel/atmel toolchain/avr32 gcc/native/3.4.1067/avr32-gnu-toolchain/bin/../lib/gcc/avr32/4.4.7/../../../../avr32/lib/ucr1\libc.a(lib_a-mprec.o)
                0x8000d69c                __mcmp
 *fill*         0x8000d6ce        0x2 d703d703
 .text._Bfree   0x8000d6d0       0x38 c:/program files (x86)/atmel/atmel toolchain/avr32 gcc/native/3.4.1067/avr32-gnu-toolchain/bin/../lib/gcc/avr32/4.4.7/../../../../avr32/lib/ucr1\libc.a(lib_a-mprec.o)
                0x8000d6d0                _Bfree
 .text._Balloc  0x8000d708       0x78 c:/program files (x86)/atmel/atmel toolchain/avr32 gcc/native/3.4.1067/avr32-gnu-toolchain/bin/../lib/gcc/avr32/4.4.7/../../../../avr32/lib/ucr1\libc.a(lib_a-mprec.o)
                0x8000d708                _Balloc
 .text.__d2b    0x8000d780       0xb4 c:/program files (x86)/atmel/atmel toolchain/avr32 gcc/native/3.4.1067/avr32-gnu-toolchain/bin/../lib/gcc/avr32/4.4.7/../../../../avr32/lib/ucr1\libc.a(lib_a-mprec.o)
                0x8000d780                __d2b
 .text.__mdiff  0x8000d834       0xd8 c:/program files (x86)/atmel/atmel toolchain/avr32 gcc/native/3.4.1067/avr32-gnu-toolchain/bin/../lib/gcc/avr32/4.4.7/../../../../avr32/lib/ucr1\libc.a(lib_a-mprec.o)
                0x8000d834                __mdiff
 .text.__lshift
                0x8000d90c       0x94 c:/program files (x86)/atmel/atmel toolchain/avr32 gcc/native/3.4.1067/avr32-gnu-toolchain/bin/../lib/gcc/avr32/4.4.7/../../../../avr32/lib/ucr1\libc.a(lib_a-mprec.o)
                0x8000d90c                __lshift
 .text.__multiply
                0x8000d9a0      0x104 c:/program files (x86)/atmel/atmel toolchain/avr32 gcc/native/3.4.1067/avr32-gnu-toolchain/bin/../lib/gcc/avr32/4.4.7/../../../../avr32/lib/ucr1\libc.a(lib_a-mprec.o)
                0x8000d9a0                __multiply
 .text.__i2b    0x8000daa4       0x18 c:/program files (x86)/atmel/atmel toolchain/avr32 gcc/native/3.4.1067/avr32-gnu-toolchain/bin/../lib/gcc/avr32/4.4.7/../../../../avr32/lib/ucr1\libc.a(lib_a-mprec.o)
                0x8000daa4                __i2b
 .text.__multadd
                0x8000dabc       0x88 c:/program files (x86)/atmel/atmel toolchain/avr32 gcc/native/3.4.1067/avr32-gnu-toolchain/bin/../lib/gcc/avr32/4.4.7/../../../../avr32/lib/ucr1\libc.a(lib_a-mprec.o)
                0x8000dabc                __multadd
 .text.__pow5mult
                0x8000db44       0xac c:/program files (x86)/atmel/atmel toolchain/avr32 gcc/native/3.4.1067/avr32-gnu-toolchain/bin/../lib/gcc/avr32/4.4.7/../../../../avr32/lib/ucr1\libc.a(lib_a-mprec.o)
                0x8000db44                __pow5mult
 .text.__isinfd
                0x8000dbf0       0x2c c:/program files (x86)/atmel/atmel toolchain/avr32 gcc/native/3.4.1067/avr32-gnu-toolchain/bin/../lib/gcc/avr32/4.4.7/../../../../avr32/lib/ucr1\libc.a(lib_a-s_isinfd.o)
                0x8000dbf0                __isinfd
 .text.__isnand
                0x8000dc1c       0x1e c:/program files (x86)/atmel/atmel toolchain/avr32 gcc/native/3.4.1067/avr32-gnu-toolchain/bin/../lib/gcc/avr32/4.4.7/../../../../avr32/lib/ucr1\libc.a(lib_a-s_isnand.o)
                0x8000dc1c                __isnand
 *fill*         0x8000dc3a        0x2 d703d703
 .text.__sclose
                0x8000dc3c       0x10 c:/program files (x86)/atmel/atmel toolchain/avr32 gcc/native/3.4.1067/avr32-gnu-toolchain/bin/../lib/gcc/avr32/4.4.7/../../../../avr32/lib/ucr1\libc.a(lib_a-stdio.o)
                0x8000dc3c                __sclose
 .text.__sseek  0x8000dc4c       0x24 c:/program files (x86)/atmel/atmel toolchain/avr32 gcc/native/3.4.1067/avr32-gnu-toolchain/bin/../lib/gcc/avr32/4.4.7/../../../../avr32/lib/ucr1\libc.a(lib_a-stdio.o)
                0x8000dc4c                __sseek
 .text.__swrite
                0x8000dc70       0x38 c:/program files (x86)/atmel/atmel toolchain/avr32 gcc/native/3.4.1067/avr32-gnu-toolchain/bin/../lib/gcc/avr32/4.4.7/../../../../avr32/lib/ucr1\libc.a(lib_a-stdio.o)
                0x8000dc70                __swrite
 .text.__sread  0x8000dca8       0x24 c:/program files (x86)/atmel/atmel toolchain/avr32 gcc/native/3.4.1067/avr32-gnu-toolchain/bin/../lib/gcc/avr32/4.4.7/../../../../avr32/lib/ucr1\libc.a(lib_a-stdio.o)
                0x8000dca8                __sread
 .text._write_r
                0x8000dccc       0x2c c:/program files (x86)/atmel/atmel toolchain/avr32 gcc/native/3.4.1067/avr32-gnu-toolchain/bin/../lib/gcc/avr32/4.4.7/../../../../avr32/lib/ucr1\libc.a(lib_a-writer.o)
                0x8000dccc                _write_r
 .text._calloc_r
                0x8000dcf8       0x60 c:/program files (x86)/atmel/atmel toolchain/avr32 gcc/native/3.4.1067/avr32-gnu-toolchain/bin/../lib/gcc/avr32/4.4.7/../../../../avr32/lib/ucr1\libc.a(lib_a-callocr.o)
                0x8000dcf8                _calloc_r
 .text._close_r
                0x8000dd58       0x28 c:/program files (x86)/atmel/atmel toolchain/avr32 gcc/native/3.4.1067/avr32-gnu-toolchain/bin/../lib/gcc/avr32/4.4.7/../../../../avr32/lib/ucr1\libc.a(lib_a-closer.o)
                0x8000dd58                _close_r
 .text._fclose_r
                0x8000dd80       0xd0 c:/program files (x86)/atmel/atmel toolchain/avr32 gcc/native/3.4.1067/avr32-gnu-toolchain/bin/../lib/gcc/avr32/4.4.7/../../../../avr32/lib/ucr1\libc.a(lib_a-fclose.o)
                0x8000dd80                _fclose_r
 .text.fclose   0x8000de50       0x18 c:/program files (x86)/atmel/atmel toolchain/avr32 gcc/native/3.4.1067/avr32-gnu-toolchain/bin/../lib/gcc/avr32/4.4.7/../../../../avr32/lib/ucr1\libc.a(lib_a-fclose.o)
                0x8000de50                fclose
 .text._fstat_r
                0x8000de68       0x2c c:/program files (x86)/atmel/atmel toolchain/avr32 gcc/native/3.4.1067/avr32-gnu-toolchain/bin/../lib/gcc/avr32/4.4.7/../../../../avr32/lib/ucr1\libc.a(lib_a-fstatr.o)
                0x8000de68                _fstat_r
 .text._lseek_r
                0x8000de94       0x2c c:/program files (x86)/atmel/atmel toolchain/avr32 gcc/native/3.4.1067/avr32-gnu-toolchain/bin/../lib/gcc/avr32/4.4.7/../../../../avr32/lib/ucr1\libc.a(lib_a-lseekr.o)
                0x8000de94                _lseek_r
 .text._read_r  0x8000dec0       0x2c c:/program files (x86)/atmel/atmel toolchain/avr32 gcc/native/3.4.1067/avr32-gnu-toolchain/bin/../lib/gcc/avr32/4.4.7/../../../../avr32/lib/ucr1\libc.a(lib_a-readr.o)
                0x8000dec0                _read_r
 .text          0x8000deec       0xea c:/program files (x86)/atmel/atmel toolchain/avr32 gcc/native/3.4.1067/avr32-gnu-toolchain/bin/../lib/gcc/avr32/4.4.7/ucr1\libgcc.a(_avr32_s32_to_f64.o)
                0x8000deec                __avr32_u32_to_f64
                0x8000def4                __avr32_s32_to_f64
 .text          0x8000dfd6       0x28 c:/program files (x86)/atmel/atmel toolchain/avr32 gcc/native/3.4.1067/avr32-gnu-toolchain/bin/../lib/gcc/avr32/4.4.7/ucr1\libgcc.a(_avr32_f64_cmp_eq.o)
                0x8000dfd6                __avr32_f64_cmp_eq
 .text          0x8000dffe       0x6a c:/program files (x86)/atmel/atmel toolchain/avr32 gcc/native/3.4.1067/avr32-gnu-toolchain/bin/../lib/gcc/avr32/4.4.7/ucr1\libgcc.a(_avr32_f64_cmp_ge.o)
                0x8000dffe                __avr32_f64_cmp_ge
 .text          0x8000e068       0x6a c:/program files (x86)/atmel/atmel toolchain/avr32 gcc/native/3.4.1067/avr32-gnu-toolchain/bin/../lib/gcc/avr32/4.4.7/ucr1\libgcc.a(_avr32_f64_cmp_lt.o)
                0x8000e068                __avr32_f64_cmp_lt
 .text          0x8000e0d2      0x288 c:/program files (x86)/atmel/atmel toolchain/avr32 gcc/native/3.4.1067/avr32-gnu-toolchain/bin/../lib/gcc/avr32/4.4.7/ucr1\libgcc.a(_udivdi3.o)
                0x8000e0d2                __avr32_udiv64
                0x8000e0d2                __udivdi3
 .text          0x8000e35a      0x22c c:/program files (x86)/atmel/atmel toolchain/avr32 gcc/native/3.4.1067/avr32-gnu-toolchain/bin/../lib/gcc/avr32/4.4.7/ucr1\libgcc.a(_umoddi3.o)
                0x8000e35a                __avr32_umod64
                0x8000e35a                __umoddi3
 *(.text.*personality*)
 *(.gnu.warning)

.exception      0x8000e600      0x200
 .exception     0x8000e600      0x200 assembler/exception.o
                0x8000e600                _evba
                0x8000e704                _int0
                0x8000e71c                _int1
                0x8000e734                _int2
                0x8000e74c                _int3

.fini
 *(.fini)
                0x8000e800                PROVIDE (__etext, .)
                0x8000e800                PROVIDE (_etext, .)
                0x8000e800                PROVIDE (etext, .)

.rodata         0x8000e800      0xefc
 *(.rodata .rodata.* .gnu.linkonce.r.*)
 .rodata._ZTVSt9bad_alloc
                0x8000e800       0x14 c:/program files (x86)/atmel/atmel toolchain/avr32 gcc/native/3.4.1067/avr32-gnu-toolchain/bin/../lib/gcc/avr32/4.4.7/ucr1\libstdc++.a(new_handler.o)
                0x8000e800                vtable for std::bad_alloc
 .rodata._ZTSSt9bad_alloc
                0x8000e814       0x10 c:/program files (x86)/atmel/atmel toolchain/avr32 gcc/native/3.4.1067/avr32-gnu-toolchain/bin/../lib/gcc/avr32/4.4.7/ucr1\libstdc++.a(new_handler.o)
                0x8000e814                typeinfo name for std::bad_alloc
 .rodata._ZTISt9bad_alloc
                0x8000e824        0xc c:/program files (x86)/atmel/atmel toolchain/avr32 gcc/native/3.4.1067/avr32-gnu-toolchain/bin/../lib/gcc/avr32/4.4.7/ucr1\libstdc++.a(new_handler.o)
                0x8000e824                typeinfo for std::bad_alloc
 .rodata.str1.4
                0x8000e830        0xf c:/program files (x86)/atmel/atmel toolchain/avr32 gcc/native/3.4.1067/avr32-gnu-toolchain/bin/../lib/gcc/avr32/4.4.7/ucr1\libstdc++.a(new_handler.o)
                                 0x10 (size before relaxing)
 *fill*         0x8000e83f        0x1 
 .rodata._ZTVN10__cxxabiv120__si_class_type_infoE
                0x8000e840       0x2c c:/program files (x86)/atmel/atmel toolchain/avr32 gcc/native/3.4.1067/avr32-gnu-toolchain/bin/../lib/gcc/avr32/4.4.7/ucr1\libstdc++.a(si_class_type_info.o)
                0x8000e840                vtable for __cxxabiv1::__si_class_type_info
 .rodata._ZTSN10__cxxabiv120__si_class_type_infoE
                0x8000e86c       0x28 c:/program files (x86)/atmel/atmel toolchain/avr32 gcc/native/3.4.1067/avr32-gnu-toolchain/bin/../lib/gcc/avr32/4.4.7/ucr1\libstdc++.a(si_class_type_info.o)
                0x8000e86c                typeinfo name for __cxxabiv1::__si_class_type_info
 .rodata._ZTIN10__cxxabiv120__si_class_type_infoE
                0x8000e894        0xc c:/program files (x86)/atmel/atmel toolchain/avr32 gcc/native/3.4.1067/avr32-gnu-toolchain/bin/../lib/gcc/avr32/4.4.7/ucr1\libstdc++.a(si_class_type_info.o)
                0x8000e894                typeinfo for __cxxabiv1::__si_class_type_info
 .rodata._ZL28read_encoded_value_with_basehjPKhPj
                0x8000e8a0       0x34 c:/program files (x86)/atmel/atmel toolchain/avr32 gcc/native/3.4.1067/avr32-gnu-toolchain/bin/../lib/gcc/avr32/4.4.7/ucr1\libstdc++.a(eh_personality.o)
 .rodata._ZTVSt13bad_exception
                0x8000e8d4       0x14 c:/program files (x86)/atmel/atmel toolchain/avr32 gcc/native/3.4.1067/avr32-gnu-toolchain/bin/../lib/gcc/avr32/4.4.7/ucr1\libstdc++.a(eh_exception.o)
                0x8000e8d4                vtable for std::bad_exception
 .rodata._ZTVSt9exception
                0x8000e8e8       0x14 c:/program files (x86)/atmel/atmel toolchain/avr32 gcc/native/3.4.1067/avr32-gnu-toolchain/bin/../lib/gcc/avr32/4.4.7/ucr1\libstdc++.a(eh_exception.o)
                0x8000e8e8                vtable for std::exception
 .rodata._ZTSN10__cxxabiv119__foreign_exceptionE
                0x8000e8fc       0x24 c:/program files (x86)/atmel/atmel toolchain/avr32 gcc/native/3.4.1067/avr32-gnu-toolchain/bin/../lib/gcc/avr32/4.4.7/ucr1\libstdc++.a(eh_exception.o)
                0x8000e8fc                typeinfo name for __cxxabiv1::__foreign_exception
 .rodata._ZTIN10__cxxabiv119__foreign_exceptionE
                0x8000e920        0x8 c:/program files (x86)/atmel/atmel toolchain/avr32 gcc/native/3.4.1067/avr32-gnu-toolchain/bin/../lib/gcc/avr32/4.4.7/ucr1\libstdc++.a(eh_exception.o)
                0x8000e920                typeinfo for __cxxabiv1::__foreign_exception
 .rodata._ZTSN10__cxxabiv115__forced_unwindE
                0x8000e928       0x20 c:/program files (x86)/atmel/atmel toolchain/avr32 gcc/native/3.4.1067/avr32-gnu-toolchain/bin/../lib/gcc/avr32/4.4.7/ucr1\libstdc++.a(eh_exception.o)
                0x8000e928                typeinfo name for __cxxabiv1::__forced_unwind
 .rodata._ZTIN10__cxxabiv115__forced_unwindE
                0x8000e948        0x8 c:/program files (x86)/atmel/atmel toolchain/avr32 gcc/native/3.4.1067/avr32-gnu-toolchain/bin/../lib/gcc/avr32/4.4.7/ucr1\libstdc++.a(eh_exception.o)
                0x8000e948                typeinfo for __cxxabiv1::__forced_unwind
 .rodata._ZTSSt13bad_exception
                0x8000e950       0x14 c:/program files (x86)/atmel/atmel toolchain/avr32 gcc/native/3.4.1067/avr32-gnu-toolchain/bin/../lib/gcc/avr32/4.4.7/ucr1\libstdc++.a(eh_exception.o)
                0x8000e950                typeinfo name for std::bad_exception
 .rodata._ZTISt13bad_exception
                0x8000e964        0xc c:/program files (x86)/atmel/atmel toolchain/avr32 gcc/native/3.4.1067/avr32-gnu-toolchain/bin/../lib/gcc/avr32/4.4.7/ucr1\libstdc++.a(eh_exception.o)
                0x8000e964                typeinfo for std::bad_exception
 .rodata._ZTSSt9exception
                0x8000e970       0x10 c:/program files (x86)/atmel/atmel toolchain/avr32 gcc/native/3.4.1067/avr32-gnu-toolchain/bin/../lib/gcc/avr32/4.4.7/ucr1\libstdc++.a(eh_exception.o)
                0x8000e970                typeinfo name for std::exception
 .rodata._ZTISt9exception
                0x8000e980        0x8 c:/program files (x86)/atmel/atmel toolchain/avr32 gcc/native/3.4.1067/avr32-gnu-toolchain/bin/../lib/gcc/avr32/4.4.7/ucr1\libstdc++.a(eh_exception.o)
                0x8000e980                typeinfo for std::exception
 .rodata.str1.4
                0x8000e988       0x23 c:/program files (x86)/atmel/atmel toolchain/avr32 gcc/native/3.4.1067/avr32-gnu-toolchain/bin/../lib/gcc/avr32/4.4.7/ucr1\libstdc++.a(eh_exception.o)
                                 0x24 (size before relaxing)
 *fill*         0x8000e9ab        0x1 
 .rodata._ZTVSt9type_info
                0x8000e9ac       0x20 c:/program files (x86)/atmel/atmel toolchain/avr32 gcc/native/3.4.1067/avr32-gnu-toolchain/bin/../lib/gcc/avr32/4.4.7/ucr1\libstdc++.a(tinfo.o)
                0x8000e9ac                vtable for std::type_info
 .rodata._ZTSSt9type_info
                0x8000e9cc       0x10 c:/program files (x86)/atmel/atmel toolchain/avr32 gcc/native/3.4.1067/avr32-gnu-toolchain/bin/../lib/gcc/avr32/4.4.7/ucr1\libstdc++.a(tinfo.o)
                0x8000e9cc                typeinfo name for std::type_info
 .rodata._ZTISt9type_info
                0x8000e9dc        0x8 c:/program files (x86)/atmel/atmel toolchain/avr32 gcc/native/3.4.1067/avr32-gnu-toolchain/bin/../lib/gcc/avr32/4.4.7/ucr1\libstdc++.a(tinfo.o)
                0x8000e9dc                typeinfo for std::type_info
 .rodata._ZTVN10__cxxabiv117__class_type_infoE
                0x8000e9e4       0x2c c:/program files (x86)/atmel/atmel toolchain/avr32 gcc/native/3.4.1067/avr32-gnu-toolchain/bin/../lib/gcc/avr32/4.4.7/ucr1\libstdc++.a(class_type_info.o)
                0x8000e9e4                vtable for __cxxabiv1::__class_type_info
 .rodata._ZTSN10__cxxabiv117__class_type_infoE
                0x8000ea10       0x24 c:/program files (x86)/atmel/atmel toolchain/avr32 gcc/native/3.4.1067/avr32-gnu-toolchain/bin/../lib/gcc/avr32/4.4.7/ucr1\libstdc++.a(class_type_info.o)
                0x8000ea10                typeinfo name for __cxxabiv1::__class_type_info
 .rodata._ZTIN10__cxxabiv117__class_type_infoE
                0x8000ea34        0xc c:/program files (x86)/atmel/atmel toolchain/avr32 gcc/native/3.4.1067/avr32-gnu-toolchain/bin/../lib/gcc/avr32/4.4.7/ucr1\libstdc++.a(class_type_info.o)
                0x8000ea34                typeinfo for __cxxabiv1::__class_type_info
 .rodata.str1.4
                0x8000ea40       0x92 c:/program files (x86)/atmel/atmel toolchain/avr32 gcc/native/3.4.1067/avr32-gnu-toolchain/bin/../lib/gcc/avr32/4.4.7/ucr1\libstdc++.a(vterminate.o)
                                 0x94 (size before relaxing)
 *fill*         0x8000ead2        0x2 
 .rodata.str1.4
                0x8000ead4      0x6a3 c:/program files (x86)/atmel/atmel toolchain/avr32 gcc/native/3.4.1067/avr32-gnu-toolchain/bin/../lib/gcc/avr32/4.4.7/ucr1\libstdc++.a(cp-demangle.o)
                                0x6d0 (size before relaxing)
 *fill*         0x8000f177        0x1 
 .rodata.str1.4
                0x8000f178        0x2 c:/program files (x86)/atmel/atmel toolchain/avr32 gcc/native/3.4.1067/avr32-gnu-toolchain/bin/../lib/gcc/avr32/4.4.7/../../../../avr32/lib/ucr1\libc.a(lib_a-impure.o)
                                  0x4 (size before relaxing)
 *fill*         0x8000f17a        0x2 
 .rodata._global_impure_ptr
                0x8000f17c        0x4 c:/program files (x86)/atmel/atmel toolchain/avr32 gcc/native/3.4.1067/avr32-gnu-toolchain/bin/../lib/gcc/avr32/4.4.7/../../../../avr32/lib/ucr1\libc.a(lib_a-impure.o)
                0x8000f17c                _global_impure_ptr
 .rodata.get_arg
                0x8000f180       0x3c c:/program files (x86)/atmel/atmel toolchain/avr32 gcc/native/3.4.1067/avr32-gnu-toolchain/bin/../lib/gcc/avr32/4.4.7/../../../../avr32/lib/ucr1\libc.a(lib_a-vfprintf.o)
 .rodata._vfprintf_r
                0x8000f1bc      0x164 c:/program files (x86)/atmel/atmel toolchain/avr32 gcc/native/3.4.1067/avr32-gnu-toolchain/bin/../lib/gcc/avr32/4.4.7/../../../../avr32/lib/ucr1\libc.a(lib_a-vfprintf.o)
 .rodata.state_table
                0x8000f320       0x6c c:/program files (x86)/atmel/atmel toolchain/avr32 gcc/native/3.4.1067/avr32-gnu-toolchain/bin/../lib/gcc/avr32/4.4.7/../../../../avr32/lib/ucr1\libc.a(lib_a-vfprintf.o)
 .rodata.action_table
                0x8000f38c       0x6c c:/program files (x86)/atmel/atmel toolchain/avr32 gcc/native/3.4.1067/avr32-gnu-toolchain/bin/../lib/gcc/avr32/4.4.7/../../../../avr32/lib/ucr1\libc.a(lib_a-vfprintf.o)
 .rodata.str1.4
                0x8000f3f8       0x3a c:/program files (x86)/atmel/atmel toolchain/avr32 gcc/native/3.4.1067/avr32-gnu-toolchain/bin/../lib/gcc/avr32/4.4.7/../../../../avr32/lib/ucr1\libc.a(lib_a-vfprintf.o)
                                 0x3c (size before relaxing)
 *fill*         0x8000f432        0x2 
 .rodata.blanks.3430
                0x8000f434       0x10 c:/program files (x86)/atmel/atmel toolchain/avr32 gcc/native/3.4.1067/avr32-gnu-toolchain/bin/../lib/gcc/avr32/4.4.7/../../../../avr32/lib/ucr1\libc.a(lib_a-vfprintf.o)
 .rodata.zeroes.3431
                0x8000f444       0x10 c:/program files (x86)/atmel/atmel toolchain/avr32 gcc/native/3.4.1067/avr32-gnu-toolchain/bin/../lib/gcc/avr32/4.4.7/../../../../avr32/lib/ucr1\libc.a(lib_a-vfprintf.o)
 .rodata.chclass
                0x8000f454      0x100 c:/program files (x86)/atmel/atmel toolchain/avr32 gcc/native/3.4.1067/avr32-gnu-toolchain/bin/../lib/gcc/avr32/4.4.7/../../../../avr32/lib/ucr1\libc.a(lib_a-vfprintf.o)
 .rodata.str1.4
                0x8000f554       0x10 c:/program files (x86)/atmel/atmel toolchain/avr32 gcc/native/3.4.1067/avr32-gnu-toolchain/bin/../lib/gcc/avr32/4.4.7/../../../../avr32/lib/ucr1\libc.a(lib_a-dtoa.o)
                                 0x14 (size before relaxing)
 .rodata.__sf_fake_stdin
                0x8000f564       0x20 c:/program files (x86)/atmel/atmel toolchain/avr32 gcc/native/3.4.1067/avr32-gnu-toolchain/bin/../lib/gcc/avr32/4.4.7/../../../../avr32/lib/ucr1\libc.a(lib_a-findfp.o)
                0x8000f564                __sf_fake_stdin
 .rodata.__sf_fake_stdout
                0x8000f584       0x20 c:/program files (x86)/atmel/atmel toolchain/avr32 gcc/native/3.4.1067/avr32-gnu-toolchain/bin/../lib/gcc/avr32/4.4.7/../../../../avr32/lib/ucr1\libc.a(lib_a-findfp.o)
                0x8000f584                __sf_fake_stdout
 .rodata.__sf_fake_stderr
                0x8000f5a4       0x20 c:/program files (x86)/atmel/atmel toolchain/avr32 gcc/native/3.4.1067/avr32-gnu-toolchain/bin/../lib/gcc/avr32/4.4.7/../../../../avr32/lib/ucr1\libc.a(lib_a-findfp.o)
                0x8000f5a4                __sf_fake_stderr
 .rodata.lconv  0x8000f5c4       0x30 c:/program files (x86)/atmel/atmel toolchain/avr32 gcc/native/3.4.1067/avr32-gnu-toolchain/bin/../lib/gcc/avr32/4.4.7/../../../../avr32/lib/ucr1\libc.a(lib_a-locale.o)
 .rodata.str1.4
                0x8000f5f4        0xc c:/program files (x86)/atmel/atmel toolchain/avr32 gcc/native/3.4.1067/avr32-gnu-toolchain/bin/../lib/gcc/avr32/4.4.7/../../../../avr32/lib/ucr1\libc.a(lib_a-locale.o)
                                 0x18 (size before relaxing)
 .rodata.p05.2471
                0x8000f600        0xc c:/program files (x86)/atmel/atmel toolchain/avr32 gcc/native/3.4.1067/avr32-gnu-toolchain/bin/../lib/gcc/avr32/4.4.7/../../../../avr32/lib/ucr1\libc.a(lib_a-mprec.o)
 .rodata.__mprec_tens
                0x8000f60c       0xc8 c:/program files (x86)/atmel/atmel toolchain/avr32 gcc/native/3.4.1067/avr32-gnu-toolchain/bin/../lib/gcc/avr32/4.4.7/../../../../avr32/lib/ucr1\libc.a(lib_a-mprec.o)
                0x8000f60c                __mprec_tens
 .rodata.__mprec_bigtens
                0x8000f6d4       0x28 c:/program files (x86)/atmel/atmel toolchain/avr32 gcc/native/3.4.1067/avr32-gnu-toolchain/bin/../lib/gcc/avr32/4.4.7/../../../../avr32/lib/ucr1\libc.a(lib_a-mprec.o)
                0x8000f6d4                __mprec_bigtens

.rodata1
 *(.rodata1)

.eh_frame_hdr
 *(.eh_frame_hdr)

.eh_frame
 *(.eh_frame)

.gcc_except_table
 *(.gcc_except_table)
 *(.gcc_except_table.*)

.dalign         0x8000f6fc        0x4
                0x8000f700                . = ALIGN (0x8)
 *fill*         0x8000f6fc        0x4 
                0x8000f700                PROVIDE (_data_lma, .)
                0x00000004                PROVIDE (_data, ORIGIN (CPUSRAM))
                0x00000004                . = ORIGIN (CPUSRAM)

.eh_frame
 *(.eh_frame)

.gcc_except_table
                0x00000004       0xb8 load address 0x8000f700
 *(.gcc_except_table)
 *(.gcc_except_table.*)
 .gcc_except_table._ZN6SegwayC1Ev
                0x00000004       0x1a Segway/Segway.o
 .gcc_except_table._ZN6SegwayD1Ev
                0x0000001e       0x1a main.o
 .gcc_except_table.main
                0x00000038        0x6 main.o
 *fill*         0x0000003e        0x2 
 .gcc_except_table._Znwm
                0x00000040       0x14 c:/program files (x86)/atmel/atmel toolchain/avr32 gcc/native/3.4.1067/avr32-gnu-toolchain/bin/../lib/gcc/avr32/4.4.7/ucr1\libstdc++.a(new_op.o)
 .gcc_except_table.__cxa_allocate_exception
                0x00000054       0x10 c:/program files (x86)/atmel/atmel toolchain/avr32 gcc/native/3.4.1067/avr32-gnu-toolchain/bin/../lib/gcc/avr32/4.4.7/ucr1\libstdc++.a(eh_alloc.o)
 .gcc_except_table.__cxa_call_unexpected
                0x00000064       0x10 c:/program files (x86)/atmel/atmel toolchain/avr32 gcc/native/3.4.1067/avr32-gnu-toolchain/bin/../lib/gcc/avr32/4.4.7/ucr1\libstdc++.a(eh_personality.o)
 .gcc_except_table.__gxx_personality_sj0
                0x00000074       0x10 c:/program files (x86)/atmel/atmel toolchain/avr32 gcc/native/3.4.1067/avr32-gnu-toolchain/bin/../lib/gcc/avr32/4.4.7/ucr1\libstdc++.a(eh_personality.o)
 .gcc_except_table._ZN10__cxxabiv111__terminateEPFvvE
                0x00000084       0x10 c:/program files (x86)/atmel/atmel toolchain/avr32 gcc/native/3.4.1067/avr32-gnu-toolchain/bin/../lib/gcc/avr32/4.4.7/ucr1\libstdc++.a(eh_terminate.o)
 .gcc_except_table.__cxa_begin_catch
                0x00000094       0x10 c:/program files (x86)/atmel/atmel toolchain/avr32 gcc/native/3.4.1067/avr32-gnu-toolchain/bin/../lib/gcc/avr32/4.4.7/ucr1\libstdc++.a(eh_catch.o)
 .gcc_except_table._ZN9__gnu_cxx27__verbose_terminate_handlerEv
                0x000000a4       0x18 c:/program files (x86)/atmel/atmel toolchain/avr32 gcc/native/3.4.1067/avr32-gnu-toolchain/bin/../lib/gcc/avr32/4.4.7/ucr1\libstdc++.a(vterminate.o)

.tdata
 *(.tdata .tdata.* .gnu.linkonce.td.*)

.tbss
 *(.tbss .tbss.* .gnu.linkonce.tb.*)
 *(.tcommon)
                0x000000bc                PROVIDE (__preinit_array_start, ALIGN (0x4))

.preinit_array
 *(.preinit_array)
                0x000000bc                PROVIDE (__preinit_array_end, .)
                0x000000bc                PROVIDE (__init_array_start, .)

.init_array
 *(.init_array)
                0x000000bc                PROVIDE (__init_array_end, .)
                0x000000bc                PROVIDE (__fini_array_start, .)

.fini_array
 *(.fini_array)
                0x000000bc                PROVIDE (__fini_array_end, .)

.ctors          0x000000bc        0x4 load address 0x8000f7b8
 *crtbegin*.o(.ctors)
 *(EXCLUDE_FILE(*crtend*.o) .ctors)
 .ctors         0x000000bc        0x4 c:/program files (x86)/atmel/atmel toolchain/avr32 gcc/native/3.4.1067/avr32-gnu-toolchain/bin/../lib/gcc/avr32/4.4.7/ucr1\libstdc++.a(eh_alloc.o)
 *(SORT(.ctors.*))
 *(.ctors)

.dtors
 *crtbegin*.o(.dtors)
 *(EXCLUDE_FILE(*crtend*.o) .dtors)
 *(SORT(.dtors.*))
 *(.dtors)

.jcr
 *(.jcr)

.data.rel.ro
 *(.data.rel.ro.local)
 *(.data.rel.ro*)

.dynamic
 *(.dynamic)

.got
 *(.got.plt)
 *(.got)

.data           0x000000c0      0x54c load address 0x8000f7bc
 *(.data .data.* .gnu.linkonce.d.*)
 .data          0x000000c0        0x8 Segway/Segway.o
                0x000000c0                Segway::MYAVR32_GPIO_ADDRESS
                0x000000c4                Segway::BLUETOOTH_NAME
 .data          0x000000c8        0x8 main.o
                0x000000c8                MYAVR32_PM_ADDRESS
                0x000000cc                MYAVR32_INTC_ADDRESS
 .data          0x000000d0       0x2c Timer/Timer.o
                0x000000d0                TC
                0x000000d4                CCR0
                0x000000d8                CMR0
                0x000000dc                CV0
                0x000000e0                RA0
                0x000000e4                RB0
                0x000000e8                RC0
                0x000000ec                SR0
                0x000000f0                IER0
                0x000000f4                IDR0
                0x000000f8                IMR0
 .data          0x000000fc        0x4 UART/UART.o
                0x000000fc                UART::MYAVR32_GPIO_ADDRESS
 .data._ZN10__cxxabiv120__unexpected_handlerE
                0x00000100        0x4 c:/program files (x86)/atmel/atmel toolchain/avr32 gcc/native/3.4.1067/avr32-gnu-toolchain/bin/../lib/gcc/avr32/4.4.7/ucr1\libstdc++.a(eh_unex_handler.o)
                0x00000100                __cxxabiv1::__unexpected_handler
 .data._ZN10__cxxabiv119__terminate_handlerE
                0x00000104        0x4 c:/program files (x86)/atmel/atmel toolchain/avr32 gcc/native/3.4.1067/avr32-gnu-toolchain/bin/../lib/gcc/avr32/4.4.7/ucr1\libstdc++.a(eh_term_handler.o)
                0x00000104                __cxxabiv1::__terminate_handler
 .data.impure_data
                0x00000108       0xf0 c:/program files (x86)/atmel/atmel toolchain/avr32 gcc/native/3.4.1067/avr32-gnu-toolchain/bin/../lib/gcc/avr32/4.4.7/../../../../avr32/lib/ucr1\libc.a(lib_a-impure.o)
 .data._impure_ptr
                0x000001f8        0x4 c:/program files (x86)/atmel/atmel toolchain/avr32 gcc/native/3.4.1067/avr32-gnu-toolchain/bin/../lib/gcc/avr32/4.4.7/../../../../avr32/lib/ucr1\libc.a(lib_a-impure.o)
                0x000001f8                _impure_ptr
 .data.__malloc_av_
                0x000001fc      0x408 c:/program files (x86)/atmel/atmel toolchain/avr32 gcc/native/3.4.1067/avr32-gnu-toolchain/bin/../lib/gcc/avr32/4.4.7/../../../../avr32/lib/ucr1\libc.a(lib_a-mallocr.o)
                0x000001fc                __malloc_av_
 .data.__malloc_trim_threshold
                0x00000604        0x4 c:/program files (x86)/atmel/atmel toolchain/avr32 gcc/native/3.4.1067/avr32-gnu-toolchain/bin/../lib/gcc/avr32/4.4.7/../../../../avr32/lib/ucr1\libc.a(lib_a-mallocr.o)
                0x00000604                __malloc_trim_threshold
 .data.__malloc_sbrk_base
                0x00000608        0x4 c:/program files (x86)/atmel/atmel toolchain/avr32 gcc/native/3.4.1067/avr32-gnu-toolchain/bin/../lib/gcc/avr32/4.4.7/../../../../avr32/lib/ucr1\libc.a(lib_a-mallocr.o)
                0x00000608                __malloc_sbrk_base
 *(.gnu.linkonce.d.*personality*)

.data1
 *(.data1)

.balign         0x0000060c        0x4 load address 0x8000fd08
                0x00000610                . = ALIGN (0x8)
 *fill*         0x0000060c        0x4 
                0x00000610                _edata = .
                0x00000610                _edata = .
                0x00000610                PROVIDE (edata, .)
                0x00000610                __bss_start = .

.bss            0x00000610      0x9b0 load address 0x8000fd08
 *(.dynbss)
 *(.bss .bss.* .gnu.linkonce.b.*)
 .bss           0x00000610        0x4 Segway/Segway.o
 .bss           0x00000614      0x154 Configuration/Configuration.o
                0x00000614                Configuration::Oscillator_Freq
                0x00000618                Configuration::CPUCLK
                0x0000061c                Configuration::PBACLK
                0x00000620                Configuration::PWMCLK
                0x00000624                Configuration::ADCCLK
                0x00000628                Configuration::Timer_Channel
                0x00000629                Configuration::Timer_Clock_Connection
                0x0000062c                Configuration::leftPWMConfig
                0x00000638                Configuration::rightPWMConfig
                0x00000644                Configuration::leftMotorConfig
                0x00000654                Configuration::rightMotorConfig
                0x00000664                Configuration::Motor_enabledPinPort
                0x00000668                Configuration::Motor_enabledPinPin
                0x0000066c                Configuration::Motor_enabledPinEnabledValue
                0x00000670                Configuration::footSwitchConfig
                0x0000067c                Configuration::ADC_Internal_Clock
                0x00000680                Configuration::ADC_gpioMultiplexData
                0x000006e0                Configuration::orientationAccelerometerConfig
                0x000006f0                Configuration::orientationGyrometerConfig
                0x00000700                Configuration::orientationGyrometerReferenceConfig
                0x00000710                Configuration::steeringPotentiometerConfig
                0x00000720                Configuration::batteryVoltageSensorConfig
                0x00000730                Configuration::rs232UARTConfig
                0x00000744                Configuration::bluetoothUARTConfig
                0x00000758                Configuration::redStatusLEDConfig
                0x00000760                Configuration::greenStatusLEDConfig
 .bss           0x00000768        0x4 main.o
                0x00000768                mySegway
 .bss.__new_handler
                0x0000076c        0x4 c:/program files (x86)/atmel/atmel toolchain/avr32 gcc/native/3.4.1067/avr32-gnu-toolchain/bin/../lib/gcc/avr32/4.4.7/ucr1\libstdc++.a(new_handler.o)
                0x0000076c                __new_handler
 .bss._ZL14emergency_used
                0x00000770        0x4 c:/program files (x86)/atmel/atmel toolchain/avr32 gcc/native/3.4.1067/avr32-gnu-toolchain/bin/../lib/gcc/avr32/4.4.7/ucr1\libstdc++.a(eh_alloc.o)
 .bss._ZL16emergency_buffer
                0x00000774      0x800 c:/program files (x86)/atmel/atmel toolchain/avr32 gcc/native/3.4.1067/avr32-gnu-toolchain/bin/../lib/gcc/avr32/4.4.7/ucr1\libstdc++.a(eh_alloc.o)
 .bss._ZL10eh_globals
                0x00000f74        0x8 c:/program files (x86)/atmel/atmel toolchain/avr32 gcc/native/3.4.1067/avr32-gnu-toolchain/bin/../lib/gcc/avr32/4.4.7/ucr1\libstdc++.a(eh_globals.o)
 .bss._ZZN9__gnu_cxx27__verbose_terminate_handlerEvE11terminating
                0x00000f7c        0x1 c:/program files (x86)/atmel/atmel toolchain/avr32 gcc/native/3.4.1067/avr32-gnu-toolchain/bin/../lib/gcc/avr32/4.4.7/ucr1\libstdc++.a(vterminate.o)
 *fill*         0x00000f7d        0x3 
 .bss           0x00000f80        0x4 c:/program files (x86)/atmel/atmel toolchain/avr32 gcc/native/3.4.1067/avr32-gnu-toolchain/bin/../lib/gcc/avr32/4.4.7/ucr1\libgcc.a(unwind-sjlj.o)
 .bss.__malloc_max_total_mem
                0x00000f84        0x4 c:/program files (x86)/atmel/atmel toolchain/avr32 gcc/native/3.4.1067/avr32-gnu-toolchain/bin/../lib/gcc/avr32/4.4.7/../../../../avr32/lib/ucr1\libc.a(lib_a-mallocr.o)
                0x00000f84                __malloc_max_total_mem
 .bss.__malloc_max_sbrked_mem
                0x00000f88        0x4 c:/program files (x86)/atmel/atmel toolchain/avr32 gcc/native/3.4.1067/avr32-gnu-toolchain/bin/../lib/gcc/avr32/4.4.7/../../../../avr32/lib/ucr1\libc.a(lib_a-mallocr.o)
                0x00000f88                __malloc_max_sbrked_mem
 .bss.__malloc_top_pad
                0x00000f8c        0x4 c:/program files (x86)/atmel/atmel toolchain/avr32 gcc/native/3.4.1067/avr32-gnu-toolchain/bin/../lib/gcc/avr32/4.4.7/../../../../avr32/lib/ucr1\libc.a(lib_a-mallocr.o)
                0x00000f8c                __malloc_top_pad
 .bss.__malloc_current_mallinfo
                0x00000f90       0x28 c:/program files (x86)/atmel/atmel toolchain/avr32 gcc/native/3.4.1067/avr32-gnu-toolchain/bin/../lib/gcc/avr32/4.4.7/../../../../avr32/lib/ucr1\libc.a(lib_a-mallocr.o)
                0x00000f90                __malloc_current_mallinfo
 .bss.cur_heap_pos.1869
                0x00000fb8        0x4 c:/program files (x86)/atmel/atmel toolchain/avr32 gcc/native/3.4.1067/avr32-gnu-toolchain/bin/../lib/gcc/avr32/4.4.7/../../../../avr32/lib/ucr1\libc.a(lib_a-syscalls.o)
 *(COMMON)
 COMMON         0x00000fbc        0x4 c:/program files (x86)/atmel/atmel toolchain/avr32 gcc/native/3.4.1067/avr32-gnu-toolchain/bin/../lib/gcc/avr32/4.4.7/../../../../avr32/lib/ucr1\libc.a(lib_a-reent.o)
                0x00000fbc                errno
                0x00000fc0                . = ALIGN (0x8)
                0x00000fc0                . = ALIGN (0x8)
                0x00000fc0                _end = .
                0x00000fc0                PROVIDE (end, .)
                0x00000fc0                __heap_start__ = ALIGN (0x8)
                0x00007000                . = ((ORIGIN (CPUSRAM) + 0x7ffc) - _stack_size)
                0x00007000                __heap_end__ = .

.stab
 *(.stab)

.stabstr
 *(.stabstr)

.stab.excl
 *(.stab.excl)

.stab.exclstr
 *(.stab.exclstr)

.stab.index
 *(.stab.index)

.stab.indexstr
 *(.stab.indexstr)

.comment        0x00000000       0x30
 *(.comment)
 .comment       0x00000000       0x30 Segway/Segway.o
                                 0x31 (size before relaxing)
 .comment       0x00000000       0x31 Sensor/ADC.o
 .comment       0x00000000       0x31 Antrieb/Motor.o
 .comment       0x00000000       0x31 Configuration/Configuration.o
 .comment       0x00000000       0x31 main.o
 .comment       0x00000000       0x31 Sensor/ADCSensor.o
 .comment       0x00000000       0x31 Sensor/GPIOSensor.o
 .comment       0x00000000       0x31 Timer/Timer.o
 .comment       0x00000000       0x31 UART/UART.o
 .comment       0x00000000       0x31 c:/program files (x86)/atmel/atmel toolchain/avr32 gcc/native/3.4.1067/avr32-gnu-toolchain/bin/../lib/gcc/avr32/4.4.7/ucr1\libstdc++.a(del_op.o)
 .comment       0x00000000       0x31 c:/program files (x86)/atmel/atmel toolchain/avr32 gcc/native/3.4.1067/avr32-gnu-toolchain/bin/../lib/gcc/avr32/4.4.7/ucr1\libstdc++.a(new_op.o)
 .comment       0x00000000       0x31 c:/program files (x86)/atmel/atmel toolchain/avr32 gcc/native/3.4.1067/avr32-gnu-toolchain/bin/../lib/gcc/avr32/4.4.7/ucr1\libstdc++.a(new_handler.o)
 .comment       0x00000000       0x31 c:/program files (x86)/atmel/atmel toolchain/avr32 gcc/native/3.4.1067/avr32-gnu-toolchain/bin/../lib/gcc/avr32/4.4.7/ucr1\libstdc++.a(eh_alloc.o)
 .comment       0x00000000       0x31 c:/program files (x86)/atmel/atmel toolchain/avr32 gcc/native/3.4.1067/avr32-gnu-toolchain/bin/../lib/gcc/avr32/4.4.7/ucr1\libstdc++.a(si_class_type_info.o)
 .comment       0x00000000       0x31 c:/program files (x86)/atmel/atmel toolchain/avr32 gcc/native/3.4.1067/avr32-gnu-toolchain/bin/../lib/gcc/avr32/4.4.7/ucr1\libstdc++.a(eh_throw.o)
 .comment       0x00000000       0x31 c:/program files (x86)/atmel/atmel toolchain/avr32 gcc/native/3.4.1067/avr32-gnu-toolchain/bin/../lib/gcc/avr32/4.4.7/ucr1\libstdc++.a(eh_personality.o)
 .comment       0x00000000       0x31 c:/program files (x86)/atmel/atmel toolchain/avr32 gcc/native/3.4.1067/avr32-gnu-toolchain/bin/../lib/gcc/avr32/4.4.7/ucr1\libstdc++.a(eh_unex_handler.o)
 .comment       0x00000000       0x31 c:/program files (x86)/atmel/atmel toolchain/avr32 gcc/native/3.4.1067/avr32-gnu-toolchain/bin/../lib/gcc/avr32/4.4.7/ucr1\libstdc++.a(eh_exception.o)
 .comment       0x00000000       0x31 c:/program files (x86)/atmel/atmel toolchain/avr32 gcc/native/3.4.1067/avr32-gnu-toolchain/bin/../lib/gcc/avr32/4.4.7/ucr1\libstdc++.a(eh_globals.o)
 .comment       0x00000000       0x31 c:/program files (x86)/atmel/atmel toolchain/avr32 gcc/native/3.4.1067/avr32-gnu-toolchain/bin/../lib/gcc/avr32/4.4.7/ucr1\libstdc++.a(eh_terminate.o)
 .comment       0x00000000       0x31 c:/program files (x86)/atmel/atmel toolchain/avr32 gcc/native/3.4.1067/avr32-gnu-toolchain/bin/../lib/gcc/avr32/4.4.7/ucr1\libstdc++.a(eh_call.o)
 .comment       0x00000000       0x31 c:/program files (x86)/atmel/atmel toolchain/avr32 gcc/native/3.4.1067/avr32-gnu-toolchain/bin/../lib/gcc/avr32/4.4.7/ucr1\libstdc++.a(eh_term_handler.o)
 .comment       0x00000000       0x31 c:/program files (x86)/atmel/atmel toolchain/avr32 gcc/native/3.4.1067/avr32-gnu-toolchain/bin/../lib/gcc/avr32/4.4.7/ucr1\libstdc++.a(eh_catch.o)