Archive member included because of file (symbol)

c:/program files (x86)/atmel/atmel toolchain/avr32 gcc/native/3.4.1067/avr32-gnu-toolchain/bin/../lib/gcc/avr32/4.4.7/ucr1\libstdc++.a(del_op.o)
                              main.o (operator delete(void*))
c:/program files (x86)/atmel/atmel toolchain/avr32 gcc/native/3.4.1067/avr32-gnu-toolchain/bin/../lib/gcc/avr32/4.4.7/ucr1\libstdc++.a(new_op.o)
                              main.o (operator new(unsigned long))
c:/program files (x86)/atmel/atmel toolchain/avr32 gcc/native/3.4.1067/avr32-gnu-toolchain/bin/../lib/gcc/avr32/4.4.7/ucr1\libstdc++.a(new_handler.o)
                              c:/program files (x86)/atmel/atmel toolchain/avr32 gcc/native/3.4.1067/avr32-gnu-toolchain/bin/../lib/gcc/avr32/4.4.7/ucr1\libstdc++.a(new_op.o) (std::bad_alloc::~bad_alloc())
c:/program files (x86)/atmel/atmel toolchain/avr32 gcc/native/3.4.1067/avr32-gnu-toolchain/bin/../lib/gcc/avr32/4.4.7/ucr1\libstdc++.a(eh_alloc.o)
                              c:/program files (x86)/atmel/atmel toolchain/avr32 gcc/native/3.4.1067/avr32-gnu-toolchain/bin/../lib/gcc/avr32/4.4.7/ucr1\libstdc++.a(new_op.o) (__cxa_allocate_exception)
c:/program files (x86)/atmel/atmel toolchain/avr32 gcc/native/3.4.1067/avr32-gnu-toolchain/bin/../lib/gcc/avr32/4.4.7/ucr1\libstdc++.a(si_class_type_info.o)
                              c:/program files (x86)/atmel/atmel toolchain/avr32 gcc/native/3.4.1067/avr32-gnu-toolchain/bin/../lib/gcc/avr32/4.4.7/ucr1\libstdc++.a(new_handler.o) (vtable for __cxxabiv1::__si_class_type_info)
c:/program files (x86)/atmel/atmel toolchain/avr32 gcc/native/3.4.1067/avr32-gnu-toolchain/bin/../lib/gcc/avr32/4.4.7/ucr1\libstdc++.a(eh_throw.o)
                              c:/program files (x86)/atmel/atmel toolchain/avr32 gcc/native/3.4.1067/avr32-gnu-toolchain/bin/../lib/gcc/avr32/4.4.7/ucr1\libstdc++.a(new_op.o) (__cxa_throw)
c:/program files (x86)/atmel/atmel toolchain/avr32 gcc/native/3.4.1067/avr32-gnu-toolchain/bin/../lib/gcc/avr32/4.4.7/ucr1\libstdc++.a(eh_personality.o)
                              DebugMode/DebugMode.o (__gxx_personality_sj0)
c:/program files (x86)/atmel/atmel toolchain/avr32 gcc/native/3.4.1067/avr32-gnu-toolchain/bin/../lib/gcc/avr32/4.4.7/ucr1\libstdc++.a(eh_unex_handler.o)
                              c:/program files (x86)/atmel/atmel toolchain/avr32 gcc/native/3.4.1067/avr32-gnu-toolchain/bin/../lib/gcc/avr32/4.4.7/ucr1\libstdc++.a(eh_throw.o) (__cxxabiv1::__unexpected_handler)
c:/program files (x86)/atmel/atmel toolchain/avr32 gcc/native/3.4.1067/avr32-gnu-toolchain/bin/../lib/gcc/avr32/4.4.7/ucr1\libstdc++.a(eh_exception.o)
                              c:/program files (x86)/atmel/atmel toolchain/avr32 gcc/native/3.4.1067/avr32-gnu-toolchain/bin/../lib/gcc/avr32/4.4.7/ucr1\libstdc++.a(new_handler.o) (std::exception::~exception())
c:/program files (x86)/atmel/atmel toolchain/avr32 gcc/native/3.4.1067/avr32-gnu-toolchain/bin/../lib/gcc/avr32/4.4.7/ucr1\libstdc++.a(eh_globals.o)
                              c:/program files (x86)/atmel/atmel toolchain/avr32 gcc/native/3.4.1067/avr32-gnu-toolchain/bin/../lib/gcc/avr32/4.4.7/ucr1\libstdc++.a(eh_personality.o) (__cxa_get_globals_fast)
c:/program files (x86)/atmel/atmel toolchain/avr32 gcc/native/3.4.1067/avr32-gnu-toolchain/bin/../lib/gcc/avr32/4.4.7/ucr1\libstdc++.a(eh_terminate.o)
                              c:/program files (x86)/atmel/atmel toolchain/avr32 gcc/native/3.4.1067/avr32-gnu-toolchain/bin/../lib/gcc/avr32/4.4.7/ucr1\libstdc++.a(eh_throw.o) (__cxxabiv1::__terminate(void (*)()))
c:/program files (x86)/atmel/atmel toolchain/avr32 gcc/native/3.4.1067/avr32-gnu-toolchain/bin/../lib/gcc/avr32/4.4.7/ucr1\libstdc++.a(eh_call.o)
                              c:/program files (x86)/atmel/atmel toolchain/avr32 gcc/native/3.4.1067/avr32-gnu-toolchain/bin/../lib/gcc/avr32/4.4.7/ucr1\libstdc++.a(eh_personality.o) (__cxa_call_terminate)
c:/program files (x86)/atmel/atmel toolchain/avr32 gcc/native/3.4.1067/avr32-gnu-toolchain/bin/../lib/gcc/avr32/4.4.7/ucr1\libstdc++.a(pure.o)
                              c:/program files (x86)/atmel/atmel toolchain/avr32 gcc/native/3.4.1067/avr32-gnu-toolchain/bin/../lib/gcc/avr32/4.4.7/ucr1\libstdc++.a(eh_exception.o) (__cxa_pure_virtual)
c:/program files (x86)/atmel/atmel toolchain/avr32 gcc/native/3.4.1067/avr32-gnu-toolchain/bin/../lib/gcc/avr32/4.4.7/ucr1\libstdc++.a(eh_term_handler.o)
                              c:/program files (x86)/atmel/atmel toolchain/avr32 gcc/native/3.4.1067/avr32-gnu-toolchain/bin/../lib/gcc/avr32/4.4.7/ucr1\libstdc++.a(eh_throw.o) (__cxxabiv1::__terminate_handler)
c:/program files (x86)/atmel/atmel toolchain/avr32 gcc/native/3.4.1067/avr32-gnu-toolchain/bin/../lib/gcc/avr32/4.4.7/ucr1\libstdc++.a(eh_catch.o)
                              c:/program files (x86)/atmel/atmel toolchain/avr32 gcc/native/3.4.1067/avr32-gnu-toolchain/bin/../lib/gcc/avr32/4.4.7/ucr1\libstdc++.a(eh_personality.o) (__cxa_end_catch)
[...]
Memory Configuration

Name             Origin             Length             Attributes
FLASH            0x80000000         0x00040000         axrl !w
CPUSRAM          0x00000004         0x00007ffc         axw !rl
USERPAGE         0x80800000         0x00000200
FACTORYPAGE      0x80800200         0x00000200
*default*        0x00000000         0xffffffff

Linker script and memory map

                0x00001000                _stack_size = 0x1000
LOAD DebugMode/DebugMode.o
LOAD Segway/Segway.o
LOAD Sensor/ADC.o
LOAD Antrieb/Motor.o
LOAD assembler/exception.o
LOAD Configuration/Configuration.o
LOAD main.o
LOAD assembler/startup_uc3.o
LOAD assembler/trampoline_uc3.o
LOAD Antrieb/PWM.o
LOAD Sensor/ADCSensor.o
LOAD Sensor/GPIOSensor.o
LOAD Timer/Timer.o
LOAD UART/UART.o
START GROUP
END GROUP
LOAD c:/program files (x86)/atmel/atmel toolchain/avr32 gcc/native/3.4.1067/avr32-gnu-toolchain/bin/../lib/gcc/avr32/4.4.7/ucr1\libstdc++.a
LOAD c:/program files (x86)/atmel/atmel toolchain/avr32 gcc/native/3.4.1067/avr32-gnu-toolchain/bin/../lib/gcc/avr32/4.4.7/../../../../avr32/lib/ucr1\libm.a
LOAD c:/program files (x86)/atmel/atmel toolchain/avr32 gcc/native/3.4.1067/avr32-gnu-toolchain/bin/../lib/gcc/avr32/4.4.7/ucr1\libgcc.a
LOAD c:/program files (x86)/atmel/atmel toolchain/avr32 gcc/native/3.4.1067/avr32-gnu-toolchain/bin/../lib/gcc/avr32/4.4.7/../../../../avr32/lib/ucr1\libc.a
LOAD c:/program files (x86)/atmel/atmel toolchain/avr32 gcc/native/3.4.1067/avr32-gnu-toolchain/bin/../lib/gcc/avr32/4.4.7/ucr1\libgcc.a
                0x80000000                PROVIDE (__executable_start, 0x80000000)
                0x80000000                . = 0x80000000

.interp
 *(.interp)

.reset          0x80000000     0x2004
 *(.reset)
 .reset         0x80000000     0x2004 assembler/trampoline_uc3.o
                               0x2008 (size before relaxing)
                0x80000000                _trampoline

.hash
 *(.hash)

.dynsym
 *(.dynsym)

.dynstr
 *(.dynstr)

.gnu.version
 *(.gnu.version)

.gnu.version_d
 *(.gnu.version_d)

.gnu.version_r
 *(.gnu.version_r)

.rel.init
 *(.rel.init)

.rela.init
 *(.rela.init)

.rel.text
 *(.rel.text .rel.text.* .rel.gnu.linkonce.t.*)

.rela.text
 *(.rela.text .rela.text.* .rela.gnu.linkonce.t.*)

.rel.fini
 *(.rel.fini)

.rela.fini
 *(.rela.fini)

.rel.rodata
 *(.rel.rodata .rel.rodata.* .rel.gnu.linkonce.r.*)

.rela.rodata
 *(.rela.rodata .rela.rodata.* .rela.gnu.linkonce.r.*)

.rel.data.rel.ro
 *(.rel.data.rel.ro*)

.rela.data.rel.ro
 *(.rel.data.rel.ro*)

.rel.data
 *(.rel.data .rel.data.* .rel.gnu.linkonce.d.*)

.rela.data
 *(.rela.data .rela.data.* .rela.gnu.linkonce.d.*)

.rel.tdata
 *(.rel.tdata .rel.tdata.* .rel.gnu.linkonce.td.*)

.rela.tdata
 *(.rela.tdata .rela.tdata.* .rela.gnu.linkonce.td.*)

.rel.tbss
 *(.rel.tbss .rel.tbss.* .rel.gnu.linkonce.tb.*)

.rela.tbss
 *(.rela.tbss .rela.tbss.* .rela.gnu.linkonce.tb.*)

.rel.ctors
 *(.rel.ctors)

.rela.ctors
 *(.rela.ctors)

.rel.dtors
 *(.rel.dtors)

.rela.dtors
 *(.rela.dtors)

.rel.got
 *(.rel.got)

.rela.got       0x80002004        0x0
 *(.rela.got)
 .rela.got      0x80002004        0x0 c:/program files (x86)/atmel/atmel toolchain/avr32 gcc/native/3.4.1067/avr32-gnu-toolchain/bin/../lib/gcc/avr32/4.4.7/ucr1\libstdc++.a(new_op.o)

.rel.bss
 *(.rel.bss .rel.bss.* .rel.gnu.linkonce.b.*)

.rela.bss
 *(.rela.bss .rela.bss.* .rela.gnu.linkonce.b.*)

.rel.plt
 *(.rel.plt)

.rela.plt
 *(.rela.plt)

.init
 *(.init)

.plt
 *(.plt)

.text           0x80002004     0xc14a
 *(.text .stub .text.* .gnu.linkonce.t.*)
 .text          0x80002004       0x30 Segway/Segway.o
                0x8000200c                Segway::MYAVR32_GPIO_SIZE_PORT
                0x80002010                Segway::MYAVR32_GPIO_OFFSET_GPER
                0x80002014                Segway::MYAVR32_GPIO_OFFSET_ODER
                0x80002018                Segway::MYAVR32_GPIO_OFFSET_OVR
                0x8000201c                Segway::TIMER_DELTA_T_SECONDS
                0x80002020                Segway::ALGCFG_COMPL_FILTER_ACCELANGLE_FACTOR
                0x80002024                Segway::MULTIPLEXSENSOR_BATTERYVOLTAGE_FACTOR_MV
                0x80002028                Segway::PWM_TO_DRIVESUM_FACTOR
                0x8000202c                Segway::SPEEDLIMIT_START_DRIVESUM
                0x80002030                Segway::SPEEDLIMIT_END_DRIVESUM
 .text._ZN6Segway16limitSteeringPWMEll
                0x80002034       0xe4 Segway/Segway.o
                                 0xfc (size before relaxing)
                0x80002034                Segway::limitSteeringPWM(long, long)
 .text._ZN6Segway14limitSpeedSoftEl
                0x80002118      0x128 Segway/Segway.o
                                0x140 (size before relaxing)
                0x80002118                Segway::limitSpeedSoft(long)
 .text._ZN6Segway12displayErrorEh
                0x80002240       0xd0 Segway/Segway.o
                                 0xd4 (size before relaxing)
                0x80002240                Segway::displayError(unsigned char)
 .text._ZN6Segway25waitForFootSwitchReleasedEv
                0x80002310       0xac Segway/Segway.o
                                 0xb0 (size before relaxing)
                0x80002310                Segway::waitForFootSwitchReleased()
 .text._ZN6Segway14doBatteryCheckEv
                0x800023bc       0x34 Segway/Segway.o
                                 0x4c (size before relaxing)
                0x800023bc                Segway::doBatteryCheck()
 .text._ZN6Segway27setCurrentOrientationAsZeroEv
                0x800023f0       0x3c Segway/Segway.o
                                 0x4c (size before relaxing)
                0x800023f0                Segway::setCurrentOrientationAsZero()
 .text._ZN6Segway32setCurrentSteeringPositionAsZeroEv
                0x8000242c       0x3c Segway/Segway.o
                                 0x4c (size before relaxing)
                0x8000242c                Segway::setCurrentSteeringPositionAsZero()
 .text._ZN6Segway11initHelpersEv
                0x80002468      0x258 Segway/Segway.o
                                0x2b8 (size before relaxing)
                0x80002468                Segway::initHelpers()
 .text._ZN6Segway4mainEv
                0x800026c0      0x128 Segway/Segway.o
                                0x154 (size before relaxing)
                0x800026c0                Segway::main()
 .text._ZN6Segway13setMotorSpeedEP5Motorl
                0x800027e8       0x30 Segway/Segway.o
                                 0x38 (size before relaxing)
                0x800027e8                Segway::setMotorSpeed(Motor*, long)
 .text._ZN6Segway13timerFunctionEv
                0x80002818      0x37c Segway/Segway.o
                                0x3dc (size before relaxing)
                0x80002818                Segway::timerFunction()
 .text._ZN6SegwayC1Ev
                0x80002b94      0x1c8 Segway/Segway.o
                                0x220 (size before relaxing)
                0x80002b94                Segway::Segway()
 .text._ZN3ADCC1Ev
                0x80002d5c        0x2 Sensor/ADC.o
                0x80002d5c                ADC::ADC()
 .text._ZN3ADCD1Ev
                0x80002d5e        0xe Sensor/ADC.o
                0x80002d5e                ADC::~ADC()
 .text._ZN3ADC4initEv
                0x80002d6c       0x10 Sensor/ADC.o
                0x80002d6c                ADC::init()
 .text._ZN3ADC14cleanUpChannelEh
                0x80002d7c        0xe Sensor/ADC.o
                0x80002d7c                ADC::cleanUpChannel(unsigned char)
 .text._ZN5MotorC1Ev
                0x80002d8a        0x2 Antrieb/Motor.o
                0x80002d8a                Motor::Motor()
 .text._ZN5MotorD1Ev
                0x80002d8c        0x2 Antrieb/Motor.o
                0x80002d8c                Motor::~Motor()
 .text._ZN5Motor13initEnablePinEv
                0x80002d8e        0x2 Antrieb/Motor.o
                0x80002d8e                Motor::initEnablePin()
 .text._ZN5Motor4initEPN13Configuration13s_MotorConfigE
                0x80002d90        0x2 Antrieb/Motor.o
                0x80002d90                Motor::init(Configuration::s_MotorConfig*)
 .text._ZN5Motor8setSpeedEh
                0x80002d92        0x2 Antrieb/Motor.o
                0x80002d92                Motor::setSpeed(unsigned char)
 .text._ZN5Motor12setDirectionEb
                0x80002d94        0x2 Antrieb/Motor.o
                0x80002d94                Motor::setDirection(bool)
 .text._ZN5Motor10setEnabledEb
                0x80002d96        0x2 Antrieb/Motor.o
                0x80002d96                Motor::setEnabled(bool)
 .text._ZN13Configuration12init_SensorsEv
                0x80002d98       0xf0 Configuration/Configuration.o
                                 0xf4 (size before relaxing)
                0x80002d98                Configuration::init_Sensors()
 .text._ZN13Configuration9init_UARTEv
                0x80002e88       0x88 Configuration/Configuration.o
                                 0x8c (size before relaxing)
                0x80002e88                Configuration::init_UART()
 .text._ZN13Configuration4initEv
                0x80002f10       0xac Configuration/Configuration.o
                                 0xb8 (size before relaxing)
                0x80002f10                Configuration::init()
 .text._Z17init_system_clockv
                0x80002fbc       0x3c main.o
                                 0x40 (size before relaxing)
                0x80002fbc                init_system_clock()
 .text._ZN6SegwayD1Ev
                0x80002ff8      0x1a4 main.o
                                0x1fc (size before relaxing)
                0x80002ff8                Segway::~Segway()
 .text._Z21init_interrupt_systemv
                0x8000319c       0x48 main.o
                0x8000319c                init_interrupt_system()
 .text.main     0x800031e4       0x90 main.o
                                 0xc8 (size before relaxing)
                0x800031e4                main
 .text._get_interrupt_handler
                0x80003274       0x18 main.o
                                 0x24 (size before relaxing)
                0x80003274                _get_interrupt_handler
 .text._stext   0x8000328c       0x38 assembler/startup_uc3.o
                                 0x48 (size before relaxing)
                0x8000328c                _stext
 .text._ZN9ADCSensor4initEPN13Configuration17s_ADCSensorConfigEP3ADC
                0x800032c4       0x20 Sensor/ADCSensor.o
                0x800032c4                ADCSensor::init(Configuration::s_ADCSensorConfig*, ADC*)
 .text._ZN9ADCSensor13setZeroOffsetEbl
                0x800032e4        0xa Sensor/ADCSensor.o
                0x800032e4                ADCSensor::setZeroOffset(bool, long)
 .text._ZN9ADCSensor21getZeroOffsetIsActiveEv
                0x800032ee        0x8 Sensor/ADCSensor.o
                0x800032ee                ADCSensor::getZeroOffsetIsActive()
 .text._ZN9ADCSensor13getZeroOffsetEv
                0x800032f6        0x6 Sensor/ADCSensor.o
                0x800032f6                ADCSensor::getZeroOffset()
 .text._ZN9ADCSensor7cleanUpEv
                0x800032fc       0x28 Sensor/ADCSensor.o
                                 0x2c (size before relaxing)
                0x800032fc                ADCSensor::cleanUp()
 .text._ZN9ADCSensor15getIntegerValueEbm
                0x80003324      0x180 Sensor/ADCSensor.o
                                0x19c (size before relaxing)
                0x80003324                ADCSensor::getIntegerValue(bool, unsigned long)
 .text._ZN9ADCSensorD1Ev
                0x800034a4       0x10 Sensor/ADCSensor.o
                                 0x1c (size before relaxing)
                0x800034a4                ADCSensor::~ADCSensor()
 .text._ZN9ADCSensorC1Ev
                0x800034b4        0xc Sensor/ADCSensor.o
                                 0x10 (size before relaxing)
                0x800034b4                ADCSensor::ADCSensor()
 .text._ZN10GPIOSensorC1Ev
                0x800034c0        0x2 Sensor/GPIOSensor.o
                0x800034c0                GPIOSensor::GPIOSensor()
 .text._ZN10GPIOSensorD1Ev
                0x800034c2        0x2 Sensor/GPIOSensor.o
                0x800034c2                GPIOSensor::~GPIOSensor()
 .text._ZN10GPIOSensor4initEPN13Configuration18s_GPIOSensorConfigE
                0x800034c4        0x2 Sensor/GPIOSensor.o
                0x800034c4                GPIOSensor::init(Configuration::s_GPIOSensorConfig*)
 .text._ZN10GPIOSensor8getValueEv
                0x800034c6        0x2 Sensor/GPIOSensor.o
                0x800034c6                GPIOSensor::getValue()
 .text._ZN5TimerC1Ev
                0x800034c8        0x2 Timer/Timer.o
                0x800034c8                Timer::Timer()
 .text._ZN5TimerD1Ev
                0x800034ca        0x2 Timer/Timer.o
                0x800034ca                Timer::~Timer()
 .text._ZN5Timer9initTimerEm
                0x800034cc        0x2 Timer/Timer.o
                0x800034cc                Timer::initTimer(unsigned long)
 .text._ZN5Timer17setIsTimerEnabledEb
                0x800034ce        0x2 Timer/Timer.o
                0x800034ce                Timer::setIsTimerEnabled(bool)
 .text._ZN5Timer18resetInterruptFlagEv
                0x800034d0        0x2 Timer/Timer.o
                0x800034d0                Timer::resetInterruptFlag()
 .text._ZN4UARTC1Ev
                0x800034d2        0x6 UART/UART.o
                0x800034d2                UART::UART()
 .text._ZN4UART19enableInPinSelectorEb
                0x800034d8      0x1bc UART/UART.o
                                0x1c0 (size before relaxing)
                0x800034d8                UART::enableInPinSelector(bool)
 .text._ZN4UART10sendStringEPKc
                0x80003694       0x36 UART/UART.o
                0x80003694                UART::sendString(char const*)
 .text._ZN4UART10sendNumberEm
                0x800036ca       0x84 UART/UART.o
                0x800036ca                UART::sendNumber(unsigned long)
 *fill*         0x8000374e        0x2 d703d703
 .text._ZN4UART10sendNumberEl
                0x80003750       0x38 UART/UART.o
                                 0x3c (size before relaxing)
                0x80003750                UART::sendNumber(long)
 .text._ZN4UART7cleanUpEv
                0x80003788       0x2c UART/UART.o
                0x80003788                UART::cleanUp()
 .text._ZN4UART4initEPN13Configuration12s_UARTConfigE
                0x800037b4      0x128 UART/UART.o
                                0x130 (size before relaxing)
                0x800037b4                UART::init(Configuration::s_UARTConfig*)
 .text._ZN4UARTD1Ev
                0x800038dc        0x8 UART/UART.o
                                  0xc (size before relaxing)
                0x800038dc                UART::~UART()
 .text._ZdlPv   0x800038e4        0xc c:/program files (x86)/atmel/atmel toolchain/avr32 gcc/native/3.4.1067/avr32-gnu-toolchain/bin/../lib/gcc/avr32/4.4.7/ucr1\libstdc++.a(del_op.o)
                                 0x10 (size before relaxing)
                0x800038e4                operator delete(void*)
 .text._Znwm    0x800038f0       0xa0 c:/program files (x86)/atmel/atmel toolchain/avr32 gcc/native/3.4.1067/avr32-gnu-toolchain/bin/../lib/gcc/avr32/4.4.7/ucr1\libstdc++.a(new_op.o)
                                 0xcc (size before relaxing)
                0x800038f0                operator new(unsigned long)
 .text._ZNKSt9bad_alloc4whatEv
                0x80003990        0x8 c:/program files (x86)/atmel/atmel toolchain/avr32 gcc/native/3.4.1067/avr32-gnu-toolchain/bin/../lib/gcc/avr32/4.4.7/ucr1\libstdc++.a(new_handler.o)
                0x80003990                std::bad_alloc::what() const
 .text._ZNSt9bad_allocD1Ev
                0x80003998       0x14 c:/program files (x86)/atmel/atmel toolchain/avr32 gcc/native/3.4.1067/avr32-gnu-toolchain/bin/../lib/gcc/avr32/4.4.7/ucr1\libstdc++.a(new_handler.o)
                                 0x18 (size before relaxing)
                0x80003998                std::bad_alloc::~bad_alloc()
 .text._ZNSt9bad_allocD0Ev
                0x800039ac       0x1c c:/program files (x86)/atmel/atmel toolchain/avr32 gcc/native/3.4.1067/avr32-gnu-toolchain/bin/../lib/gcc/avr32/4.4.7/ucr1\libstdc++.a(new_handler.o)
                                 0x28 (size before relaxing)
                0x800039ac                std::bad_alloc::~bad_alloc()
 .text._GLOBAL__I___cxa_allocate_exception
                0x800039c8        0x2 c:/program files (x86)/atmel/atmel toolchain/avr32 gcc/native/3.4.1067/avr32-gnu-toolchain/bin/../lib/gcc/avr32/4.4.7/ucr1\libstdc++.a(eh_alloc.o)
 *fill*         0x800039ca        0x2 d703d703
 .text.__cxa_free_exception
                0x800039cc       0x38 c:/program files (x86)/atmel/atmel toolchain/avr32 gcc/native/3.4.1067/avr32-gnu-toolchain/bin/../lib/gcc/avr32/4.4.7/ucr1\libstdc++.a(eh_alloc.o)
                                 0x40 (size before relaxing)
                0x800039cc                __cxa_free_exception
 .text.__cxa_allocate_exception
                0x80003a04       0xdc c:/program files (x86)/atmel/atmel toolchain/avr32 gcc/native/3.4.1067/avr32-gnu-toolchain/bin/../lib/gcc/avr32/4.4.7/ucr1\libstdc++.a(eh_alloc.o)
                                0x108 (size before relaxing)
                0x80003a04                __cxa_allocate_exception
 .text._ZNK10__cxxabiv120__si_class_type_info20__do_find_public_srcElPKvPKNS_17__class_type_infoES2_
                0x80003ae0       0x24 c:/program files (x86)/atmel/atmel toolchain/avr32 gcc/native/3.4.1067/avr32-gnu-toolchain/bin/../lib/gcc/avr32/4.4.7/ucr1\libstdc++.a(si_class_type_info.o)
                0x80003ae0                __cxxabiv1::__si_class_type_info::__do_find_public_src(long, void const*, __cxxabiv1::__class_type_info const*, void const*) const
 .text._ZNK10__cxxabiv120__si_class_type_info12__do_dyncastElNS_17__class_type_info10__sub_kindEPKS1_PKvS4_S6_RNS1_16__dyncast_resultE
                0x80003b04       0x5e c:/program files (x86)/atmel/atmel toolchain/avr32 gcc/native/3.4.1067/avr32-gnu-toolchain/bin/../lib/gcc/avr32/4.4.7/ucr1\libstdc++.a(si_class_type_info.o)
                0x80003b04                __cxxabiv1::__si_class_type_info::__do_dyncast(long, __cxxabiv1::__class_type_info::__sub_kind, __cxxabiv1::__class_type_info const*, void const*, __cxxabiv1::__class_type_info const*, void const*, __cxxabiv1::__class_type_info::__dyncast_result&) const
 *fill*         0x80003b62        0x2 d703d703
 .text._ZNK10__cxxabiv120__si_class_type_info11__do_upcastEPKNS_17__class_type_infoEPKvRNS1_15__upcast_resultE
                0x80003b64       0x24 c:/program files (x86)/atmel/atmel toolchain/avr32 gcc/native/3.4.1067/avr32-gnu-toolchain/bin/../lib/gcc/avr32/4.4.7/ucr1\libstdc++.a(si_class_type_info.o)
                                 0x28 (size before relaxing)
                0x80003b64                __cxxabiv1::__si_class_type_info::__do_upcast(__cxxabiv1::__class_type_info const*, void const*, __cxxabiv1::__class_type_info::__upcast_result&) const
 .text._ZN10__cxxabiv120__si_class_type_infoD1Ev
                0x80003b88       0x14 c:/program files (x86)/atmel/atmel toolchain/avr32 gcc/native/3.4.1067/avr32-gnu-toolchain/bin/../lib/gcc/avr32/4.4.7/ucr1\libstdc++.a(si_class_type_info.o)
                                 0x18 (size before relaxing)
                0x80003b88                __cxxabiv1::__si_class_type_info::~__si_class_type_info()
 .text._ZN10__cxxabiv120__si_class_type_infoD0Ev
                0x80003b9c       0x1c c:/program files (x86)/atmel/atmel toolchain/avr32 gcc/native/3.4.1067/avr32-gnu-toolchain/bin/../lib/gcc/avr32/4.4.7/ucr1\libstdc++.a(si_class_type_info.o)
                                 0x28 (size before relaxing)
                0x80003b9c                __cxxabiv1::__si_class_type_info::~__si_class_type_info()
 .text.__cxa_rethrow
                0x80003bb8       0x58 c:/program files (x86)/atmel/atmel toolchain/avr32 gcc/native/3.4.1067/avr32-gnu-toolchain/bin/../lib/gcc/avr32/4.4.7/ucr1\libstdc++.a(eh_throw.o)
                                 0x68 (size before relaxing)
                0x80003bb8                __cxa_rethrow
 .text.__cxa_throw
                0x80003c10       0x4c c:/program files (x86)/atmel/atmel toolchain/avr32 gcc/native/3.4.1067/avr32-gnu-toolchain/bin/../lib/gcc/avr32/4.4.7/ucr1\libstdc++.a(eh_throw.o)
                                 0x60 (size before relaxing)
                0x80003c10                __cxa_throw
 .text._ZL23__gxx_exception_cleanup19_Unwind_Reason_CodeP17_Unwind_Exception
                0x80003c5c       0x40 c:/program files (x86)/atmel/atmel toolchain/avr32 gcc/native/3.4.1067/avr32-gnu-toolchain/bin/../lib/gcc/avr32/4.4.7/ucr1\libstdc++.a(eh_throw.o)
                                 0x4c (size before relaxing)
 .text._ZL16get_adjusted_ptrPKSt9type_infoS1_PPv
                0x80003c9c       0x3e c:/program files (x86)/atmel/atmel toolchain/avr32 gcc/native/3.4.1067/avr32-gnu-toolchain/bin/../lib/gcc/avr32/4.4.7/ucr1\libstdc++.a(eh_personality.o)
 *fill*         0x80003cda        0x2 d703d703
 .text._ZL21base_of_encoded_valuehP15_Unwind_Context
                0x80003cdc       0x54 c:/program files (x86)/atmel/atmel toolchain/avr32 gcc/native/3.4.1067/avr32-gnu-toolchain/bin/../lib/gcc/avr32/4.4.7/ucr1\libstdc++.a(eh_personality.o)
                                 0x64 (size before relaxing)
 .text._ZL28read_encoded_value_with_basehjPKhPj
                0x80003d30       0xf4 c:/program files (x86)/atmel/atmel toolchain/avr32 gcc/native/3.4.1067/avr32-gnu-toolchain/bin/../lib/gcc/avr32/4.4.7/ucr1\libstdc++.a(eh_personality.o)
                                 0xf8 (size before relaxing)
 .text._ZL17parse_lsda_headerP15_Unwind_ContextPKhP16lsda_header_info
                0x80003e24       0xa0 c:/program files (x86)/atmel/atmel toolchain/avr32 gcc/native/3.4.1067/avr32-gnu-toolchain/bin/../lib/gcc/avr32/4.4.7/ucr1\libstdc++.a(eh_personality.o)
                                 0xb0 (size before relaxing)
 .text._ZL15get_ttype_entryP16lsda_header_infom
                0x80003ec4       0x5c c:/program files (x86)/atmel/atmel toolchain/avr32 gcc/native/3.4.1067/avr32-gnu-toolchain/bin/../lib/gcc/avr32/4.4.7/ucr1\libstdc++.a(eh_personality.o)
                                 0x64 (size before relaxing)
 .text._ZL20check_exception_specP16lsda_header_infoPKSt9type_infoPvl
                0x80003f20       0x58 c:/program files (x86)/atmel/atmel toolchain/avr32 gcc/native/3.4.1067/avr32-gnu-toolchain/bin/../lib/gcc/avr32/4.4.7/ucr1\libstdc++.a(eh_personality.o)
                                 0x64 (size before relaxing)
 .text.__cxa_call_unexpected
                0x80003f78      0x100 c:/program files (x86)/atmel/atmel toolchain/avr32 gcc/native/3.4.1067/avr32-gnu-toolchain/bin/../lib/gcc/avr32/4.4.7/ucr1\libstdc++.a(eh_personality.o)
                                0x140 (size before relaxing)
                0x80003f78                __cxa_call_unexpected
 .text.__gxx_personality_sj0
                0x80004078      0x3a8 c:/program files (x86)/atmel/atmel toolchain/avr32 gcc/native/3.4.1067/avr32-gnu-toolchain/bin/../lib/gcc/avr32/4.4.7/ucr1\libstdc++.a(eh_personality.o)
                                0x408 (size before relaxing)
                0x80004078                __gxx_personality_sj0
 .text._ZNSt9exceptionD2Ev
                0x80004420        0xc c:/program files (x86)/atmel/atmel toolchain/avr32 gcc/native/3.4.1067/avr32-gnu-toolchain/bin/../lib/gcc/avr32/4.4.7/ucr1\libstdc++.a(eh_exception.o)
                0x80004420                std::exception::~exception()
 .text._ZNSt9exceptionD1Ev
                0x8000442c        0xc c:/program files (x86)/atmel/atmel toolchain/avr32 gcc/native/3.4.1067/avr32-gnu-toolchain/bin/../lib/gcc/avr32/4.4.7/ucr1\libstdc++.a(eh_exception.o)
                0x8000442c                std::exception::~exception()
 .text._ZNSt13bad_exceptionD1Ev
                0x80004438        0xc c:/program files (x86)/atmel/atmel toolchain/avr32 gcc/native/3.4.1067/avr32-gnu-toolchain/bin/../lib/gcc/avr32/4.4.7/ucr1\libstdc++.a(eh_exception.o)
                0x80004438                std::bad_exception::~bad_exception()
 .text._ZNKSt9exception4whatEv
                0x80004444        0x8 c:/program files (x86)/atmel/atmel toolchain/avr32 gcc/native/3.4.1067/avr32-gnu-toolchain/bin/../lib/gcc/avr32/4.4.7/ucr1\libstdc++.a(eh_exception.o)
                0x80004444                std::exception::what() const
 .text._ZNKSt13bad_exception4whatEv
                0x8000444c        0x8 c:/program files (x86)/atmel/atmel toolchain/avr32 gcc/native/3.4.1067/avr32-gnu-toolchain/bin/../lib/gcc/avr32/4.4.7/ucr1\libstdc++.a(eh_exception.o)
                0x8000444c                std::bad_exception::what() const
 .text._ZNSt9exceptionD0Ev
                0x80004454       0x14 c:/program files (x86)/atmel/atmel toolchain/avr32 gcc/native/3.4.1067/avr32-gnu-toolchain/bin/../lib/gcc/avr32/4.4.7/ucr1\libstdc++.a(eh_exception.o)
                                 0x18 (size before relaxing)
                0x80004454                std::exception::~exception()
 .text._ZNSt13bad_exceptionD0Ev
                0x80004468       0x14 c:/program files (x86)/atmel/atmel toolchain/avr32 gcc/native/3.4.1067/avr32-gnu-toolchain/bin/../lib/gcc/avr32/4.4.7/ucr1\libstdc++.a(eh_exception.o)
                                 0x18 (size before relaxing)
                0x80004468                std::bad_exception::~bad_exception()
 .text.__cxa_get_globals_fast
                0x8000447c        0x8 c:/program files (x86)/atmel/atmel toolchain/avr32 gcc/native/3.4.1067/avr32-gnu-toolchain/bin/../lib/gcc/avr32/4.4.7/ucr1\libstdc++.a(eh_globals.o)
                0x8000447c                __cxa_get_globals_fast
 .text.__cxa_get_globals
                0x80004484        0x8 c:/program files (x86)/atmel/atmel toolchain/avr32 gcc/native/3.4.1067/avr32-gnu-toolchain/bin/../lib/gcc/avr32/4.4.7/ucr1\libstdc++.a(eh_globals.o)
                0x80004484                __cxa_get_globals
 .text._ZN10__cxxabiv111__terminateEPFvvE
                0x8000448c       0x64 c:/program files (x86)/atmel/atmel toolchain/avr32 gcc/native/3.4.1067/avr32-gnu-toolchain/bin/../lib/gcc/avr32/4.4.7/ucr1\libstdc++.a(eh_terminate.o)
                                 0x80 (size before relaxing)
                0x8000448c                __cxxabiv1::__terminate(void (*)())
 .text._ZSt9terminatev
                0x800044f0        0xc c:/program files (x86)/atmel/atmel toolchain/avr32 gcc/native/3.4.1067/avr32-gnu-toolchain/bin/../lib/gcc/avr32/4.4.7/ucr1\libstdc++.a(eh_terminate.o)
                                 0x14 (size before relaxing)
                0x800044f0                std::terminate()
 .text._ZN10__cxxabiv112__unexpectedEPFvvE
                0x800044fc        0x8 c:/program files (x86)/atmel/atmel toolchain/avr32 gcc/native/3.4.1067/avr32-gnu-toolchain/bin/../lib/gcc/avr32/4.4.7/ucr1\libstdc++.a(eh_terminate.o)
                                  0xc (size before relaxing)
                0x800044fc                __cxxabiv1::__unexpected(void (*)())
 .text._ZSt10unexpectedv
                0x80004504        0xc c:/program files (x86)/atmel/atmel toolchain/avr32 gcc/native/3.4.1067/avr32-gnu-toolchain/bin/../lib/gcc/avr32/4.4.7/ucr1\libstdc++.a(eh_terminate.o)
                                 0x14 (size before relaxing)
                0x80004504                std::unexpected()
 .text.__cxa_call_terminate
                0x80004510       0x38 c:/program files (x86)/atmel/atmel toolchain/avr32 gcc/native/3.4.1067/avr32-gnu-toolchain/bin/../lib/gcc/avr32/4.4.7/ucr1\libstdc++.a(eh_call.o)
                                 0x4c (size before relaxing)
                0x80004510                __cxa_call_terminate
 .text.__cxa_end_catch
                0x80004548       0x74 c:/program files (x86)/atmel/atmel toolchain/avr32 gcc/native/3.4.1067/avr32-gnu-toolchain/bin/../lib/gcc/avr32/4.4.7/ucr1\libstdc++.a(eh_catch.o)
                                 0x84 (size before relaxing)
                0x80004548                __cxa_end_catch
 .text.__cxa_begin_catch
                0x800045bc       0xb4 c:/program files (x86)/atmel/atmel toolchain/avr32 gcc/native/3.4.1067/avr32-gnu-toolchain/bin/../lib/gcc/avr32/4.4.7/ucr1\libstdc++.a(eh_catch.o)
                                 0xd4 (size before relaxing)
                0x800045bc                __cxa_begin_catch
 .text._ZNSt9type_infoD2Ev
                0x80004670        0xc c:/program files (x86)/atmel/atmel toolchain/avr32 gcc/native/3.4.1067/avr32-gnu-toolchain/bin/../lib/gcc/avr32/4.4.7/ucr1\libstdc++.a(tinfo.o)
                0x80004670                std::type_info::~type_info()
 .text._ZNSt9type_infoD1Ev
                0x8000467c        0xc c:/program files (x86)/atmel/atmel toolchain/avr32 gcc/native/3.4.1067/avr32-gnu-toolchain/bin/../lib/gcc/avr32/4.4.7/ucr1\libstdc++.a(tinfo.o)
                0x8000467c                std::type_info::~type_info()
 .text._ZNKSt9type_info14__is_pointer_pEv
                0x80004688        0x2 c:/program files (x86)/atmel/atmel toolchain/avr32 gcc/native/3.4.1067/avr32-gnu-toolchain/bin/../lib/gcc/avr32/4.4.7/ucr1\libstdc++.a(tinfo.o)
                0x80004688                std::type_info::__is_pointer_p() const
 .text._ZNKSt9type_info15__is_function_pEv
                0x8000468a        0x2 c:/program files (x86)/atmel/atmel toolchain/avr32 gcc/native/3.4.1067/avr32-gnu-toolchain/bin/../lib/gcc/avr32/4.4.7/ucr1\libstdc++.a(tinfo.o)
                0x8000468a                std::type_info::__is_function_p() const
 .text._ZNKSt9type_info10__do_catchEPKS_PPvj
                0x8000468c        0xa c:/program files (x86)/atmel/atmel toolchain/avr32 gcc/native/3.4.1067/avr32-gnu-toolchain/bin/../lib/gcc/avr32/4.4.7/ucr1\libstdc++.a(tinfo.o)
                0x8000468c                std::type_info::__do_catch(std::type_info const*, void**, unsigned int) const
 .text._ZNKSt9type_info11__do_upcastEPKN10__cxxabiv117__class_type_infoEPPv
                0x80004696        0x2 c:/program files (x86)/atmel/atmel toolchain/avr32 gcc/native/3.4.1067/avr32-gnu-toolchain/bin/../lib/gcc/avr32/4.4.7/ucr1\libstdc++.a(tinfo.o)
                0x80004696                std::type_info::__do_upcast(__cxxabiv1::__class_type_info const*, void**) const
 .text._ZNSt9type_infoD0Ev
                0x80004698       0x14 c:/program files (x86)/atmel/atmel toolchain/avr32 gcc/native/3.4.1067/avr32-gnu-toolchain/bin/../lib/gcc/avr32/4.4.7/ucr1\libstdc++.a(tinfo.o)
                                 0x18 (size before relaxing)
                0x80004698                std::type_info::~type_info()
 .text._ZNK10__cxxabiv117__class_type_info10__do_catchEPKSt9type_infoPPvj
                0x800046ac       0x22 c:/program files (x86)/atmel/atmel toolchain/avr32 gcc/native/3.4.1067/avr32-gnu-toolchain/bin/../lib/gcc/avr32/4.4.7/ucr1\libstdc++.a(class_type_info.o)
                0x800046ac                __cxxabiv1::__class_type_info::__do_catch(std::type_info const*, void**, unsigned int) const
 .text._ZNK10__cxxabiv117__class_type_info11__do_upcastEPKS0_PPv
                0x800046ce       0x3c c:/program files (x86)/atmel/atmel toolchain/avr32 gcc/native/3.4.1067/avr32-gnu-toolchain/bin/../lib/gcc/avr32/4.4.7/ucr1\libstdc++.a(class_type_info.o)
                0x800046ce                __cxxabiv1::__class_type_info::__do_upcast(__cxxabiv1::__class_type_info const*, void**) const
 .text._ZNK10__cxxabiv117__class_type_info20__do_find_public_srcElPKvPKS0_S2_
                0x8000470a        0xc c:/program files (x86)/atmel/atmel toolchain/avr32 gcc/native/3.4.1067/avr32-gnu-toolchain/bin/../lib/gcc/avr32/4.4.7/ucr1\libstdc++.a(class_type_info.o)
                0x8000470a                __cxxabiv1::__class_type_info::__do_find_public_src(long, void const*, __cxxabiv1::__class_type_info const*, void const*) const
 .text._ZNK10__cxxabiv117__class_type_info12__do_dyncastElNS0_10__sub_kindEPKS0_PKvS3_S5_RNS0_16__dyncast_resultE
                0x80004716       0x38 c:/program files (x86)/atmel/atmel toolchain/avr32 gcc/native/3.4.1067/avr32-gnu-toolchain/bin/../lib/gcc/avr32/4.4.7/ucr1\libstdc++.a(class_type_info.o)
                0x80004716                __cxxabiv1::__class_type_info::__do_dyncast(long, __cxxabiv1::__class_type_info::__sub_kind, __cxxabiv1::__class_type_info const*, void const*, __cxxabiv1::__class_type_info const*, void const*, __cxxabiv1::__class_type_info::__dyncast_result&) const
 .text._ZNK10__cxxabiv117__class_type_info11__do_upcastEPKS0_PKvRNS0_15__upcast_resultE
                0x8000474e       0x18 c:/program files (x86)/atmel/atmel toolchain/avr32 gcc/native/3.4.1067/avr32-gnu-toolchain/bin/../lib/gcc/avr32/4.4.7/ucr1\libstdc++.a(class_type_info.o)
                0x8000474e                __cxxabiv1::__class_type_info::__do_upcast(__cxxabiv1::__class_type_info const*, void const*, __cxxabiv1::__class_type_info::__upcast_result&) const
 *fill*         0x80004766        0x2 d703d703
 .text._ZN10__cxxabiv117__class_type_infoD1Ev
                0x80004768       0x10 c:/program files (x86)/atmel/atmel toolchain/avr32 gcc/native/3.4.1067/avr32-gnu-toolchain/bin/../lib/gcc/avr32/4.4.7/ucr1\libstdc++.a(class_type_info.o)
                                 0x18 (size before relaxing)
                0x80004768                __cxxabiv1::__class_type_info::~__class_type_info()
 .text._ZN10__cxxabiv117__class_type_infoD2Ev
                0x80004778       0x10 c:/program files (x86)/atmel/atmel toolchain/avr32 gcc/native/3.4.1067/avr32-gnu-toolchain/bin/../lib/gcc/avr32/4.4.7/ucr1\libstdc++.a(class_type_info.o)
                                 0x18 (size before relaxing)
                0x80004778                __cxxabiv1::__class_type_info::~__class_type_info()
 .text._ZN10__cxxabiv117__class_type_infoD0Ev
                0x80004788       0x1c c:/program files (x86)/atmel/atmel toolchain/avr32 gcc/native/3.4.1067/avr32-gnu-toolchain/bin/../lib/gcc/avr32/4.4.7/ucr1\libstdc++.a(class_type_info.o)
                                 0x28 (size before relaxing)
                0x80004788                __cxxabiv1::__class_type_info::~__class_type_info()
 .text._ZN9__gnu_cxx27__verbose_terminate_handlerEv
                0x800047a4      0x180 c:/program files (x86)/atmel/atmel toolchain/avr32 gcc/native/3.4.1067/avr32-gnu-toolchain/bin/../lib/gcc/avr32/4.4.7/ucr1\libstdc++.a(vterminate.o)
                                0x1b4 (size before relaxing)
                0x800047a4                __gnu_cxx::__verbose_terminate_handler()
 .text.__cxa_current_exception_type
                0x80004924       0x30 c:/program files (x86)/atmel/atmel toolchain/avr32 gcc/native/3.4.1067/avr32-gnu-toolchain/bin/../lib/gcc/avr32/4.4.7/ucr1\libstdc++.a(eh_type.o)
                                 0x34 (size before relaxing)
                0x80004924                __cxa_current_exception_type
 .text          0x80004954     0x322c c:/program files (x86)/atmel/atmel toolchain/avr32 gcc/native/3.4.1067/avr32-gnu-toolchain/bin/../lib/gcc/avr32/4.4.7/ucr1\libstdc++.a(cp-demangle.o)
                               0x32ac (size before relaxing)
                0x80006f78                __gcclibcxx_demangle_callback
                0x800073c4                __cxa_demangle
 .text          0x80007b80      0x1d4 c:/program files (x86)/atmel/atmel toolchain/avr32 gcc/native/3.4.1067/avr32-gnu-toolchain/bin/../lib/gcc/avr32/4.4.7/ucr1\libgcc.a(_avr32_f64_mul.o)
                0x80007b80                __avr32_f64_mul
 .text          0x80007d54      0x2b0 c:/program files (x86)/atmel/atmel toolchain/avr32 gcc/native/3.4.1067/avr32-gnu-toolchain/bin/../lib/gcc/avr32/4.4.7/ucr1\libgcc.a(_avr32_f64_addsub.o)
                0x80007d58                __avr32_f64_sub
                0x80007ef4                __avr32_f64_add
 .text          0x80008004       0x2a c:/program files (x86)/atmel/atmel toolchain/avr32 gcc/native/3.4.1067/avr32-gnu-toolchain/bin/../lib/gcc/avr32/4.4.7/ucr1\libgcc.a(_avr32_f64_to_s32.o)
                0x80008004                __avr32_f64_to_u32
                0x80008008                __avr32_f64_to_s32
 .text          0x8000802e       0x36 c:/program files (x86)/atmel/atmel toolchain/avr32 gcc/native/3.4.1067/avr32-gnu-toolchain/bin/../lib/gcc/avr32/4.4.7/ucr1\libgcc.a(_avr32_f32_cmp_lt.o)
                0x8000802e                __avr32_f32_cmp_lt
 .text          0x80008064      0x31c c:/program files (x86)/atmel/atmel toolchain/avr32 gcc/native/3.4.1067/avr32-gnu-toolchain/bin/../lib/gcc/avr32/4.4.7/ucr1\libgcc.a(_avr32_f64_div.o)
                0x80008064                __avr32_f64_div
 .text          0x80008380      0x16c c:/program files (x86)/atmel/atmel toolchain/avr32 gcc/native/3.4.1067/avr32-gnu-toolchain/bin/../lib/gcc/avr32/4.4.7/ucr1\libgcc.a(_avr32_f32_div.o)
                0x80008380                __avr32_f32_div
 .text          0x800084ec      0x184 c:/program files (x86)/atmel/atmel toolchain/avr32 gcc/native/3.4.1067/avr32-gnu-toolchain/bin/../lib/gcc/avr32/4.4.7/ucr1\libgcc.a(_avr32_f32_addsub.o)
                0x800084f0                __avr32_f32_sub
                0x800085c4                __avr32_f32_add
 .text          0x80008670       0xe4 c:/program files (x86)/atmel/atmel toolchain/avr32 gcc/native/3.4.1067/avr32-gnu-toolchain/bin/../lib/gcc/avr32/4.4.7/ucr1\libgcc.a(_avr32_f32_mul.o)
                0x80008670                __avr32_f32_mul
 .text          0x80008754       0x74 c:/program files (x86)/atmel/atmel toolchain/avr32 gcc/native/3.4.1067/avr32-gnu-toolchain/bin/../lib/gcc/avr32/4.4.7/ucr1\libgcc.a(_avr32_s32_to_f32.o)
                0x80008754                __avr32_s32_to_f32
 .text          0x800087c8       0x1e c:/program files (x86)/atmel/atmel toolchain/avr32 gcc/native/3.4.1067/avr32-gnu-toolchain/bin/../lib/gcc/avr32/4.4.7/ucr1\libgcc.a(_avr32_f32_to_s32.o)
                0x800087c8                __avr32_f32_to_s32
 .text          0x800087e6       0x62 c:/program files (x86)/atmel/atmel toolchain/avr32 gcc/native/3.4.1067/avr32-gnu-toolchain/bin/../lib/gcc/avr32/4.4.7/ucr1\libgcc.a(_avr32_f32_to_f64.o)
                0x800087e6                __avr32_f32_to_f64
 .text          0x80008848       0x8c c:/program files (x86)/atmel/atmel toolchain/avr32 gcc/native/3.4.1067/avr32-gnu-toolchain/bin/../lib/gcc/avr32/4.4.7/ucr1\libgcc.a(_avr32_f64_to_f32.o)
                0x80008848                __avr32_f64_to_f32
 .text          0x800088d4      0x29c c:/program files (x86)/atmel/atmel toolchain/avr32 gcc/native/3.4.1067/avr32-gnu-toolchain/bin/../lib/gcc/avr32/4.4.7/ucr1\libgcc.a(unwind-sjlj.o)
                                0x2cc (size before relaxing)
                0x800088d4                _Unwind_SjLj_Register
                0x800088e0                _Unwind_SjLj_Unregister
                0x800088ec                _Unwind_GetGR
                0x800088f6                _Unwind_GetCFA
                0x80008900                _Unwind_SetGR
                0x8000890a                _Unwind_GetIP
                0x80008912                _Unwind_GetIPInfo
                0x80008922                _Unwind_SetIP
                0x8000892a                _Unwind_GetLanguageSpecificData
                0x80008930                _Unwind_GetRegionStart
                0x80008932                _Unwind_FindEnclosingFunction
                0x80008934                _Unwind_GetDataRelBase
                0x80008936                _Unwind_GetTextRelBase
                0x800089b8                _Unwind_DeleteException
                0x800089c8                _Unwind_Backtrace
                0x80008a88                _Unwind_SjLj_Resume
                0x80008ab4                _Unwind_SjLj_ForcedUnwind
                0x80008adc                _Unwind_SjLj_RaiseException
                0x80008b44                _Unwind_SjLj_Resume_or_Rethrow
 .text.abort    0x80008b70       0x10 c:/program files (x86)/atmel/atmel toolchain/avr32 gcc/native/3.4.1067/avr32-gnu-toolchain/bin/../lib/gcc/avr32/4.4.7/../../../../avr32/lib/ucr1\libc.a(lib_a-abort.o)
                                 0x18 (size before relaxing)
                0x80008b70                abort
 .text._fputc_r
                0x80008b80       0x48 c:/program files (x86)/atmel/atmel toolchain/avr32 gcc/native/3.4.1067/avr32-gnu-toolchain/bin/../lib/gcc/avr32/4.4.7/../../../../avr32/lib/ucr1\libc.a(lib_a-fputc.o)
                                 0x58 (size before relaxing)
                0x80008b80                _fputc_r
 .text.fputc    0x80008bc8       0x10 c:/program files (x86)/atmel/atmel toolchain/avr32 gcc/native/3.4.1067/avr32-gnu-toolchain/bin/../lib/gcc/avr32/4.4.7/../../../../avr32/lib/ucr1\libc.a(lib_a-fputc.o)
                                 0x18 (size before relaxing)
                0x80008bc8                fputc
 .text._fputs_r
                0x80008bd8       0x5c c:/program files (x86)/atmel/atmel toolchain/avr32 gcc/native/3.4.1067/avr32-gnu-toolchain/bin/../lib/gcc/avr32/4.4.7/../../../../avr32/lib/ucr1\libc.a(lib_a-fputs.o)
                                 0x70 (size before relaxing)
                0x80008bd8                _fputs_r
 .text.fputs    0x80008c34       0x10 c:/program files (x86)/atmel/atmel toolchain/avr32 gcc/native/3.4.1067/avr32-gnu-toolchain/bin/../lib/gcc/avr32/4.4.7/../../../../avr32/lib/ucr1\libc.a(lib_a-fputs.o)
                                 0x18 (size before relaxing)
                0x80008c34                fputs
 .text.__sfvwrite_r
                0x80008c44      0x298 c:/program files (x86)/atmel/atmel toolchain/avr32 gcc/native/3.4.1067/avr32-gnu-toolchain/bin/../lib/gcc/avr32/4.4.7/../../../../avr32/lib/ucr1\libc.a(lib_a-fvwrite.o)
                                0x2bc (size before relaxing)
                0x80008c44                __sfvwrite_r
 .text._fwrite_r
                0x80008edc       0x68 c:/program files (x86)/atmel/atmel toolchain/avr32 gcc/native/3.4.1067/avr32-gnu-toolchain/bin/../lib/gcc/avr32/4.4.7/../../../../avr32/lib/ucr1\libc.a(lib_a-fwrite.o)
                                 0x78 (size before relaxing)
                0x80008edc                _fwrite_r
 .text.fwrite   0x80008f44       0x14 c:/program files (x86)/atmel/atmel toolchain/avr32 gcc/native/3.4.1067/avr32-gnu-toolchain/bin/../lib/gcc/avr32/4.4.7/../../../../avr32/lib/ucr1\libc.a(lib_a-fwrite.o)
                                 0x1c (size before relaxing)
                0x80008f44                fwrite
 .text.free     0x80008f58       0x10 c:/program files (x86)/atmel/atmel toolchain/avr32 gcc/native/3.4.1067/avr32-gnu-toolchain/bin/../lib/gcc/avr32/4.4.7/../../../../avr32/lib/ucr1\libc.a(lib_a-malloc.o)
                                 0x18 (size before relaxing)
                0x80008f58                free
 .text.malloc   0x80008f68       0x10 c:/program files (x86)/atmel/atmel toolchain/avr32 gcc/native/3.4.1067/avr32-gnu-toolchain/bin/../lib/gcc/avr32/4.4.7/../../../../avr32/lib/ucr1\libc.a(lib_a-malloc.o)
                                 0x18 (size before relaxing)
                0x80008f68                malloc
 .text._malloc_r
                0x80008f78      0x42c c:/program files (x86)/atmel/atmel toolchain/avr32 gcc/native/3.4.1067/avr32-gnu-toolchain/bin/../lib/gcc/avr32/4.4.7/../../../../avr32/lib/ucr1\libc.a(lib_a-mallocr.o)
                                0x44c (size before relaxing)
                0x80008f78                _malloc_r
 .text.memchr   0x800093a4       0x16 c:/program files (x86)/atmel/atmel toolchain/avr32 gcc/native/3.4.1067/avr32-gnu-toolchain/bin/../lib/gcc/avr32/4.4.7/../../../../avr32/lib/ucr1\libc.a(lib_a-memchr.o)
                0x800093a4                memchr
 .text.memcmp   0x800093ba       0x26 c:/program files (x86)/atmel/atmel toolchain/avr32 gcc/native/3.4.1067/avr32-gnu-toolchain/bin/../lib/gcc/avr32/4.4.7/../../../../avr32/lib/ucr1\libc.a(lib_a-memcmp.o)
                0x800093ba                memcmp
 .text          0x800093e0      0x148 c:/program files (x86)/atmel/atmel toolchain/avr32 gcc/native/3.4.1067/avr32-gnu-toolchain/bin/../lib/gcc/avr32/4.4.7/../../../../avr32/lib/ucr1\libc.a(lib_a-memcpy.o)
                0x800093e0                memcpy
 .text.memmove  0x80009528       0x3e c:/program files (x86)/atmel/atmel toolchain/avr32 gcc/native/3.4.1067/avr32-gnu-toolchain/bin/../lib/gcc/avr32/4.4.7/../../../../avr32/lib/ucr1\libc.a(lib_a-memmove.o)
                0x80009528                memmove
 .text.memset   0x80009566        0xe c:/program files (x86)/atmel/atmel toolchain/avr32 gcc/native/3.4.1067/avr32-gnu-toolchain/bin/../lib/gcc/avr32/4.4.7/../../../../avr32/lib/ucr1\libc.a(lib_a-memset.o)
                0x80009566                memset
 .text.__malloc_lock
                0x80009574        0x2 c:/program files (x86)/atmel/atmel toolchain/avr32 gcc/native/3.4.1067/avr32-gnu-toolchain/bin/../lib/gcc/avr32/4.4.7/../../../../avr32/lib/ucr1\libc.a(lib_a-mlock.o)
                0x80009574                __malloc_lock
 .text.__malloc_unlock
                0x80009576        0x2 c:/program files (x86)/atmel/atmel toolchain/avr32 gcc/native/3.4.1067/avr32-gnu-toolchain/bin/../lib/gcc/avr32/4.4.7/../../../../avr32/lib/ucr1\libc.a(lib_a-mlock.o)
                0x80009576                __malloc_unlock
 .text._putc_r  0x80009578       0x7c c:/program files (x86)/atmel/atmel toolchain/avr32 gcc/native/3.4.1067/avr32-gnu-toolchain/bin/../lib/gcc/avr32/4.4.7/../../../../avr32/lib/ucr1\libc.a(lib_a-putc.o)
                                 0x8c (size before relaxing)
                0x80009578                _putc_r
 .text.realloc  0x800095f4       0x10 c:/program files (x86)/atmel/atmel toolchain/avr32 gcc/native/3.4.1067/avr32-gnu-toolchain/bin/../lib/gcc/avr32/4.4.7/../../../../avr32/lib/ucr1\libc.a(lib_a-realloc.o)
                                 0x18 (size before relaxing)
                0x800095f4                realloc
 .text._realloc_r
                0x80009604      0x2b8 c:/program files (x86)/atmel/atmel toolchain/avr32 gcc/native/3.4.1067/avr32-gnu-toolchain/bin/../lib/gcc/avr32/4.4.7/../../../../avr32/lib/ucr1\libc.a(lib_a-reallocr.o)
                                0x2e0 (size before relaxing)
                0x80009604                _realloc_r
 .text._sbrk_r  0x800098bc       0x20 c:/program files (x86)/atmel/atmel toolchain/avr32 gcc/native/3.4.1067/avr32-gnu-toolchain/bin/../lib/gcc/avr32/4.4.7/../../../../avr32/lib/ucr1\libc.a(lib_a-sbrkr.o)
                                 0x28 (size before relaxing)
                0x800098bc                _sbrk_r
 .text._raise_r
                0x800098dc       0x4c c:/program files (x86)/atmel/atmel toolchain/avr32 gcc/native/3.4.1067/avr32-gnu-toolchain/bin/../lib/gcc/avr32/4.4.7/../../../../avr32/lib/ucr1\libc.a(lib_a-signal.o)
                                 0x58 (size before relaxing)
                0x800098dc                _raise_r
 .text.raise    0x80009928       0x10 c:/program files (x86)/atmel/atmel toolchain/avr32 gcc/native/3.4.1067/avr32-gnu-toolchain/bin/../lib/gcc/avr32/4.4.7/../../../../avr32/lib/ucr1\libc.a(lib_a-signal.o)
                                 0x18 (size before relaxing)
                0x80009928                raise
 .text._getpid_r
                0x80009938        0x8 c:/program files (x86)/atmel/atmel toolchain/avr32 gcc/native/3.4.1067/avr32-gnu-toolchain/bin/../lib/gcc/avr32/4.4.7/../../../../avr32/lib/ucr1\libc.a(lib_a-signalr.o)
                                  0xc (size before relaxing)
                0x80009938                _getpid_r
 .text._kill_r  0x80009940       0x24 c:/program files (x86)/atmel/atmel toolchain/avr32 gcc/native/3.4.1067/avr32-gnu-toolchain/bin/../lib/gcc/avr32/4.4.7/../../../../avr32/lib/ucr1\libc.a(lib_a-signalr.o)
                                 0x2c (size before relaxing)
                0x80009940                _kill_r
 .text.sprintf  0x80009964       0x3c c:/program files (x86)/atmel/atmel toolchain/avr32 gcc/native/3.4.1067/avr32-gnu-toolchain/bin/../lib/gcc/avr32/4.4.7/../../../../avr32/lib/ucr1\libc.a(lib_a-sprintf.o)
                                 0x40 (size before relaxing)
                0x80009964                sprintf
 .text.strcat   0x800099a0       0x22 c:/program files (x86)/atmel/atmel toolchain/avr32 gcc/native/3.4.1067/avr32-gnu-toolchain/bin/../lib/gcc/avr32/4.4.7/../../../../avr32/lib/ucr1\libc.a(lib_a-strcat.o)
                0x800099a0                strcat
 *fill*         0x800099c2        0x2 d703d703
 .text          0x800099c4       0xa8 c:/program files (x86)/atmel/atmel toolchain/avr32 gcc/native/3.4.1067/avr32-gnu-toolchain/bin/../lib/gcc/avr32/4.4.7/../../../../avr32/lib/ucr1\libc.a(lib_a-strcmp.o)
                0x800099c4                strcmp
 .text.strcpy   0x80009a6c       0x12 c:/program files (x86)/atmel/atmel toolchain/avr32 gcc/native/3.4.1067/avr32-gnu-toolchain/bin/../lib/gcc/avr32/4.4.7/../../../../avr32/lib/ucr1\libc.a(lib_a-strcpy.o)
                0x80009a6c                strcpy
 .text.strlen   0x80009a7e       0x16 c:/program files (x86)/atmel/atmel toolchain/avr32 gcc/native/3.4.1067/avr32-gnu-toolchain/bin/../lib/gcc/avr32/4.4.7/../../../../avr32/lib/ucr1\libc.a(lib_a-strlen.o)
                0x80009a7e                strlen
 .text.strncmp  0x80009a94       0x26 c:/program files (x86)/atmel/atmel toolchain/avr32 gcc/native/3.4.1067/avr32-gnu-toolchain/bin/../lib/gcc/avr32/4.4.7/../../../../avr32/lib/ucr1\libc.a(lib_a-strncmp.o)
                0x80009a94                strncmp
 .text._exit    0x80009aba        0xa c:/program files (x86)/atmel/atmel toolchain/avr32 gcc/native/3.4.1067/avr32-gnu-toolchain/bin/../lib/gcc/avr32/4.4.7/../../../../avr32/lib/ucr1\libc.a(lib_a-syscalls.o)
                0x80009aba                _exit
 .text._close   0x80009ac4       0x14 c:/program files (x86)/atmel/atmel toolchain/avr32 gcc/native/3.4.1067/avr32-gnu-toolchain/bin/../lib/gcc/avr32/4.4.7/../../../../avr32/lib/ucr1\libc.a(lib_a-syscalls.o)
                                 0x18 (size before relaxing)
                0x80009ac4                _close
 .text._lseek   0x80009ad8       0x14 c:/program files (x86)/atmel/atmel toolchain/avr32 gcc/native/3.4.1067/avr32-gnu-toolchain/bin/../lib/gcc/avr32/4.4.7/../../../../avr32/lib/ucr1\libc.a(lib_a-syscalls.o)
                                 0x18 (size before relaxing)
                0x80009ad8                _lseek
 .text._read    0x80009aec       0x14 c:/program files (x86)/atmel/atmel toolchain/avr32 gcc/native/3.4.1067/avr32-gnu-toolchain/bin/../lib/gcc/avr32/4.4.7/../../../../avr32/lib/ucr1\libc.a(lib_a-syscalls.o)
                                 0x18 (size before relaxing)
                0x80009aec                _read
 .text._write   0x80009b00       0x14 c:/program files (x86)/atmel/atmel toolchain/avr32 gcc/native/3.4.1067/avr32-gnu-toolchain/bin/../lib/gcc/avr32/4.4.7/../../../../avr32/lib/ucr1\libc.a(lib_a-syscalls.o)
                                 0x18 (size before relaxing)
                0x80009b00                _write
 .text.isatty   0x80009b14       0x14 c:/program files (x86)/atmel/atmel toolchain/avr32 gcc/native/3.4.1067/avr32-gnu-toolchain/bin/../lib/gcc/avr32/4.4.7/../../../../avr32/lib/ucr1\libc.a(lib_a-syscalls.o)
                                 0x18 (size before relaxing)
                0x80009b14                isatty
 .text._fstat_host
                0x80009b28       0x14 c:/program files (x86)/atmel/atmel toolchain/avr32 gcc/native/3.4.1067/avr32-gnu-toolchain/bin/../lib/gcc/avr32/4.4.7/../../../../avr32/lib/ucr1\libc.a(lib_a-syscalls.o)
                                 0x18 (size before relaxing)
                0x80009b28                _fstat_host
 .text._fstat   0x80009b3c       0x4c c:/program files (x86)/atmel/atmel toolchain/avr32 gcc/native/3.4.1067/avr32-gnu-toolchain/bin/../lib/gcc/avr32/4.4.7/../../../../avr32/lib/ucr1\libc.a(lib_a-syscalls.o)
                                 0x50 (size before relaxing)
                0x80009b3c                _fstat
 .text._kill    0x80009b88        0x2 c:/program files (x86)/atmel/atmel toolchain/avr32 gcc/native/3.4.1067/avr32-gnu-toolchain/bin/../lib/gcc/avr32/4.4.7/../../../../avr32/lib/ucr1\libc.a(lib_a-syscalls.o)
                0x80009b88                _kill
 .text._getpid  0x80009b8a        0x2 c:/program files (x86)/atmel/atmel toolchain/avr32 gcc/native/3.4.1067/avr32-gnu-toolchain/bin/../lib/gcc/avr32/4.4.7/../../../../avr32/lib/ucr1\libc.a(lib_a-syscalls.o)
                0x80009b8a                _getpid
 .text._sbrk    0x80009b8c       0x38 c:/program files (x86)/atmel/atmel toolchain/avr32 gcc/native/3.4.1067/avr32-gnu-toolchain/bin/../lib/gcc/avr32/4.4.7/../../../../avr32/lib/ucr1\libc.a(lib_a-syscalls.o)
                                 0x40 (size before relaxing)
                0x80009b8c                _sbrk
 .text.get_arg  0x80009bc4      0x318 c:/program files (x86)/atmel/atmel toolchain/avr32 gcc/native/3.4.1067/avr32-gnu-toolchain/bin/../lib/gcc/avr32/4.4.7/../../../../avr32/lib/ucr1\libc.a(lib_a-vfprintf.o)
                                0x324 (size before relaxing)
 .text.__sprint_r
                0x80009edc       0x1c c:/program files (x86)/atmel/atmel toolchain/avr32 gcc/native/3.4.1067/avr32-gnu-toolchain/bin/../lib/gcc/avr32/4.4.7/../../../../avr32/lib/ucr1\libc.a(lib_a-vfprintf.o)
                                 0x20 (size before relaxing)
 .text._vfprintf_r
                0x80009ef8     0x1f1c c:/program files (x86)/atmel/atmel toolchain/avr32 gcc/native/3.4.1067/avr32-gnu-toolchain/bin/../lib/gcc/avr32/4.4.7/../../../../avr32/lib/ucr1\libc.a(lib_a-vfprintf.o)
                               0x1fa4 (size before relaxing)
                0x80009ef8                _vfprintf_r
 .text.__swbuf_r
                0x8000be14       0xa8 c:/program files (x86)/atmel/atmel toolchain/avr32 gcc/native/3.4.1067/avr32-gnu-toolchain/bin/../lib/gcc/avr32/4.4.7/../../../../avr32/lib/ucr1\libc.a(lib_a-wbuf.o)
                                 0xbc (size before relaxing)
                0x8000be14                __swbuf_r
 .text.__swsetup_r
                0x8000bebc       0xdc c:/program files (x86)/atmel/atmel toolchain/avr32 gcc/native/3.4.1067/avr32-gnu-toolchain/bin/../lib/gcc/avr32/4.4.7/../../../../avr32/lib/ucr1\libc.a(lib_a-wsetup.o)
                                 0xe8 (size before relaxing)
                0x8000bebc                __swsetup_r
 .text.quorem   0x8000bf98      0x120 c:/program files (x86)/atmel/atmel toolchain/avr32 gcc/native/3.4.1067/avr32-gnu-toolchain/bin/../lib/gcc/avr32/4.4.7/../../../../avr32/lib/ucr1\libc.a(lib_a-dtoa.o)
                                0x124 (size before relaxing)
 .text._dtoa_r  0x8000c0b8      0xbf8 c:/program files (x86)/atmel/atmel toolchain/avr32 gcc/native/3.4.1067/avr32-gnu-toolchain/bin/../lib/gcc/avr32/4.4.7/../../../../avr32/lib/ucr1\libc.a(lib_a-dtoa.o)
                                0xcac (size before relaxing)
                0x8000c0b8                _dtoa_r
 .text.__errno  0x8000ccb0        0xc c:/program files (x86)/atmel/atmel toolchain/avr32 gcc/native/3.4.1067/avr32-gnu-toolchain/bin/../lib/gcc/avr32/4.4.7/../../../../avr32/lib/ucr1\libc.a(lib_a-errno.o)
                0x8000ccb0                __errno
 .text._fflush_r
                0x8000ccbc      0x108 c:/program files (x86)/atmel/atmel toolchain/avr32 gcc/native/3.4.1067/avr32-gnu-toolchain/bin/../lib/gcc/avr32/4.4.7/../../../../avr32/lib/ucr1\libc.a(lib_a-fflush.o)
                                0x114 (size before relaxing)
                0x8000ccbc                _fflush_r
 .text.__sfp_lock_acquire
                0x8000cdc4        0x2 c:/program files (x86)/atmel/atmel toolchain/avr32 gcc/native/3.4.1067/avr32-gnu-toolchain/bin/../lib/gcc/avr32/4.4.7/../../../../avr32/lib/ucr1\libc.a(lib_a-findfp.o)
                0x8000cdc4                __sfp_lock_acquire
 .text.__sfp_lock_release
                0x8000cdc6        0x2 c:/program files (x86)/atmel/atmel toolchain/avr32 gcc/native/3.4.1067/avr32-gnu-toolchain/bin/../lib/gcc/avr32/4.4.7/../../../../avr32/lib/ucr1\libc.a(lib_a-findfp.o)
                0x8000cdc6                __sfp_lock_release
 .text._cleanup_r
                0x8000cdc8        0xc c:/program files (x86)/atmel/atmel toolchain/avr32 gcc/native/3.4.1067/avr32-gnu-toolchain/bin/../lib/gcc/avr32/4.4.7/../../../../avr32/lib/ucr1\libc.a(lib_a-findfp.o)
                                 0x14 (size before relaxing)
                0x8000cdc8                _cleanup_r
 .text.__sfmoreglue
                0x8000cdd4       0x28 c:/program files (x86)/atmel/atmel toolchain/avr32 gcc/native/3.4.1067/avr32-gnu-toolchain/bin/../lib/gcc/avr32/4.4.7/../../../../avr32/lib/ucr1\libc.a(lib_a-findfp.o)
                                 0x30 (size before relaxing)
                0x8000cdd4                __sfmoreglue
 .text.__sfp    0x8000cdfc       0x6c c:/program files (x86)/atmel/atmel toolchain/avr32 gcc/native/3.4.1067/avr32-gnu-toolchain/bin/../lib/gcc/avr32/4.4.7/../../../../avr32/lib/ucr1\libc.a(lib_a-findfp.o)
                                 0x7c (size before relaxing)
                0x8000cdfc                __sfp
 .text.__sinit  0x8000ce68       0x9c c:/program files (x86)/atmel/atmel toolchain/avr32 gcc/native/3.4.1067/avr32-gnu-toolchain/bin/../lib/gcc/avr32/4.4.7/../../../../avr32/lib/ucr1\libc.a(lib_a-findfp.o)
                                 0xb0 (size before relaxing)
                0x8000ce68                __sinit
 .text._malloc_trim_r
                0x8000cf04       0x98 c:/program files (x86)/atmel/atmel toolchain/avr32 gcc/native/3.4.1067/avr32-gnu-toolchain/bin/../lib/gcc/avr32/4.4.7/../../../../avr32/lib/ucr1\libc.a(lib_a-freer.o)
                                 0xa8 (size before relaxing)
                0x8000cf04                _malloc_trim_r
 .text._free_r  0x8000cf9c      0x188 c:/program files (x86)/atmel/atmel toolchain/avr32 gcc/native/3.4.1067/avr32-gnu-toolchain/bin/../lib/gcc/avr32/4.4.7/../../../../avr32/lib/ucr1\libc.a(lib_a-freer.o)
                                0x19c (size before relaxing)
                0x8000cf9c                _free_r
 .text._fwalk   0x8000d124       0x48 c:/program files (x86)/atmel/atmel toolchain/avr32 gcc/native/3.4.1067/avr32-gnu-toolchain/bin/../lib/gcc/avr32/4.4.7/../../../../avr32/lib/ucr1\libc.a(lib_a-fwalk.o)
                                 0x54 (size before relaxing)
                0x8000d124                _fwalk
 .text._localeconv_r
                0x8000d16c        0x8 c:/program files (x86)/atmel/atmel toolchain/avr32 gcc/native/3.4.1067/avr32-gnu-toolchain/bin/../lib/gcc/avr32/4.4.7/../../../../avr32/lib/ucr1\libc.a(lib_a-locale.o)
                0x8000d16c                _localeconv_r
 .text.__smakebuf_r
                0x8000d174       0xbc c:/program files (x86)/atmel/atmel toolchain/avr32 gcc/native/3.4.1067/avr32-gnu-toolchain/bin/../lib/gcc/avr32/4.4.7/../../../../avr32/lib/ucr1\libc.a(lib_a-makebuf.o)
                                 0xcc (size before relaxing)
                0x8000d174                __smakebuf_r
 .text.__hi0bits
                0x8000d230       0x76 c:/program files (x86)/atmel/atmel toolchain/avr32 gcc/native/3.4.1067/avr32-gnu-toolchain/bin/../lib/gcc/avr32/4.4.7/../../../../avr32/lib/ucr1\libc.a(lib_a-mprec.o)
                0x8000d230                __hi0bits
 .text.__lo0bits
                0x8000d2a6       0x8e c:/program files (x86)/atmel/atmel toolchain/avr32 gcc/native/3.4.1067/avr32-gnu-toolchain/bin/../lib/gcc/avr32/4.4.7/../../../../avr32/lib/ucr1\libc.a(lib_a-mprec.o)
                0x8000d2a6                __lo0bits
 .text.__mcmp   0x8000d334       0x32 c:/program files (x86)/atmel/atmel toolchain/avr32 gcc/native/3.4.1067/avr32-gnu-toolchain/bin/../lib/gcc/avr32/4.4.7/../../../../avr32/lib/ucr1\libc.a(lib_a-mprec.o)
                0x8000d334                __mcmp
 *fill*         0x8000d366        0x2 d703d703
 .text._Bfree   0x8000d368       0x34 c:/program files (x86)/atmel/atmel toolchain/avr32 gcc/native/3.4.1067/avr32-gnu-toolchain/bin/../lib/gcc/avr32/4.4.7/../../../../avr32/lib/ucr1\libc.a(lib_a-mprec.o)
                                 0x38 (size before relaxing)
                0x8000d368                _Bfree
 .text._Balloc  0x8000d39c       0x70 c:/program files (x86)/atmel/atmel toolchain/avr32 gcc/native/3.4.1067/avr32-gnu-toolchain/bin/../lib/gcc/avr32/4.4.7/../../../../avr32/lib/ucr1\libc.a(lib_a-mprec.o)
                                 0x78 (size before relaxing)
                0x8000d39c                _Balloc
 .text.__d2b    0x8000d40c       0xa0 c:/program files (x86)/atmel/atmel toolchain/avr32 gcc/native/3.4.1067/avr32-gnu-toolchain/bin/../lib/gcc/avr32/4.4.7/../../../../avr32/lib/ucr1\libc.a(lib_a-mprec.o)
                                 0xb4 (size before relaxing)
                0x8000d40c                __d2b
 .text.__mdiff  0x8000d4ac       0xd0 c:/program files (x86)/atmel/atmel toolchain/avr32 gcc/native/3.4.1067/avr32-gnu-toolchain/bin/../lib/gcc/avr32/4.4.7/../../../../avr32/lib/ucr1\libc.a(lib_a-mprec.o)
                                 0xd8 (size before relaxing)
                0x8000d4ac                __mdiff
 .text.__lshift
                0x8000d57c       0x88 c:/program files (x86)/atmel/atmel toolchain/avr32 gcc/native/3.4.1067/avr32-gnu-toolchain/bin/../lib/gcc/avr32/4.4.7/../../../../avr32/lib/ucr1\libc.a(lib_a-mprec.o)
                                 0x94 (size before relaxing)
                0x8000d57c                __lshift
 .text.__multiply
                0x8000d604      0x100 c:/program files (x86)/atmel/atmel toolchain/avr32 gcc/native/3.4.1067/avr32-gnu-toolchain/bin/../lib/gcc/avr32/4.4.7/../../../../avr32/lib/ucr1\libc.a(lib_a-mprec.o)
                                0x104 (size before relaxing)
                0x8000d604                __multiply
 .text.__i2b    0x8000d704       0x10 c:/program files (x86)/atmel/atmel toolchain/avr32 gcc/native/3.4.1067/avr32-gnu-toolchain/bin/../lib/gcc/avr32/4.4.7/../../../../avr32/lib/ucr1\libc.a(lib_a-mprec.o)
                                 0x18 (size before relaxing)
                0x8000d704                __i2b
 .text.__multadd
                0x8000d714       0x7c c:/program files (x86)/atmel/atmel toolchain/avr32 gcc/native/3.4.1067/avr32-gnu-toolchain/bin/../lib/gcc/avr32/4.4.7/../../../../avr32/lib/ucr1\libc.a(lib_a-mprec.o)
                                 0x88 (size before relaxing)
                0x8000d714                __multadd
 .text.__pow5mult
                0x8000d790       0x8c c:/program files (x86)/atmel/atmel toolchain/avr32 gcc/native/3.4.1067/avr32-gnu-toolchain/bin/../lib/gcc/avr32/4.4.7/../../../../avr32/lib/ucr1\libc.a(lib_a-mprec.o)
                                 0xac (size before relaxing)
                0x8000d790                __pow5mult
 .text.__isinfd
                0x8000d81c       0x2c c:/program files (x86)/atmel/atmel toolchain/avr32 gcc/native/3.4.1067/avr32-gnu-toolchain/bin/../lib/gcc/avr32/4.4.7/../../../../avr32/lib/ucr1\libc.a(lib_a-s_isinfd.o)
                0x8000d81c                __isinfd
 .text.__isnand
                0x8000d848       0x1e c:/program files (x86)/atmel/atmel toolchain/avr32 gcc/native/3.4.1067/avr32-gnu-toolchain/bin/../lib/gcc/avr32/4.4.7/../../../../avr32/lib/ucr1\libc.a(lib_a-s_isnand.o)
                0x8000d848                __isnand
 *fill*         0x8000d866        0x2 d703d703
 .text.__sclose
                0x8000d868        0x8 c:/program files (x86)/atmel/atmel toolchain/avr32 gcc/native/3.4.1067/avr32-gnu-toolchain/bin/../lib/gcc/avr32/4.4.7/../../../../avr32/lib/ucr1\libc.a(lib_a-stdio.o)
                                 0x10 (size before relaxing)
                0x8000d868                __sclose
 .text.__sseek  0x8000d870       0x20 c:/program files (x86)/atmel/atmel toolchain/avr32 gcc/native/3.4.1067/avr32-gnu-toolchain/bin/../lib/gcc/avr32/4.4.7/../../../../avr32/lib/ucr1\libc.a(lib_a-stdio.o)
                                 0x24 (size before relaxing)
                0x8000d870                __sseek
 .text.__swrite
                0x8000d890       0x2c c:/program files (x86)/atmel/atmel toolchain/avr32 gcc/native/3.4.1067/avr32-gnu-toolchain/bin/../lib/gcc/avr32/4.4.7/../../../../avr32/lib/ucr1\libc.a(lib_a-stdio.o)
                                 0x38 (size before relaxing)
                0x8000d890                __swrite
 .text.__sread  0x8000d8bc       0x1c c:/program files (x86)/atmel/atmel toolchain/avr32 gcc/native/3.4.1067/avr32-gnu-toolchain/bin/../lib/gcc/avr32/4.4.7/../../../../avr32/lib/ucr1\libc.a(lib_a-stdio.o)
                                 0x24 (size before relaxing)
                0x8000d8bc                __sread
 .text._write_r
                0x8000d8d8       0x28 c:/program files (x86)/atmel/atmel toolchain/avr32 gcc/native/3.4.1067/avr32-gnu-toolchain/bin/../lib/gcc/avr32/4.4.7/../../../../avr32/lib/ucr1\libc.a(lib_a-writer.o)
                                 0x2c (size before relaxing)
                0x8000d8d8                _write_r
 .text._calloc_r
                0x8000d900       0x58 c:/program files (x86)/atmel/atmel toolchain/avr32 gcc/native/3.4.1067/avr32-gnu-toolchain/bin/../lib/gcc/avr32/4.4.7/../../../../avr32/lib/ucr1\libc.a(lib_a-callocr.o)
                                 0x60 (size before relaxing)
                0x8000d900                _calloc_r
 .text._close_r
                0x8000d958       0x20 c:/program files (x86)/atmel/atmel toolchain/avr32 gcc/native/3.4.1067/avr32-gnu-toolchain/bin/../lib/gcc/avr32/4.4.7/../../../../avr32/lib/ucr1\libc.a(lib_a-closer.o)
                                 0x28 (size before relaxing)
                0x8000d958                _close_r
 .text._fclose_r
                0x8000d978       0xb8 c:/program files (x86)/atmel/atmel toolchain/avr32 gcc/native/3.4.1067/avr32-gnu-toolchain/bin/../lib/gcc/avr32/4.4.7/../../../../avr32/lib/ucr1\libc.a(lib_a-fclose.o)
                                 0xd0 (size before relaxing)
                0x8000d978                _fclose_r
 .text.fclose   0x8000da30       0x10 c:/program files (x86)/atmel/atmel toolchain/avr32 gcc/native/3.4.1067/avr32-gnu-toolchain/bin/../lib/gcc/avr32/4.4.7/../../../../avr32/lib/ucr1\libc.a(lib_a-fclose.o)
                                 0x18 (size before relaxing)
                0x8000da30                fclose
 .text._fstat_r
                0x8000da40       0x24 c:/program files (x86)/atmel/atmel toolchain/avr32 gcc/native/3.4.1067/avr32-gnu-toolchain/bin/../lib/gcc/avr32/4.4.7/../../../../avr32/lib/ucr1\libc.a(lib_a-fstatr.o)
                                 0x2c (size before relaxing)
                0x8000da40                _fstat_r
 .text._lseek_r
                0x8000da64       0x28 c:/program files (x86)/atmel/atmel toolchain/avr32 gcc/native/3.4.1067/avr32-gnu-toolchain/bin/../lib/gcc/avr32/4.4.7/../../../../avr32/lib/ucr1\libc.a(lib_a-lseekr.o)
                                 0x2c (size before relaxing)
                0x8000da64                _lseek_r
 .text._read_r  0x8000da8c       0x28 c:/program files (x86)/atmel/atmel toolchain/avr32 gcc/native/3.4.1067/avr32-gnu-toolchain/bin/../lib/gcc/avr32/4.4.7/../../../../avr32/lib/ucr1\libc.a(lib_a-readr.o)
                                 0x2c (size before relaxing)
                0x8000da8c                _read_r
 .text          0x8000dab4       0xea c:/program files (x86)/atmel/atmel toolchain/avr32 gcc/native/3.4.1067/avr32-gnu-toolchain/bin/../lib/gcc/avr32/4.4.7/ucr1\libgcc.a(_avr32_s32_to_f64.o)
                0x8000dab4                __avr32_u32_to_f64
                0x8000dabc                __avr32_s32_to_f64
 .text          0x8000db9e       0x28 c:/program files (x86)/atmel/atmel toolchain/avr32 gcc/native/3.4.1067/avr32-gnu-toolchain/bin/../lib/gcc/avr32/4.4.7/ucr1\libgcc.a(_avr32_f64_cmp_eq.o)
                0x8000db9e                __avr32_f64_cmp_eq
 .text          0x8000dbc6       0x6a c:/program files (x86)/atmel/atmel toolchain/avr32 gcc/native/3.4.1067/avr32-gnu-toolchain/bin/../lib/gcc/avr32/4.4.7/ucr1\libgcc.a(_avr32_f64_cmp_ge.o)
                0x8000dbc6                __avr32_f64_cmp_ge
 .text          0x8000dc30       0x6a c:/program files (x86)/atmel/atmel toolchain/avr32 gcc/native/3.4.1067/avr32-gnu-toolchain/bin/../lib/gcc/avr32/4.4.7/ucr1\libgcc.a(_avr32_f64_cmp_lt.o)
                0x8000dc30                __avr32_f64_cmp_lt
 .text          0x8000dc9a      0x288 c:/program files (x86)/atmel/atmel toolchain/avr32 gcc/native/3.4.1067/avr32-gnu-toolchain/bin/../lib/gcc/avr32/4.4.7/ucr1\libgcc.a(_udivdi3.o)
                0x8000dc9a                __avr32_udiv64
                0x8000dc9a                __udivdi3
 .text          0x8000df22      0x22c c:/program files (x86)/atmel/atmel toolchain/avr32 gcc/native/3.4.1067/avr32-gnu-toolchain/bin/../lib/gcc/avr32/4.4.7/ucr1\libgcc.a(_umoddi3.o)
                0x8000df22                __avr32_umod64
                0x8000df22                __umoddi3
 *(.text.*personality*)
 *(.gnu.warning)

.exception      0x8000e200      0x200
 .exception     0x8000e200      0x200 assembler/exception.o
                0x8000e200                _evba
                0x8000e304                _int0
                0x8000e31c                _int1
                0x8000e334                _int2
                0x8000e34c                _int3

.fini
 *(.fini)
                0x8000e400                PROVIDE (__etext, .)
                0x8000e400                PROVIDE (_etext, .)
                0x8000e400                PROVIDE (etext, .)

.rodata         0x8000e400      0xf8c
 *(.rodata .rodata.* .gnu.linkonce.r.*)
 .rodata.str1.4
                0x8000e400       0x8d Segway/Segway.o
                                 0x90 (size before relaxing)
 *fill*         0x8000e48d        0x3 
 .rodata._ZTVSt9bad_alloc
                0x8000e490       0x14 c:/program files (x86)/atmel/atmel toolchain/avr32 gcc/native/3.4.1067/avr32-gnu-toolchain/bin/../lib/gcc/avr32/4.4.7/ucr1\libstdc++.a(new_handler.o)
                0x8000e490                vtable for std::bad_alloc
 .rodata._ZTSSt9bad_alloc
                0x8000e4a4       0x10 c:/program files (x86)/atmel/atmel toolchain/avr32 gcc/native/3.4.1067/avr32-gnu-toolchain/bin/../lib/gcc/avr32/4.4.7/ucr1\libstdc++.a(new_handler.o)
                0x8000e4a4                typeinfo name for std::bad_alloc
 .rodata._ZTISt9bad_alloc
                0x8000e4b4        0xc c:/program files (x86)/atmel/atmel toolchain/avr32 gcc/native/3.4.1067/avr32-gnu-toolchain/bin/../lib/gcc/avr32/4.4.7/ucr1\libstdc++.a(new_handler.o)
                0x8000e4b4                typeinfo for std::bad_alloc
 .rodata.str1.4
                0x8000e4c0        0xf c:/program files (x86)/atmel/atmel toolchain/avr32 gcc/native/3.4.1067/avr32-gnu-toolchain/bin/../lib/gcc/avr32/4.4.7/ucr1\libstdc++.a(new_handler.o)
                                 0x10 (size before relaxing)
 *fill*         0x8000e4cf        0x1 
 .rodata._ZTVN10__cxxabiv120__si_class_type_infoE
                0x8000e4d0       0x2c c:/program files (x86)/atmel/atmel toolchain/avr32 gcc/native/3.4.1067/avr32-gnu-toolchain/bin/../lib/gcc/avr32/4.4.7/ucr1\libstdc++.a(si_class_type_info.o)
                0x8000e4d0                vtable for __cxxabiv1::__si_class_type_info
 .rodata._ZTSN10__cxxabiv120__si_class_type_infoE
                0x8000e4fc       0x28 c:/program files (x86)/atmel/atmel toolchain/avr32 gcc/native/3.4.1067/avr32-gnu-toolchain/bin/../lib/gcc/avr32/4.4.7/ucr1\libstdc++.a(si_class_type_info.o)
                0x8000e4fc                typeinfo name for __cxxabiv1::__si_class_type_info
 .rodata._ZTIN10__cxxabiv120__si_class_type_infoE
                0x8000e524        0xc c:/program files (x86)/atmel/atmel toolchain/avr32 gcc/native/3.4.1067/avr32-gnu-toolchain/bin/../lib/gcc/avr32/4.4.7/ucr1\libstdc++.a(si_class_type_info.o)
                0x8000e524                typeinfo for __cxxabiv1::__si_class_type_info
 .rodata._ZL28read_encoded_value_with_basehjPKhPj
                0x8000e530       0x34 c:/program files (x86)/atmel/atmel toolchain/avr32 gcc/native/3.4.1067/avr32-gnu-toolchain/bin/../lib/gcc/avr32/4.4.7/ucr1\libstdc++.a(eh_personality.o)
 .rodata._ZTVSt13bad_exception
                0x8000e564       0x14 c:/program files (x86)/atmel/atmel toolchain/avr32 gcc/native/3.4.1067/avr32-gnu-toolchain/bin/../lib/gcc/avr32/4.4.7/ucr1\libstdc++.a(eh_exception.o)
                0x8000e564                vtable for std::bad_exception
 .rodata._ZTVSt9exception
                0x8000e578       0x14 c:/program files (x86)/atmel/atmel toolchain/avr32 gcc/native/3.4.1067/avr32-gnu-toolchain/bin/../lib/gcc/avr32/4.4.7/ucr1\libstdc++.a(eh_exception.o)
                0x8000e578                vtable for std::exception
 .rodata._ZTSN10__cxxabiv119__foreign_exceptionE
                0x8000e58c       0x24 c:/program files (x86)/atmel/atmel toolchain/avr32 gcc/native/3.4.1067/avr32-gnu-toolchain/bin/../lib/gcc/avr32/4.4.7/ucr1\libstdc++.a(eh_exception.o)
                0x8000e58c                typeinfo name for __cxxabiv1::__foreign_exception
 .rodata._ZTIN10__cxxabiv119__foreign_exceptionE
                0x8000e5b0        0x8 c:/program files (x86)/atmel/atmel toolchain/avr32 gcc/native/3.4.1067/avr32-gnu-toolchain/bin/../lib/gcc/avr32/4.4.7/ucr1\libstdc++.a(eh_exception.o)
                0x8000e5b0                typeinfo for __cxxabiv1::__foreign_exception
 .rodata._ZTSN10__cxxabiv115__forced_unwindE
                0x8000e5b8       0x20 c:/program files (x86)/atmel/atmel toolchain/avr32 gcc/native/3.4.1067/avr32-gnu-toolchain/bin/../lib/gcc/avr32/4.4.7/ucr1\libstdc++.a(eh_exception.o)
                0x8000e5b8                typeinfo name for __cxxabiv1::__forced_unwind
 .rodata._ZTIN10__cxxabiv115__forced_unwindE
                0x8000e5d8        0x8 c:/program files (x86)/atmel/atmel toolchain/avr32 gcc/native/3.4.1067/avr32-gnu-toolchain/bin/../lib/gcc/avr32/4.4.7/ucr1\libstdc++.a(eh_exception.o)
                0x8000e5d8                typeinfo for __cxxabiv1::__forced_unwind
 .rodata._ZTSSt13bad_exception
                0x8000e5e0       0x14 c:/program files (x86)/atmel/atmel toolchain/avr32 gcc/native/3.4.1067/avr32-gnu-toolchain/bin/../lib/gcc/avr32/4.4.7/ucr1\libstdc++.a(eh_exception.o)
                0x8000e5e0                typeinfo name for std::bad_exception
 .rodata._ZTISt13bad_exception
                0x8000e5f4        0xc c:/program files (x86)/atmel/atmel toolchain/avr32 gcc/native/3.4.1067/avr32-gnu-toolchain/bin/../lib/gcc/avr32/4.4.7/ucr1\libstdc++.a(eh_exception.o)
                0x8000e5f4                typeinfo for std::bad_exception
 .rodata._ZTSSt9exception
                0x8000e600       0x10 c:/program files (x86)/atmel/atmel toolchain/avr32 gcc/native/3.4.1067/avr32-gnu-toolchain/bin/../lib/gcc/avr32/4.4.7/ucr1\libstdc++.a(eh_exception.o)
                0x8000e600                typeinfo name for std::exception
 .rodata._ZTISt9exception
                0x8000e610        0x8 c:/program files (x86)/atmel/atmel toolchain/avr32 gcc/native/3.4.1067/avr32-gnu-toolchain/bin/../lib/gcc/avr32/4.4.7/ucr1\libstdc++.a(eh_exception.o)
                0x8000e610                typeinfo for std::exception
 .rodata.str1.4
                0x8000e618       0x23 c:/program files (x86)/atmel/atmel toolchain/avr32 gcc/native/3.4.1067/avr32-gnu-toolchain/bin/../lib/gcc/avr32/4.4.7/ucr1\libstdc++.a(eh_exception.o)
                                 0x24 (size before relaxing)
 *fill*         0x8000e63b        0x1 
 .rodata._ZTVSt9type_info
                0x8000e63c       0x20 c:/program files (x86)/atmel/atmel toolchain/avr32 gcc/native/3.4.1067/avr32-gnu-toolchain/bin/../lib/gcc/avr32/4.4.7/ucr1\libstdc++.a(tinfo.o)
                0x8000e63c                vtable for std::type_info
 .rodata._ZTSSt9type_info
                0x8000e65c       0x10 c:/program files (x86)/atmel/atmel toolchain/avr32 gcc/native/3.4.1067/avr32-gnu-toolchain/bin/../lib/gcc/avr32/4.4.7/ucr1\libstdc++.a(tinfo.o)
                0x8000e65c                typeinfo name for std::type_info
 .rodata._ZTISt9type_info
                0x8000e66c        0x8 c:/program files (x86)/atmel/atmel toolchain/avr32 gcc/native/3.4.1067/avr32-gnu-toolchain/bin/../lib/gcc/avr32/4.4.7/ucr1\libstdc++.a(tinfo.o)
                0x8000e66c                typeinfo for std::type_info
 .rodata._ZTVN10__cxxabiv117__class_type_infoE
                0x8000e674       0x2c c:/program files (x86)/atmel/atmel toolchain/avr32 gcc/native/3.4.1067/avr32-gnu-toolchain/bin/../lib/gcc/avr32/4.4.7/ucr1\libstdc++.a(class_type_info.o)
                0x8000e674                vtable for __cxxabiv1::__class_type_info
 .rodata._ZTSN10__cxxabiv117__class_type_infoE
                0x8000e6a0       0x24 c:/program files (x86)/atmel/atmel toolchain/avr32 gcc/native/3.4.1067/avr32-gnu-toolchain/bin/../lib/gcc/avr32/4.4.7/ucr1\libstdc++.a(class_type_info.o)
                0x8000e6a0                typeinfo name for __cxxabiv1::__class_type_info
 .rodata._ZTIN10__cxxabiv117__class_type_infoE
                0x8000e6c4        0xc c:/program files (x86)/atmel/atmel toolchain/avr32 gcc/native/3.4.1067/avr32-gnu-toolchain/bin/../lib/gcc/avr32/4.4.7/ucr1\libstdc++.a(class_type_info.o)
                0x8000e6c4                typeinfo for __cxxabiv1::__class_type_info
 .rodata.str1.4
                0x8000e6d0       0x92 c:/program files (x86)/atmel/atmel toolchain/avr32 gcc/native/3.4.1067/avr32-gnu-toolchain/bin/../lib/gcc/avr32/4.4.7/ucr1\libstdc++.a(vterminate.o)
                                 0x94 (size before relaxing)
 *fill*         0x8000e762        0x2 
 .rodata.str1.4
                0x8000e764      0x6a3 c:/program files (x86)/atmel/atmel toolchain/avr32 gcc/native/3.4.1067/avr32-gnu-toolchain/bin/../lib/gcc/avr32/4.4.7/ucr1\libstdc++.a(cp-demangle.o)
                                0x6d0 (size before relaxing)
 *fill*         0x8000ee07        0x1 
 .rodata.str1.4
                0x8000ee08        0x2 c:/program files (x86)/atmel/atmel toolchain/avr32 gcc/native/3.4.1067/avr32-gnu-toolchain/bin/../lib/gcc/avr32/4.4.7/../../../../avr32/lib/ucr1\libc.a(lib_a-impure.o)
                                  0x4 (size before relaxing)
 *fill*         0x8000ee0a        0x2 
 .rodata._global_impure_ptr
                0x8000ee0c        0x4 c:/program files (x86)/atmel/atmel toolchain/avr32 gcc/native/3.4.1067/avr32-gnu-toolchain/bin/../lib/gcc/avr32/4.4.7/../../../../avr32/lib/ucr1\libc.a(lib_a-impure.o)
                0x8000ee0c                _global_impure_ptr
 .rodata.get_arg
                0x8000ee10       0x3c c:/program files (x86)/atmel/atmel toolchain/avr32 gcc/native/3.4.1067/avr32-gnu-toolchain/bin/../lib/gcc/avr32/4.4.7/../../../../avr32/lib/ucr1\libc.a(lib_a-vfprintf.o)
 .rodata._vfprintf_r
                0x8000ee4c      0x164 c:/program files (x86)/atmel/atmel toolchain/avr32 gcc/native/3.4.1067/avr32-gnu-toolchain/bin/../lib/gcc/avr32/4.4.7/../../../../avr32/lib/ucr1\libc.a(lib_a-vfprintf.o)
 .rodata.state_table
                0x8000efb0       0x6c c:/program files (x86)/atmel/atmel toolchain/avr32 gcc/native/3.4.1067/avr32-gnu-toolchain/bin/../lib/gcc/avr32/4.4.7/../../../../avr32/lib/ucr1\libc.a(lib_a-vfprintf.o)
 .rodata.action_table
                0x8000f01c       0x6c c:/program files (x86)/atmel/atmel toolchain/avr32 gcc/native/3.4.1067/avr32-gnu-toolchain/bin/../lib/gcc/avr32/4.4.7/../../../../avr32/lib/ucr1\libc.a(lib_a-vfprintf.o)
 .rodata.str1.4
                0x8000f088       0x3a c:/program files (x86)/atmel/atmel toolchain/avr32 gcc/native/3.4.1067/avr32-gnu-toolchain/bin/../lib/gcc/avr32/4.4.7/../../../../avr32/lib/ucr1\libc.a(lib_a-vfprintf.o)
                                 0x3c (size before relaxing)
 *fill*         0x8000f0c2        0x2 
 .rodata.blanks.3430
                0x8000f0c4       0x10 c:/program files (x86)/atmel/atmel toolchain/avr32 gcc/native/3.4.1067/avr32-gnu-toolchain/bin/../lib/gcc/avr32/4.4.7/../../../../avr32/lib/ucr1\libc.a(lib_a-vfprintf.o)
 .rodata.zeroes.3431
                0x8000f0d4       0x10 c:/program files (x86)/atmel/atmel toolchain/avr32 gcc/native/3.4.1067/avr32-gnu-toolchain/bin/../lib/gcc/avr32/4.4.7/../../../../avr32/lib/ucr1\libc.a(lib_a-vfprintf.o)
 .rodata.chclass
                0x8000f0e4      0x100 c:/program files (x86)/atmel/atmel toolchain/avr32 gcc/native/3.4.1067/avr32-gnu-toolchain/bin/../lib/gcc/avr32/4.4.7/../../../../avr32/lib/ucr1\libc.a(lib_a-vfprintf.o)
 .rodata.str1.4
                0x8000f1e4       0x10 c:/program files (x86)/atmel/atmel toolchain/avr32 gcc/native/3.4.1067/avr32-gnu-toolchain/bin/../lib/gcc/avr32/4.4.7/../../../../avr32/lib/ucr1\libc.a(lib_a-dtoa.o)
                                 0x14 (size before relaxing)
 .rodata.__sf_fake_stdin
                0x8000f1f4       0x20 c:/program files (x86)/atmel/atmel toolchain/avr32 gcc/native/3.4.1067/avr32-gnu-toolchain/bin/../lib/gcc/avr32/4.4.7/../../../../avr32/lib/ucr1\libc.a(lib_a-findfp.o)
                0x8000f1f4                __sf_fake_stdin
 .rodata.__sf_fake_stdout
                0x8000f214       0x20 c:/program files (x86)/atmel/atmel toolchain/avr32 gcc/native/3.4.1067/avr32-gnu-toolchain/bin/../lib/gcc/avr32/4.4.7/../../../../avr32/lib/ucr1\libc.a(lib_a-findfp.o)
                0x8000f214                __sf_fake_stdout
 .rodata.__sf_fake_stderr
                0x8000f234       0x20 c:/program files (x86)/atmel/atmel toolchain/avr32 gcc/native/3.4.1067/avr32-gnu-toolchain/bin/../lib/gcc/avr32/4.4.7/../../../../avr32/lib/ucr1\libc.a(lib_a-findfp.o)
                0x8000f234                __sf_fake_stderr
 .rodata.lconv  0x8000f254       0x30 c:/program files (x86)/atmel/atmel toolchain/avr32 gcc/native/3.4.1067/avr32-gnu-toolchain/bin/../lib/gcc/avr32/4.4.7/../../../../avr32/lib/ucr1\libc.a(lib_a-locale.o)
 .rodata.str1.4
                0x8000f284        0xc c:/program files (x86)/atmel/atmel toolchain/avr32 gcc/native/3.4.1067/avr32-gnu-toolchain/bin/../lib/gcc/avr32/4.4.7/../../../../avr32/lib/ucr1\libc.a(lib_a-locale.o)
                                 0x18 (size before relaxing)
 .rodata.p05.2471
                0x8000f290        0xc c:/program files (x86)/atmel/atmel toolchain/avr32 gcc/native/3.4.1067/avr32-gnu-toolchain/bin/../lib/gcc/avr32/4.4.7/../../../../avr32/lib/ucr1\libc.a(lib_a-mprec.o)
 .rodata.__mprec_tens
                0x8000f29c       0xc8 c:/program files (x86)/atmel/atmel toolchain/avr32 gcc/native/3.4.1067/avr32-gnu-toolchain/bin/../lib/gcc/avr32/4.4.7/../../../../avr32/lib/ucr1\libc.a(lib_a-mprec.o)
                0x8000f29c                __mprec_tens
 .rodata.__mprec_bigtens
                0x8000f364       0x28 c:/program files (x86)/atmel/atmel toolchain/avr32 gcc/native/3.4.1067/avr32-gnu-toolchain/bin/../lib/gcc/avr32/4.4.7/../../../../avr32/lib/ucr1\libc.a(lib_a-mprec.o)
                0x8000f364                __mprec_bigtens

.rodata1
 *(.rodata1)

.eh_frame_hdr
 *(.eh_frame_hdr)

.eh_frame
 *(.eh_frame)

.gcc_except_table
 *(.gcc_except_table)
 *(.gcc_except_table.*)

.dalign         0x8000f38c        0x4
                0x8000f390                . = ALIGN (0x8)
 *fill*         0x8000f38c        0x4 
                0x8000f390                PROVIDE (_data_lma, .)
                0x00000004                PROVIDE (_data, ORIGIN (CPUSRAM))
                0x00000004                . = ORIGIN (CPUSRAM)

.eh_frame
 *(.eh_frame)

.gcc_except_table
                0x00000004       0xbc load address 0x8000f390
 *(.gcc_except_table)
 *(.gcc_except_table.*)
 .gcc_except_table._ZN6SegwayC1Ev
                0x00000004       0x1a Segway/Segway.o
 .gcc_except_table._ZN6SegwayD1Ev
                0x0000001e       0x1a main.o
 .gcc_except_table.main
                0x00000038        0x6 main.o
 .gcc_except_table._ZN9ADCSensor15getIntegerValueEbm
                0x0000003e        0x6 Sensor/ADCSensor.o
 .gcc_except_table._Znwm
                0x00000044       0x14 c:/program files (x86)/atmel/atmel toolchain/avr32 gcc/native/3.4.1067/avr32-gnu-toolchain/bin/../lib/gcc/avr32/4.4.7/ucr1\libstdc++.a(new_op.o)
 .gcc_except_table.__cxa_allocate_exception
                0x00000058       0x10 c:/program files (x86)/atmel/atmel toolchain/avr32 gcc/native/3.4.1067/avr32-gnu-toolchain/bin/../lib/gcc/avr32/4.4.7/ucr1\libstdc++.a(eh_alloc.o)
 .gcc_except_table.__cxa_call_unexpected
                0x00000068       0x10 c:/program files (x86)/atmel/atmel toolchain/avr32 gcc/native/3.4.1067/avr32-gnu-toolchain/bin/../lib/gcc/avr32/4.4.7/ucr1\libstdc++.a(eh_personality.o)
 .gcc_except_table.__gxx_personality_sj0
                0x00000078       0x10 c:/program files (x86)/atmel/atmel toolchain/avr32 gcc/native/3.4.1067/avr32-gnu-toolchain/bin/../lib/gcc/avr32/4.4.7/ucr1\libstdc++.a(eh_personality.o)
 .gcc_except_table._ZN10__cxxabiv111__terminateEPFvvE
                0x00000088       0x10 c:/program files (x86)/atmel/atmel toolchain/avr32 gcc/native/3.4.1067/avr32-gnu-toolchain/bin/../lib/gcc/avr32/4.4.7/ucr1\libstdc++.a(eh_terminate.o)
 .gcc_except_table.__cxa_begin_catch
                0x00000098       0x10 c:/program files (x86)/atmel/atmel toolchain/avr32 gcc/native/3.4.1067/avr32-gnu-toolchain/bin/../lib/gcc/avr32/4.4.7/ucr1\libstdc++.a(eh_catch.o)
 .gcc_except_table._ZN9__gnu_cxx27__verbose_terminate_handlerEv
                0x000000a8       0x18 c:/program files (x86)/atmel/atmel toolchain/avr32 gcc/native/3.4.1067/avr32-gnu-toolchain/bin/../lib/gcc/avr32/4.4.7/ucr1\libstdc++.a(vterminate.o)

.tdata
 *(.tdata .tdata.* .gnu.linkonce.td.*)

.tbss
 *(.tbss .tbss.* .gnu.linkonce.tb.*)
 *(.tcommon)
                0x000000c0                PROVIDE (__preinit_array_start, ALIGN (0x4))

.preinit_array
 *(.preinit_array)
                0x000000c0                PROVIDE (__preinit_array_end, .)
                0x000000c0                PROVIDE (__init_array_start, .)

.init_array
 *(.init_array)
                0x000000c0                PROVIDE (__init_array_end, .)
                0x000000c0                PROVIDE (__fini_array_start, .)

.fini_array
 *(.fini_array)
                0x000000c0                PROVIDE (__fini_array_end, .)

.ctors          0x000000c0        0x4 load address 0x8000f44c
 *crtbegin*.o(.ctors)
 *(EXCLUDE_FILE(*crtend*.o) .ctors)
 .ctors         0x000000c0        0x4 c:/program files (x86)/atmel/atmel toolchain/avr32 gcc/native/3.4.1067/avr32-gnu-toolchain/bin/../lib/gcc/avr32/4.4.7/ucr1\libstdc++.a(eh_alloc.o)
 *(SORT(.ctors.*))
 *(.ctors)

.dtors
 *crtbegin*.o(.dtors)
 *(EXCLUDE_FILE(*crtend*.o) .dtors)
 *(SORT(.dtors.*))
 *(.dtors)

.jcr
 *(.jcr)

.data.rel.ro
 *(.data.rel.ro.local)
 *(.data.rel.ro*)

.dynamic
 *(.dynamic)

.got
 *(.got.plt)
 *(.got)

.data           0x000000c4      0x520 load address 0x8000f450
 *(.data .data.* .gnu.linkonce.d.*)
 .data          0x000000c4        0x8 Segway/Segway.o
                0x000000c4                Segway::MYAVR32_GPIO_ADDRESS
                0x000000c8                Segway::BLUETOOTH_NAME
 .data          0x000000cc        0x8 main.o
                0x000000cc                MYAVR32_PM_ADDRESS
                0x000000d0                MYAVR32_INTC_ADDRESS
 .data          0x000000d4        0x4 UART/UART.o
                0x000000d4                UART::MYAVR32_GPIO_ADDRESS
 .data._ZN10__cxxabiv120__unexpected_handlerE
                0x000000d8        0x4 c:/program files (x86)/atmel/atmel toolchain/avr32 gcc/native/3.4.1067/avr32-gnu-toolchain/bin/../lib/gcc/avr32/4.4.7/ucr1\libstdc++.a(eh_unex_handler.o)
                0x000000d8                __cxxabiv1::__unexpected_handler
 .data._ZN10__cxxabiv119__terminate_handlerE
                0x000000dc        0x4 c:/program files (x86)/atmel/atmel toolchain/avr32 gcc/native/3.4.1067/avr32-gnu-toolchain/bin/../lib/gcc/avr32/4.4.7/ucr1\libstdc++.a(eh_term_handler.o)
                0x000000dc                __cxxabiv1::__terminate_handler
 .data.impure_data
                0x000000e0       0xf0 c:/program files (x86)/atmel/atmel toolchain/avr32 gcc/native/3.4.1067/avr32-gnu-toolchain/bin/../lib/gcc/avr32/4.4.7/../../../../avr32/lib/ucr1\libc.a(lib_a-impure.o)
 .data._impure_ptr
                0x000001d0        0x4 c:/program files (x86)/atmel/atmel toolchain/avr32 gcc/native/3.4.1067/avr32-gnu-toolchain/bin/../lib/gcc/avr32/4.4.7/../../../../avr32/lib/ucr1\libc.a(lib_a-impure.o)
                0x000001d0                _impure_ptr
 .data.__malloc_av_
                0x000001d4      0x408 c:/program files (x86)/atmel/atmel toolchain/avr32 gcc/native/3.4.1067/avr32-gnu-toolchain/bin/../lib/gcc/avr32/4.4.7/../../../../avr32/lib/ucr1\libc.a(lib_a-mallocr.o)
                0x000001d4                __malloc_av_
 .data.__malloc_trim_threshold
                0x000005dc        0x4 c:/program files (x86)/atmel/atmel toolchain/avr32 gcc/native/3.4.1067/avr32-gnu-toolchain/bin/../lib/gcc/avr32/4.4.7/../../../../avr32/lib/ucr1\libc.a(lib_a-mallocr.o)
                0x000005dc                __malloc_trim_threshold
 .data.__malloc_sbrk_base
                0x000005e0        0x4 c:/program files (x86)/atmel/atmel toolchain/avr32 gcc/native/3.4.1067/avr32-gnu-toolchain/bin/../lib/gcc/avr32/4.4.7/../../../../avr32/lib/ucr1\libc.a(lib_a-mallocr.o)
                0x000005e0                __malloc_sbrk_base
 *(.gnu.linkonce.d.*personality*)

.data1
 *(.data1)

.balign         0x000005e4        0x4 load address 0x8000f970
                0x000005e8                . = ALIGN (0x8)
 *fill*         0x000005e4        0x4 
                0x000005e8                _edata = .
                0x000005e8                _edata = .
                0x000005e8                PROVIDE (edata, .)
                0x000005e8                __bss_start = .

.bss            0x000005e8      0x9b0 load address 0x8000f970
 *(.dynbss)
 *(.bss .bss.* .gnu.linkonce.b.*)
 .bss           0x000005e8        0x4 Segway/Segway.o
 .bss           0x000005ec      0x150 Configuration/Configuration.o
                0x000005ec                Configuration::Timer_Channel
                0x000005ed                Configuration::Timer_Clock_Connection
                0x000005f0                Configuration::leftPWMConfig
                0x000005fc                Configuration::rightPWMConfig
                0x00000608                Configuration::Motor_enabledPinEnabledValue
                0x00000609                Configuration::Motor_enabledPinPort
                0x0000060c                Configuration::Motor_enabledPinPin
                0x00000610                Configuration::rightMotorConfig
                0x00000620                Configuration::leftMotorConfig
                0x00000630                Configuration::footSwitchConfig
                0x0000063c                Configuration::ADC_Internal_Clock
                0x00000640                Configuration::ADC_gpioMultiplexData
                0x000006a0                Configuration::orientationAccelerometerConfig
                0x000006b0                Configuration::orientationGyrometerConfig
                0x000006c0                Configuration::orientationGyrometerReferenceConfig
                0x000006d0                Configuration::steeringPotentiometerConfig
                0x000006e0                Configuration::batteryVoltageSensorConfig
                0x000006f0                Configuration::bluetoothUARTConfig
                0x00000704                Configuration::rs232UARTConfig
                0x00000718                Configuration::Oscillator_Freq
                0x0000071c                Configuration::CPUCLK
                0x00000720                Configuration::PBACLK
                0x00000724                Configuration::PWMCLK
                0x00000728                Configuration::ADCCLK
                0x0000072c                Configuration::redStatusLEDConfig
                0x00000734                Configuration::greenStatusLEDConfig
 .bss           0x0000073c        0x4 main.o
                0x0000073c                mySegway
 .bss.__new_handler
                0x00000740        0x4 c:/program files (x86)/atmel/atmel toolchain/avr32 gcc/native/3.4.1067/avr32-gnu-toolchain/bin/../lib/gcc/avr32/4.4.7/ucr1\libstdc++.a(new_handler.o)
                0x00000740                __new_handler
 .bss._ZL14emergency_used
                0x00000744        0x4 c:/program files (x86)/atmel/atmel toolchain/avr32 gcc/native/3.4.1067/avr32-gnu-toolchain/bin/../lib/gcc/avr32/4.4.7/ucr1\libstdc++.a(eh_alloc.o)
 .bss._ZL16emergency_buffer
                0x00000748      0x800 c:/program files (x86)/atmel/atmel toolchain/avr32 gcc/native/3.4.1067/avr32-gnu-toolchain/bin/../lib/gcc/avr32/4.4.7/ucr1\libstdc++.a(eh_alloc.o)
 .bss._ZL10eh_globals
                0x00000f48        0x8 c:/program files (x86)/atmel/atmel toolchain/avr32 gcc/native/3.4.1067/avr32-gnu-toolchain/bin/../lib/gcc/avr32/4.4.7/ucr1\libstdc++.a(eh_globals.o)
 .bss._ZZN9__gnu_cxx27__verbose_terminate_handlerEvE11terminating
                0x00000f50        0x1 c:/program files (x86)/atmel/atmel toolchain/avr32 gcc/native/3.4.1067/avr32-gnu-toolchain/bin/../lib/gcc/avr32/4.4.7/ucr1\libstdc++.a(vterminate.o)
 *fill*         0x00000f51        0x3 
 .bss           0x00000f54        0x4 c:/program files (x86)/atmel/atmel toolchain/avr32 gcc/native/3.4.1067/avr32-gnu-toolchain/bin/../lib/gcc/avr32/4.4.7/ucr1\libgcc.a(unwind-sjlj.o)
 .bss.__malloc_max_total_mem
                0x00000f58        0x4 c:/program files (x86)/atmel/atmel toolchain/avr32 gcc/native/3.4.1067/avr32-gnu-toolchain/bin/../lib/gcc/avr32/4.4.7/../../../../avr32/lib/ucr1\libc.a(lib_a-mallocr.o)
                0x00000f58                __malloc_max_total_mem
 .bss.__malloc_max_sbrked_mem
                0x00000f5c        0x4 c:/program files (x86)/atmel/atmel toolchain/avr32 gcc/native/3.4.1067/avr32-gnu-toolchain/bin/../lib/gcc/avr32/4.4.7/../../../../avr32/lib/ucr1\libc.a(lib_a-mallocr.o)
                0x00000f5c                __malloc_max_sbrked_mem
 .bss.__malloc_top_pad
                0x00000f60        0x4 c:/program files (x86)/atmel/atmel toolchain/avr32 gcc/native/3.4.1067/avr32-gnu-toolchain/bin/../lib/gcc/avr32/4.4.7/../../../../avr32/lib/ucr1\libc.a(lib_a-mallocr.o)
                0x00000f60                __malloc_top_pad
 .bss.__malloc_current_mallinfo
                0x00000f64       0x28 c:/program files (x86)/atmel/atmel toolchain/avr32 gcc/native/3.4.1067/avr32-gnu-toolchain/bin/../lib/gcc/avr32/4.4.7/../../../../avr32/lib/ucr1\libc.a(lib_a-mallocr.o)